Archive member included to satisfy reference by file (symbol)

e:/application/siliconlabs/simplicitystudio/v5/developer/toolchains/gnu_arm/12.2.rel1_2023.7/bin/../lib/gcc/arm-none-eabi/12.2.1/thumb/v8-m.main+fp/hard\libgcc.a(_aeabi_ldivmod.o)
                              CMakeFiles/slc_blink_kernel_freertos.dir/default_config/C_/Users/sucut/SimplicityStudio/SDKs/simplicity_sdk/platform/emlib/src/em_eusart.c.obj (__aeabi_ldivmod)
e:/application/siliconlabs/simplicitystudio/v5/developer/toolchains/gnu_arm/12.2.rel1_2023.7/bin/../lib/gcc/arm-none-eabi/12.2.1/thumb/v8-m.main+fp/hard\libgcc.a(_aeabi_uldivmod.o)
                              CMakeFiles/slc_blink_kernel_freertos.dir/default_config/C_/Users/sucut/SimplicityStudio/SDKs/simplicity_sdk/platform/emlib/src/em_eusart.c.obj (__aeabi_uldivmod)
e:/application/siliconlabs/simplicitystudio/v5/developer/toolchains/gnu_arm/12.2.rel1_2023.7/bin/../lib/gcc/arm-none-eabi/12.2.1/thumb/v8-m.main+fp/hard\libgcc.a(_udivmoddi4.o)
                              e:/application/siliconlabs/simplicitystudio/v5/developer/toolchains/gnu_arm/12.2.rel1_2023.7/bin/../lib/gcc/arm-none-eabi/12.2.1/thumb/v8-m.main+fp/hard\libgcc.a(_aeabi_ldivmod.o) (__udivmoddi4)
e:/application/siliconlabs/simplicitystudio/v5/developer/toolchains/gnu_arm/12.2.rel1_2023.7/bin/../lib/gcc/arm-none-eabi/12.2.1/thumb/v8-m.main+fp/hard\libgcc.a(_dvmd_tls.o)
                              e:/application/siliconlabs/simplicitystudio/v5/developer/toolchains/gnu_arm/12.2.rel1_2023.7/bin/../lib/gcc/arm-none-eabi/12.2.1/thumb/v8-m.main+fp/hard\libgcc.a(_aeabi_ldivmod.o) (__aeabi_ldiv0)
e:/application/siliconlabs/simplicitystudio/v5/developer/toolchains/gnu_arm/12.2.rel1_2023.7/bin/../lib/gcc/arm-none-eabi/12.2.1/thumb/v8-m.main+fp/hard\libc_nano.a(libc_a-exit.o)
                              e:/application/siliconlabs/simplicitystudio/v5/developer/toolchains/gnu_arm/12.2.rel1_2023.7/bin/../lib/gcc/arm-none-eabi/12.2.1/thumb/v8-m.main+fp/hard/crt0.o (exit)
e:/application/siliconlabs/simplicitystudio/v5/developer/toolchains/gnu_arm/12.2.rel1_2023.7/bin/../lib/gcc/arm-none-eabi/12.2.1/thumb/v8-m.main+fp/hard\libc_nano.a(libc_a-ctype_.o)
                              CMakeFiles/slc_blink_kernel_freertos.dir/default_config/C_/Users/sucut/SimplicityStudio/SDKs/simplicity_sdk/platform/common/src/sl_string.c.obj (_ctype_)
e:/application/siliconlabs/simplicitystudio/v5/developer/toolchains/gnu_arm/12.2.rel1_2023.7/bin/../lib/gcc/arm-none-eabi/12.2.1/thumb/v8-m.main+fp/hard\libc_nano.a(libc_a-findfp.o)
                              e:/application/siliconlabs/simplicitystudio/v5/developer/toolchains/gnu_arm/12.2.rel1_2023.7/bin/../lib/gcc/arm-none-eabi/12.2.1/thumb/v8-m.main+fp/hard\libc_nano.a(libc_a-exit.o) (__stdio_exit_handler)
e:/application/siliconlabs/simplicitystudio/v5/developer/toolchains/gnu_arm/12.2.rel1_2023.7/bin/../lib/gcc/arm-none-eabi/12.2.1/thumb/v8-m.main+fp/hard\libc_nano.a(libc_a-fwalk.o)
                              e:/application/siliconlabs/simplicitystudio/v5/developer/toolchains/gnu_arm/12.2.rel1_2023.7/bin/../lib/gcc/arm-none-eabi/12.2.1/thumb/v8-m.main+fp/hard\libc_nano.a(libc_a-findfp.o) (_fwalk_sglue)
e:/application/siliconlabs/simplicitystudio/v5/developer/toolchains/gnu_arm/12.2.rel1_2023.7/bin/../lib/gcc/arm-none-eabi/12.2.1/thumb/v8-m.main+fp/hard\libc_nano.a(libc_a-setvbuf.o)
                              CMakeFiles/slc_blink_kernel_freertos.dir/default_config/a046823c0096e77a854dfb5ad6ce9b7f/simplicity_sdk/platform/service/iostream/src/sl_iostream_stdlib_config.c.obj (setvbuf)
e:/application/siliconlabs/simplicitystudio/v5/developer/toolchains/gnu_arm/12.2.rel1_2023.7/bin/../lib/gcc/arm-none-eabi/12.2.1/thumb/v8-m.main+fp/hard\libc_nano.a(libc_a-snprintf.o)
                              CMakeFiles/slc_blink_kernel_freertos.dir/default_config/E_/CODE/Silicon_Labs/blink_kernel_freertos_20dBm/blink.c.obj (snprintf)
e:/application/siliconlabs/simplicitystudio/v5/developer/toolchains/gnu_arm/12.2.rel1_2023.7/bin/../lib/gcc/arm-none-eabi/12.2.1/thumb/v8-m.main+fp/hard\libc_nano.a(libc_a-stdio.o)
                              e:/application/siliconlabs/simplicitystudio/v5/developer/toolchains/gnu_arm/12.2.rel1_2023.7/bin/../lib/gcc/arm-none-eabi/12.2.1/thumb/v8-m.main+fp/hard\libc_nano.a(libc_a-findfp.o) (__sread)
e:/application/siliconlabs/simplicitystudio/v5/developer/toolchains/gnu_arm/12.2.rel1_2023.7/bin/../lib/gcc/arm-none-eabi/12.2.1/thumb/v8-m.main+fp/hard\libc_nano.a(libc_a-vprintf.o)
                              CMakeFiles/slc_blink_kernel_freertos.dir/default_config/C_/Users/sucut/SimplicityStudio/SDKs/simplicity_sdk/platform/service/iostream/src/sl_iostream.c.obj (vprintf)
e:/application/siliconlabs/simplicitystudio/v5/developer/toolchains/gnu_arm/12.2.rel1_2023.7/bin/../lib/gcc/arm-none-eabi/12.2.1/thumb/v8-m.main+fp/hard\libc_nano.a(libc_a-memset.o)
[...]
Memory Configuration

Name             Origin             Length             Attributes
FLASH            0x08000000         0x0017e000         xr
RAM              0x20000000         0x00040000         xrw
*default*        0x00000000         0xffffffff

Linker script and memory map

LOAD e:/application/siliconlabs/simplicitystudio/v5/developer/toolchains/gnu_arm/12.2.rel1_2023.7/bin/../lib/gcc/arm-none-eabi/12.2.1/thumb/v8-m.main+fp/hard/crti.o
LOAD e:/application/siliconlabs/simplicitystudio/v5/developer/toolchains/gnu_arm/12.2.rel1_2023.7/bin/../lib/gcc/arm-none-eabi/12.2.1/thumb/v8-m.main+fp/hard/crtbegin.o
LOAD e:/application/siliconlabs/simplicitystudio/v5/developer/toolchains/gnu_arm/12.2.rel1_2023.7/bin/../lib/gcc/arm-none-eabi/12.2.1/thumb/v8-m.main+fp/hard/crt0.o
LOAD CMakeFiles/slc_blink_kernel_freertos.dir/default_config/C_/Users/sucut/SimplicityStudio/SDKs/simplicity_sdk/app/common/util/app_log/app_log.c.obj
LOAD CMakeFiles/slc_blink_kernel_freertos.dir/default_config/C_/Users/sucut/SimplicityStudio/SDKs/simplicity_sdk/hardware/board/src/sl_board_control_gpio.c.obj
LOAD CMakeFiles/slc_blink_kernel_freertos.dir/default_config/C_/Users/sucut/SimplicityStudio/SDKs/simplicity_sdk/hardware/board/src/sl_board_init.c.obj
LOAD CMakeFiles/slc_blink_kernel_freertos.dir/default_config/C_/Users/sucut/SimplicityStudio/SDKs/simplicity_sdk/hardware/driver/configuration_over_swo/src/sl_cos.c.obj
LOAD CMakeFiles/slc_blink_kernel_freertos.dir/default_config/f970b2a607f651a1b95fb3fe544e2f0a/src/sl_mx25_flash_shutdown_eusart/sl_mx25_flash_shutdown.c.obj
LOAD CMakeFiles/slc_blink_kernel_freertos.dir/default_config/C_/Users/sucut/SimplicityStudio/SDKs/simplicity_sdk/platform/CMSIS/RTOS2/Source/os_systick.c.obj
LOAD CMakeFiles/slc_blink_kernel_freertos.dir/default_config/C_/Users/sucut/SimplicityStudio/SDKs/simplicity_sdk/platform/common/src/sl_assert.c.obj
LOAD CMakeFiles/slc_blink_kernel_freertos.dir/default_config/C_/Users/sucut/SimplicityStudio/SDKs/simplicity_sdk/platform/common/src/sl_cmsis_os2_common.c.obj
LOAD CMakeFiles/slc_blink_kernel_freertos.dir/default_config/C_/Users/sucut/SimplicityStudio/SDKs/simplicity_sdk/platform/common/src/sl_core_cortexm.c.obj
LOAD CMakeFiles/slc_blink_kernel_freertos.dir/default_config/C_/Users/sucut/SimplicityStudio/SDKs/simplicity_sdk/platform/common/src/sl_slist.c.obj
LOAD CMakeFiles/slc_blink_kernel_freertos.dir/default_config/C_/Users/sucut/SimplicityStudio/SDKs/simplicity_sdk/platform/common/src/sl_string.c.obj
LOAD CMakeFiles/slc_blink_kernel_freertos.dir/default_config/C_/Users/sucut/SimplicityStudio/SDKs/simplicity_sdk/platform/common/src/sl_syscalls.c.obj
LOAD CMakeFiles/slc_blink_kernel_freertos.dir/default_config/C_/Users/sucut/SimplicityStudio/SDKs/simplicity_sdk/platform/common/src/sli_cmsis_os2_ext_task_register.c.obj
LOAD CMakeFiles/slc_blink_kernel_freertos.dir/default_config/027a1a93217453c231a8cd2b3502e33c/platform/Device/SiliconLabs/EFR32MG24/Source/startup_efr32mg24.c.obj
LOAD CMakeFiles/slc_blink_kernel_freertos.dir/default_config/027a1a93217453c231a8cd2b3502e33c/platform/Device/SiliconLabs/EFR32MG24/Source/system_efr32mg24.c.obj
LOAD CMakeFiles/slc_blink_kernel_freertos.dir/default_config/C_/Users/sucut/SimplicityStudio/SDKs/simplicity_sdk/platform/driver/button/src/sl_button.c.obj
LOAD CMakeFiles/slc_blink_kernel_freertos.dir/default_config/C_/Users/sucut/SimplicityStudio/SDKs/simplicity_sdk/platform/driver/button/src/sl_simple_button.c.obj
LOAD CMakeFiles/slc_blink_kernel_freertos.dir/default_config/C_/Users/sucut/SimplicityStudio/SDKs/simplicity_sdk/platform/driver/debug/src/sl_debug_swo.c.obj
LOAD CMakeFiles/slc_blink_kernel_freertos.dir/default_config/C_/Users/sucut/SimplicityStudio/SDKs/simplicity_sdk/platform/driver/gpio/src/sl_gpio.c.obj
LOAD CMakeFiles/slc_blink_kernel_freertos.dir/default_config/C_/Users/sucut/SimplicityStudio/SDKs/simplicity_sdk/platform/driver/leddrv/src/sl_led.c.obj
LOAD CMakeFiles/slc_blink_kernel_freertos.dir/default_config/C_/Users/sucut/SimplicityStudio/SDKs/simplicity_sdk/platform/driver/leddrv/src/sl_simple_led.c.obj
LOAD CMakeFiles/slc_blink_kernel_freertos.dir/default_config/C_/Users/sucut/SimplicityStudio/SDKs/simplicity_sdk/platform/emdrv/dmadrv/src/dmadrv.c.obj
LOAD CMakeFiles/slc_blink_kernel_freertos.dir/default_config/C_/Users/sucut/SimplicityStudio/SDKs/simplicity_sdk/platform/emdrv/uartdrv/src/uartdrv.c.obj
LOAD CMakeFiles/slc_blink_kernel_freertos.dir/default_config/C_/Users/sucut/SimplicityStudio/SDKs/simplicity_sdk/platform/emlib/src/em_burtc.c.obj
LOAD CMakeFiles/slc_blink_kernel_freertos.dir/default_config/C_/Users/sucut/SimplicityStudio/SDKs/simplicity_sdk/platform/emlib/src/em_cmu.c.obj
LOAD CMakeFiles/slc_blink_kernel_freertos.dir/default_config/C_/Users/sucut/SimplicityStudio/SDKs/simplicity_sdk/platform/emlib/src/em_emu.c.obj
LOAD CMakeFiles/slc_blink_kernel_freertos.dir/default_config/C_/Users/sucut/SimplicityStudio/SDKs/simplicity_sdk/platform/emlib/src/em_eusart.c.obj
LOAD CMakeFiles/slc_blink_kernel_freertos.dir/default_config/C_/Users/sucut/SimplicityStudio/SDKs/simplicity_sdk/platform/emlib/src/em_gpio.c.obj
LOAD CMakeFiles/slc_blink_kernel_freertos.dir/default_config/C_/Users/sucut/SimplicityStudio/SDKs/simplicity_sdk/platform/emlib/src/em_ldma.c.obj
LOAD CMakeFiles/slc_blink_kernel_freertos.dir/default_config/C_/Users/sucut/SimplicityStudio/SDKs/simplicity_sdk/platform/emlib/src/em_msc.c.obj
LOAD CMakeFiles/slc_blink_kernel_freertos.dir/default_config/C_/Users/sucut/SimplicityStudio/SDKs/simplicity_sdk/platform/emlib/src/em_prs.c.obj
LOAD CMakeFiles/slc_blink_kernel_freertos.dir/default_config/C_/Users/sucut/SimplicityStudio/SDKs/simplicity_sdk/platform/emlib/src/em_system.c.obj
LOAD CMakeFiles/slc_blink_kernel_freertos.dir/default_config/C_/Users/sucut/SimplicityStudio/SDKs/simplicity_sdk/platform/emlib/src/em_timer.c.obj
LOAD CMakeFiles/slc_blink_kernel_freertos.dir/default_config/C_/Users/sucut/SimplicityStudio/SDKs/simplicity_sdk/platform/emlib/src/em_usart.c.obj
LOAD CMakeFiles/slc_blink_kernel_freertos.dir/default_config/C_/Users/sucut/SimplicityStudio/SDKs/simplicity_sdk/platform/peripheral/src/sl_hal_eusart.c.obj
LOAD CMakeFiles/slc_blink_kernel_freertos.dir/default_config/C_/Users/sucut/SimplicityStudio/SDKs/simplicity_sdk/platform/peripheral/src/sl_hal_gpio.c.obj
LOAD CMakeFiles/slc_blink_kernel_freertos.dir/default_config/C_/Users/sucut/SimplicityStudio/SDKs/simplicity_sdk/platform/peripheral/src/sl_hal_prs.c.obj
LOAD CMakeFiles/slc_blink_kernel_freertos.dir/default_config/C_/Users/sucut/SimplicityStudio/SDKs/simplicity_sdk/platform/peripheral/src/sl_hal_sysrtc.c.obj
LOAD CMakeFiles/slc_blink_kernel_freertos.dir/default_config/C_/Users/sucut/SimplicityStudio/SDKs/simplicity_sdk/platform/service/clock_manager/src/sl_clock_manager.c.obj
LOAD CMakeFiles/slc_blink_kernel_freertos.dir/default_config/027a1a93217453c231a8cd2b3502e33c/platform/service/clock_manager/src/sl_clock_manager_hal_s2.c.obj
LOAD CMakeFiles/slc_blink_kernel_freertos.dir/default_config/027a1a93217453c231a8cd2b3502e33c/platform/service/clock_manager/src/sl_clock_manager_init.c.obj
LOAD CMakeFiles/slc_blink_kernel_freertos.dir/default_config/027a1a93217453c231a8cd2b3502e33c/platform/service/clock_manager/src/sl_clock_manager_init_hal_s2.c.obj
LOAD CMakeFiles/slc_blink_kernel_freertos.dir/default_config/a046823c0096e77a854dfb5ad6ce9b7f/simplicity_sdk/platform/service/device_init/src/sl_device_init_dcdc_s2.c.obj
LOAD CMakeFiles/slc_blink_kernel_freertos.dir/default_config/a046823c0096e77a854dfb5ad6ce9b7f/simplicity_sdk/platform/service/device_init/src/sl_device_init_emu_s2.c.obj
LOAD CMakeFiles/slc_blink_kernel_freertos.dir/default_config/027a1a93217453c231a8cd2b3502e33c/platform/service/device_manager/clocks/sl_device_clock_efr32xg24.c.obj
LOAD CMakeFiles/slc_blink_kernel_freertos.dir/default_config/d598a3705e05bd75805a3085a3aa77ce/service/device_manager/devices/sl_device_peripheral_hal_efr32xg24.c.obj
LOAD CMakeFiles/slc_blink_kernel_freertos.dir/default_config/C_/Users/sucut/SimplicityStudio/SDKs/simplicity_sdk/platform/service/device_manager/src/sl_device_clock.c.obj
LOAD CMakeFiles/slc_blink_kernel_freertos.dir/default_config/C_/Users/sucut/SimplicityStudio/SDKs/simplicity_sdk/platform/service/device_manager/src/sl_device_gpio.c.obj
LOAD CMakeFiles/slc_blink_kernel_freertos.dir/default_config/027a1a93217453c231a8cd2b3502e33c/platform/service/device_manager/src/sl_device_peripheral.c.obj
LOAD CMakeFiles/slc_blink_kernel_freertos.dir/default_config/027a1a93217453c231a8cd2b3502e33c/platform/service/interrupt_manager/src/sl_interrupt_manager_cortexm.c.obj
LOAD CMakeFiles/slc_blink_kernel_freertos.dir/default_config/C_/Users/sucut/SimplicityStudio/SDKs/simplicity_sdk/platform/service/iostream/src/sl_iostream.c.obj
LOAD CMakeFiles/slc_blink_kernel_freertos.dir/default_config/C_/Users/sucut/SimplicityStudio/SDKs/simplicity_sdk/platform/service/iostream/src/sl_iostream_eusart.c.obj
LOAD CMakeFiles/slc_blink_kernel_freertos.dir/default_config/027a1a93217453c231a8cd2b3502e33c/platform/service/iostream/src/sl_iostream_retarget_stdio.c.obj
LOAD CMakeFiles/slc_blink_kernel_freertos.dir/default_config/a046823c0096e77a854dfb5ad6ce9b7f/simplicity_sdk/platform/service/iostream/src/sl_iostream_stdlib_config.c.obj
LOAD CMakeFiles/slc_blink_kernel_freertos.dir/default_config/C_/Users/sucut/SimplicityStudio/SDKs/simplicity_sdk/platform/service/iostream/src/sl_iostream_uart.c.obj
LOAD CMakeFiles/slc_blink_kernel_freertos.dir/default_config/a046823c0096e77a854dfb5ad6ce9b7f/simplicity_sdk/platform/service/memory_manager/src/sl_memory_manager.c.obj
LOAD CMakeFiles/slc_blink_kernel_freertos.dir/default_config/d598a3705e05bd75805a3085a3aa77ce/service/memory_manager/src/sl_memory_manager_dynamic_reservation.c.obj
LOAD CMakeFiles/slc_blink_kernel_freertos.dir/default_config/027a1a93217453c231a8cd2b3502e33c/platform/service/memory_manager/src/sl_memory_manager_pool.c.obj
LOAD CMakeFiles/slc_blink_kernel_freertos.dir/default_config/027a1a93217453c231a8cd2b3502e33c/platform/service/memory_manager/src/sl_memory_manager_pool_common.c.obj
LOAD CMakeFiles/slc_blink_kernel_freertos.dir/default_config/027a1a93217453c231a8cd2b3502e33c/platform/service/memory_manager/src/sl_memory_manager_region.c.obj
LOAD CMakeFiles/slc_blink_kernel_freertos.dir/default_config/027a1a93217453c231a8cd2b3502e33c/platform/service/memory_manager/src/sl_memory_manager_retarget.c.obj
LOAD CMakeFiles/slc_blink_kernel_freertos.dir/default_config/027a1a93217453c231a8cd2b3502e33c/platform/service/memory_manager/src/sli_memory_manager_common.c.obj
LOAD CMakeFiles/slc_blink_kernel_freertos.dir/default_config/C_/Users/sucut/SimplicityStudio/SDKs/simplicity_sdk/platform/service/sl_main/src/rtos/main_retarget.c.obj
LOAD CMakeFiles/slc_blink_kernel_freertos.dir/default_config/C_/Users/sucut/SimplicityStudio/SDKs/simplicity_sdk/platform/service/sl_main/src/sl_main_init.c.obj
LOAD CMakeFiles/slc_blink_kernel_freertos.dir/default_config/C_/Users/sucut/SimplicityStudio/SDKs/simplicity_sdk/platform/service/sl_main/src/sl_main_init_memory.c.obj
LOAD CMakeFiles/slc_blink_kernel_freertos.dir/default_config/C_/Users/sucut/SimplicityStudio/SDKs/simplicity_sdk/platform/service/sl_main/src/sl_main_kernel.c.obj
LOAD CMakeFiles/slc_blink_kernel_freertos.dir/default_config/C_/Users/sucut/SimplicityStudio/SDKs/simplicity_sdk/platform/service/sleeptimer/src/sl_sleeptimer.c.obj
LOAD CMakeFiles/slc_blink_kernel_freertos.dir/default_config/a046823c0096e77a854dfb5ad6ce9b7f/simplicity_sdk/platform/service/sleeptimer/src/sl_sleeptimer_hal_burtc.c.obj
LOAD CMakeFiles/slc_blink_kernel_freertos.dir/default_config/027a1a93217453c231a8cd2b3502e33c/platform/service/sleeptimer/src/sl_sleeptimer_hal_sysrtc.c.obj
LOAD CMakeFiles/slc_blink_kernel_freertos.dir/default_config/a046823c0096e77a854dfb5ad6ce9b7f/simplicity_sdk/platform/service/sleeptimer/src/sl_sleeptimer_hal_timer.c.obj
LOAD CMakeFiles/slc_blink_kernel_freertos.dir/default_config/C_/Users/sucut/SimplicityStudio/SDKs/simplicity_sdk/platform/service/udelay/src/sl_udelay.c.obj
LOAD CMakeFiles/slc_blink_kernel_freertos.dir/default_config/C_/Users/sucut/SimplicityStudio/SDKs/simplicity_sdk/platform/service/udelay/src/sl_udelay_armv6m_gcc.S.obj
LOAD CMakeFiles/slc_blink_kernel_freertos.dir/default_config/C_/Users/sucut/SimplicityStudio/SDKs/simplicity_sdk/util/third_party/freertos/cmsis/Source/cmsis_os2.c.obj
LOAD CMakeFiles/slc_blink_kernel_freertos.dir/default_config/C_/Users/sucut/SimplicityStudio/SDKs/simplicity_sdk/util/third_party/freertos/kernel/croutine.c.obj
LOAD CMakeFiles/slc_blink_kernel_freertos.dir/default_config/C_/Users/sucut/SimplicityStudio/SDKs/simplicity_sdk/util/third_party/freertos/kernel/event_groups.c.obj
LOAD CMakeFiles/slc_blink_kernel_freertos.dir/default_config/C_/Users/sucut/SimplicityStudio/SDKs/simplicity_sdk/util/third_party/freertos/kernel/list.c.obj
LOAD CMakeFiles/slc_blink_kernel_freertos.dir/default_config/08a89bcf7fb7c0960a234c2f3072a411/kernel/portable/GCC/ARM_CM33_NTZ/non_secure/mpu_wrappers_v2_asm.c.obj
LOAD CMakeFiles/slc_blink_kernel_freertos.dir/default_config/d5e3434797ae300c975c46faf963ea08/third_party/freertos/kernel/portable/GCC/ARM_CM33_NTZ/non_secure/port.c.obj
LOAD CMakeFiles/slc_blink_kernel_freertos.dir/default_config/2a8c273aa7d51dce1cee7a39c8d2c379/freertos/kernel/portable/GCC/ARM_CM33_NTZ/non_secure/portasm.c.obj
LOAD CMakeFiles/slc_blink_kernel_freertos.dir/default_config/027a1a93217453c231a8cd2b3502e33c/util/third_party/freertos/kernel/portable/MemMang/heap_3.c.obj
LOAD CMakeFiles/slc_blink_kernel_freertos.dir/default_config/C_/Users/sucut/SimplicityStudio/SDKs/simplicity_sdk/util/third_party/freertos/kernel/queue.c.obj
LOAD CMakeFiles/slc_blink_kernel_freertos.dir/default_config/C_/Users/sucut/SimplicityStudio/SDKs/simplicity_sdk/util/third_party/freertos/kernel/stream_buffer.c.obj
LOAD CMakeFiles/slc_blink_kernel_freertos.dir/default_config/C_/Users/sucut/SimplicityStudio/SDKs/simplicity_sdk/util/third_party/freertos/kernel/tasks.c.obj
LOAD CMakeFiles/slc_blink_kernel_freertos.dir/default_config/C_/Users/sucut/SimplicityStudio/SDKs/simplicity_sdk/util/third_party/freertos/kernel/timers.c.obj
LOAD CMakeFiles/slc_blink_kernel_freertos.dir/default_config/E_/CODE/Silicon_Labs/blink_kernel_freertos_20dBm/app.c.obj
LOAD CMakeFiles/slc_blink_kernel_freertos.dir/default_config/E_/CODE/Silicon_Labs/blink_kernel_freertos_20dBm/autogen/sl_board_default_init.c.obj
LOAD CMakeFiles/slc_blink_kernel_freertos.dir/default_config/E_/CODE/Silicon_Labs/blink_kernel_freertos_20dBm/autogen/sl_event_handler.c.obj
LOAD CMakeFiles/slc_blink_kernel_freertos.dir/default_config/E_/CODE/Silicon_Labs/blink_kernel_freertos_20dBm/autogen/sl_iostream_handles.c.obj
LOAD CMakeFiles/slc_blink_kernel_freertos.dir/default_config/E_/CODE/Silicon_Labs/blink_kernel_freertos_20dBm/autogen/sl_iostream_init_eusart_instances.c.obj
LOAD CMakeFiles/slc_blink_kernel_freertos.dir/default_config/E_/CODE/Silicon_Labs/blink_kernel_freertos_20dBm/autogen/sl_simple_button_instances.c.obj
LOAD CMakeFiles/slc_blink_kernel_freertos.dir/default_config/E_/CODE/Silicon_Labs/blink_kernel_freertos_20dBm/autogen/sl_simple_led_instances.c.obj
LOAD CMakeFiles/slc_blink_kernel_freertos.dir/default_config/E_/CODE/Silicon_Labs/blink_kernel_freertos_20dBm/autogen/sl_uartdrv_init.c.obj
LOAD CMakeFiles/slc_blink_kernel_freertos.dir/default_config/E_/CODE/Silicon_Labs/blink_kernel_freertos_20dBm/blink.c.obj
LOAD CMakeFiles/slc_blink_kernel_freertos.dir/default_config/E_/CODE/Silicon_Labs/blink_kernel_freertos_20dBm/main.c.obj
LOAD CMakeFiles/slc_blink_kernel_freertos.dir/default_config/E_/CODE/Silicon_Labs/blink_kernel_freertos_20dBm/zmy_led.c.obj
LOAD CMakeFiles/slc_blink_kernel_freertos.dir/default_config/E_/CODE/Silicon_Labs/blink_kernel_freertos_20dBm/zmy_queue/my_queue.c.obj
START GROUP
LOAD e:/application/siliconlabs/simplicitystudio/v5/developer/toolchains/gnu_arm/12.2.rel1_2023.7/bin/../lib/gcc/arm-none-eabi/12.2.1/thumb/v8-m.main+fp/hard\libgcc.a
LOAD e:/application/siliconlabs/simplicitystudio/v5/developer/toolchains/gnu_arm/12.2.rel1_2023.7/bin/../lib/gcc/arm-none-eabi/12.2.1/thumb/v8-m.main+fp/hard\libc_nano.a
LOAD e:/application/siliconlabs/simplicitystudio/v5/developer/toolchains/gnu_arm/12.2.rel1_2023.7/bin/../lib/gcc/arm-none-eabi/12.2.1/thumb/v8-m.main+fp/hard\libm.a
LOAD e:/application/siliconlabs/simplicitystudio/v5/developer/toolchains/gnu_arm/12.2.rel1_2023.7/bin/../lib/gcc/arm-none-eabi/12.2.1/thumb/v8-m.main+fp/hard\libnosys.a
END GROUP
START GROUP
LOAD e:/application/siliconlabs/simplicitystudio/v5/developer/toolchains/gnu_arm/12.2.rel1_2023.7/bin/../lib/gcc/arm-none-eabi/12.2.1/thumb/v8-m.main+fp/hard\libgcc.a
LOAD e:/application/siliconlabs/simplicitystudio/v5/developer/toolchains/gnu_arm/12.2.rel1_2023.7/bin/../lib/gcc/arm-none-eabi/12.2.1/thumb/v8-m.main+fp/hard\libc_nano.a
END GROUP
START GROUP
LOAD e:/application/siliconlabs/simplicitystudio/v5/developer/toolchains/gnu_arm/12.2.rel1_2023.7/bin/../lib/gcc/arm-none-eabi/12.2.1/thumb/v8-m.main+fp/hard\libgcc.a
LOAD e:/application/siliconlabs/simplicitystudio/v5/developer/toolchains/gnu_arm/12.2.rel1_2023.7/bin/../lib/gcc/arm-none-eabi/12.2.1/thumb/v8-m.main+fp/hard\libc_nano.a
END GROUP
LOAD e:/application/siliconlabs/simplicitystudio/v5/developer/toolchains/gnu_arm/12.2.rel1_2023.7/bin/../lib/gcc/arm-none-eabi/12.2.1/thumb/v8-m.main+fp/hard/crtend.o
LOAD e:/application/siliconlabs/simplicitystudio/v5/developer/toolchains/gnu_arm/12.2.rel1_2023.7/bin/../lib/gcc/arm-none-eabi/12.2.1/thumb/v8-m.main+fp/hard/crtn.o

.vectors        0x08000000      0x170
                0x08000000                linker_vectors_begin = .
 *(.vectors)
 .vectors       0x08000000      0x170 CMakeFiles/slc_blink_kernel_freertos.dir/default_config/027a1a93217453c231a8cd2b3502e33c/platform/Device/SiliconLabs/EFR32MG24/Source/startup_efr32mg24.c.obj
                0x08000000                __Vectors
                0x08000170                linker_vectors_end = .
                0x08000170                __Vectors_End = .
                0x08000170                __Vectors_Size = (__Vectors_End - __Vectors)

.stack          0x20000000      0x400
                0x20000000                . = ALIGN (0x8)
                0x20000000                __StackLimit = .
 *(.stack*)
 .stack         0x20000000      0x400 CMakeFiles/slc_blink_kernel_freertos.dir/default_config/027a1a93217453c231a8cd2b3502e33c/platform/service/memory_manager/src/sl_memory_manager_region.c.obj
                0x20000400                . = ALIGN (0x4)
                0x20000400                __StackTop = .
                0x20000400                PROVIDE (__stack = __StackTop)

.bss            0x20000400     0x1bd4
                0x20000400                . = ALIGN (0x4)
                0x20000400                __bss_start__ = .
 *(SORT_BY_ALIGNMENT(.bss*))
 .bss.object.0  0x20000400       0x18 e:/application/siliconlabs/simplicitystudio/v5/developer/toolchains/gnu_arm/12.2.rel1_2023.7/bin/../lib/gcc/arm-none-eabi/12.2.1/thumb/v8-m.main+fp/hard/crtbegin.o
 .bss.app_log_iostream
                0x20000418        0x4 CMakeFiles/slc_blink_kernel_freertos.dir/default_config/C_/Users/sucut/SimplicityStudio/SDKs/simplicity_sdk/app/common/util/app_log/app_log.c.obj
                0x20000418                app_log_iostream
 .bss.uartdrv_handle
                0x2000041c        0x4 CMakeFiles/slc_blink_kernel_freertos.dir/default_config/C_/Users/sucut/SimplicityStudio/SDKs/simplicity_sdk/hardware/driver/configuration_over_swo/src/sl_cos.c.obj
 .bss.gpio_interrupts
                0x20000420      0x168 CMakeFiles/slc_blink_kernel_freertos.dir/default_config/C_/Users/sucut/SimplicityStudio/SDKs/simplicity_sdk/platform/driver/gpio/src/sl_gpio.c.obj
 .bss.dmaXfer   0x20000588      0x100 CMakeFiles/slc_blink_kernel_freertos.dir/default_config/C_/Users/sucut/SimplicityStudio/SDKs/simplicity_sdk/platform/emdrv/dmadrv/src/dmadrv.c.obj
 .bss.chTable   0x20000688       0x80 CMakeFiles/slc_blink_kernel_freertos.dir/default_config/C_/Users/sucut/SimplicityStudio/SDKs/simplicity_sdk/platform/emdrv/dmadrv/src/dmadrv.c.obj
 .bss.uartdrvHandle
                0x20000708       0x10 CMakeFiles/slc_blink_kernel_freertos.dir/default_config/C_/Users/sucut/SimplicityStudio/SDKs/simplicity_sdk/platform/emdrv/uartdrv/src/uartdrv.c.obj
 .bss.sli_iostream_default
                0x20000718        0x4 CMakeFiles/slc_blink_kernel_freertos.dir/default_config/C_/Users/sucut/SimplicityStudio/SDKs/simplicity_sdk/platform/service/iostream/src/sl_iostream.c.obj
 .bss.sli_iostream_system_default
                0x2000071c        0x4 CMakeFiles/slc_blink_kernel_freertos.dir/default_config/C_/Users/sucut/SimplicityStudio/SDKs/simplicity_sdk/platform/service/iostream/src/sl_iostream.c.obj
 .bss.sli_general_purpose_heap
                0x20000720       0x28 CMakeFiles/slc_blink_kernel_freertos.dir/default_config/a046823c0096e77a854dfb5ad6ce9b7f/simplicity_sdk/platform/service/memory_manager/src/sl_memory_manager.c.obj
                0x20000720                sli_general_purpose_heap
 .bss.start_task_id
                0x20000748        0x4 CMakeFiles/slc_blink_kernel_freertos.dir/default_config/C_/Users/sucut/SimplicityStudio/SDKs/simplicity_sdk/platform/service/sl_main/src/sl_main_kernel.c.obj
                0x20000748                start_task_id
 .bss.max_millisecond_conversion
                0x2000074c        0x4 CMakeFiles/slc_blink_kernel_freertos.dir/default_config/C_/Users/sucut/SimplicityStudio/SDKs/simplicity_sdk/platform/service/sleeptimer/src/sl_sleeptimer.c.obj
 .bss.last_delta_update_count
                0x20000750        0x4 CMakeFiles/slc_blink_kernel_freertos.dir/default_config/C_/Users/sucut/SimplicityStudio/SDKs/simplicity_sdk/platform/service/sleeptimer/src/sl_sleeptimer.c.obj
 .bss.timer_head
                0x20000754        0x4 CMakeFiles/slc_blink_kernel_freertos.dir/default_config/C_/Users/sucut/SimplicityStudio/SDKs/simplicity_sdk/platform/service/sleeptimer/src/sl_sleeptimer.c.obj
 .bss.timer_frequency
                0x20000758        0x4 CMakeFiles/slc_blink_kernel_freertos.dir/default_config/C_/Users/sucut/SimplicityStudio/SDKs/simplicity_sdk/platform/service/sleeptimer/src/sl_sleeptimer.c.obj
 .bss.overflow_counter
                0x2000075c        0x4 CMakeFiles/slc_blink_kernel_freertos.dir/default_config/C_/Users/sucut/SimplicityStudio/SDKs/simplicity_sdk/platform/service/sleeptimer/src/sl_sleeptimer.c.obj
 .bss.Timer_Stack.0
                0x20000760      0x280 CMakeFiles/slc_blink_kernel_freertos.dir/default_config/C_/Users/sucut/SimplicityStudio/SDKs/simplicity_sdk/util/third_party/freertos/cmsis/Source/cmsis_os2.c.obj
 .bss.Timer_TCB.1
                0x200009e0       0x60 CMakeFiles/slc_blink_kernel_freertos.dir/default_config/C_/Users/sucut/SimplicityStudio/SDKs/simplicity_sdk/util/third_party/freertos/cmsis/Source/cmsis_os2.c.obj
 .bss.Idle_Stack.2
                0x20000a40      0x280 CMakeFiles/slc_blink_kernel_freertos.dir/default_config/C_/Users/sucut/SimplicityStudio/SDKs/simplicity_sdk/util/third_party/freertos/cmsis/Source/cmsis_os2.c.obj
 .bss.Idle_TCB.3
                0x20000cc0       0x60 CMakeFiles/slc_blink_kernel_freertos.dir/default_config/C_/Users/sucut/SimplicityStudio/SDKs/simplicity_sdk/util/third_party/freertos/cmsis/Source/cmsis_os2.c.obj
 .bss.KernelState
                0x20000d20        0x4 CMakeFiles/slc_blink_kernel_freertos.dir/default_config/C_/Users/sucut/SimplicityStudio/SDKs/simplicity_sdk/util/third_party/freertos/cmsis/Source/cmsis_os2.c.obj
 .bss.ulMaxPRIGROUPValue
                0x20000d24        0x4 CMakeFiles/slc_blink_kernel_freertos.dir/default_config/d5e3434797ae300c975c46faf963ea08/third_party/freertos/kernel/portable/GCC/ARM_CM33_NTZ/non_secure/port.c.obj
 .bss.xQueueRegistry
                0x20000d28       0x50 CMakeFiles/slc_blink_kernel_freertos.dir/default_config/C_/Users/sucut/SimplicityStudio/SDKs/simplicity_sdk/util/third_party/freertos/kernel/queue.c.obj
                0x20000d28                xQueueRegistry
 .bss.uxSchedulerSuspended
                0x20000d78        0x4 CMakeFiles/slc_blink_kernel_freertos.dir/default_config/C_/Users/sucut/SimplicityStudio/SDKs/simplicity_sdk/util/third_party/freertos/kernel/tasks.c.obj
 .bss.xIdleTaskHandles
                0x20000d7c        0x4 CMakeFiles/slc_blink_kernel_freertos.dir/default_config/C_/Users/sucut/SimplicityStudio/SDKs/simplicity_sdk/util/third_party/freertos/kernel/tasks.c.obj
 .bss.xNextTaskUnblockTime
                0x20000d80        0x4 CMakeFiles/slc_blink_kernel_freertos.dir/default_config/C_/Users/sucut/SimplicityStudio/SDKs/simplicity_sdk/util/third_party/freertos/kernel/tasks.c.obj
 .bss.uxTaskNumber
                0x20000d84        0x4 CMakeFiles/slc_blink_kernel_freertos.dir/default_config/C_/Users/sucut/SimplicityStudio/SDKs/simplicity_sdk/util/third_party/freertos/kernel/tasks.c.obj
 .bss.xNumOfOverflows
                0x20000d88        0x4 CMakeFiles/slc_blink_kernel_freertos.dir/default_config/C_/Users/sucut/SimplicityStudio/SDKs/simplicity_sdk/util/third_party/freertos/kernel/tasks.c.obj
 .bss.xYieldPendings
                0x20000d8c        0x4 CMakeFiles/slc_blink_kernel_freertos.dir/default_config/C_/Users/sucut/SimplicityStudio/SDKs/simplicity_sdk/util/third_party/freertos/kernel/tasks.c.obj
 .bss.xPendedTicks
                0x20000d90        0x4 CMakeFiles/slc_blink_kernel_freertos.dir/default_config/C_/Users/sucut/SimplicityStudio/SDKs/simplicity_sdk/util/third_party/freertos/kernel/tasks.c.obj
 .bss.xSchedulerRunning
                0x20000d94        0x4 CMakeFiles/slc_blink_kernel_freertos.dir/default_config/C_/Users/sucut/SimplicityStudio/SDKs/simplicity_sdk/util/third_party/freertos/kernel/tasks.c.obj
 .bss.uxTopReadyPriority
                0x20000d98        0x4 CMakeFiles/slc_blink_kernel_freertos.dir/default_config/C_/Users/sucut/SimplicityStudio/SDKs/simplicity_sdk/util/third_party/freertos/kernel/tasks.c.obj
 .bss.xTickCount
                0x20000d9c        0x4 CMakeFiles/slc_blink_kernel_freertos.dir/default_config/C_/Users/sucut/SimplicityStudio/SDKs/simplicity_sdk/util/third_party/freertos/kernel/tasks.c.obj
 .bss.uxCurrentNumberOfTasks
                0x20000da0        0x4 CMakeFiles/slc_blink_kernel_freertos.dir/default_config/C_/Users/sucut/SimplicityStudio/SDKs/simplicity_sdk/util/third_party/freertos/kernel/tasks.c.obj
 .bss.xSuspendedTaskList
                0x20000da4       0x14 CMakeFiles/slc_blink_kernel_freertos.dir/default_config/C_/Users/sucut/SimplicityStudio/SDKs/simplicity_sdk/util/third_party/freertos/kernel/tasks.c.obj
 .bss.uxDeletedTasksWaitingCleanUp
                0x20000db8        0x4 CMakeFiles/slc_blink_kernel_freertos.dir/default_config/C_/Users/sucut/SimplicityStudio/SDKs/simplicity_sdk/util/third_party/freertos/kernel/tasks.c.obj
 .bss.xTasksWaitingTermination
                0x20000dbc       0x14 CMakeFiles/slc_blink_kernel_freertos.dir/default_config/C_/Users/sucut/SimplicityStudio/SDKs/simplicity_sdk/util/third_party/freertos/kernel/tasks.c.obj
 .bss.xPendingReadyList
                0x20000dd0       0x14 CMakeFiles/slc_blink_kernel_freertos.dir/default_config/C_/Users/sucut/SimplicityStudio/SDKs/simplicity_sdk/util/third_party/freertos/kernel/tasks.c.obj
 .bss.pxOverflowDelayedTaskList
                0x20000de4        0x4 CMakeFiles/slc_blink_kernel_freertos.dir/default_config/C_/Users/sucut/SimplicityStudio/SDKs/simplicity_sdk/util/third_party/freertos/kernel/tasks.c.obj
 .bss.pxDelayedTaskList
                0x20000de8        0x4 CMakeFiles/slc_blink_kernel_freertos.dir/default_config/C_/Users/sucut/SimplicityStudio/SDKs/simplicity_sdk/util/third_party/freertos/kernel/tasks.c.obj
 .bss.xDelayedTaskList2
                0x20000dec       0x14 CMakeFiles/slc_blink_kernel_freertos.dir/default_config/C_/Users/sucut/SimplicityStudio/SDKs/simplicity_sdk/util/third_party/freertos/kernel/tasks.c.obj
 .bss.xDelayedTaskList1
                0x20000e00       0x14 CMakeFiles/slc_blink_kernel_freertos.dir/default_config/C_/Users/sucut/SimplicityStudio/SDKs/simplicity_sdk/util/third_party/freertos/kernel/tasks.c.obj
 .bss.pxReadyTasksLists
                0x20000e14      0x460 CMakeFiles/slc_blink_kernel_freertos.dir/default_config/C_/Users/sucut/SimplicityStudio/SDKs/simplicity_sdk/util/third_party/freertos/kernel/tasks.c.obj
 .bss.pxCurrentTCB
                0x20001274        0x4 CMakeFiles/slc_blink_kernel_freertos.dir/default_config/C_/Users/sucut/SimplicityStudio/SDKs/simplicity_sdk/util/third_party/freertos/kernel/tasks.c.obj
                0x20001274                pxCurrentTCB
 .bss.xLastTime.0
                0x20001278        0x4 CMakeFiles/slc_blink_kernel_freertos.dir/default_config/C_/Users/sucut/SimplicityStudio/SDKs/simplicity_sdk/util/third_party/freertos/kernel/timers.c.obj
 .bss.xStaticTimerQueue.1
                0x2000127c       0x50 CMakeFiles/slc_blink_kernel_freertos.dir/default_config/C_/Users/sucut/SimplicityStudio/SDKs/simplicity_sdk/util/third_party/freertos/kernel/timers.c.obj
 .bss.xTimerTaskHandle
                0x200012cc        0x4 CMakeFiles/slc_blink_kernel_freertos.dir/default_config/C_/Users/sucut/SimplicityStudio/SDKs/simplicity_sdk/util/third_party/freertos/kernel/timers.c.obj
 .bss.xTimerQueue
                0x200012d0        0x4 CMakeFiles/slc_blink_kernel_freertos.dir/default_config/C_/Users/sucut/SimplicityStudio/SDKs/simplicity_sdk/util/third_party/freertos/kernel/timers.c.obj
 .bss.pxOverflowTimerList
                0x200012d4        0x4 CMakeFiles/slc_blink_kernel_freertos.dir/default_config/C_/Users/sucut/SimplicityStudio/SDKs/simplicity_sdk/util/third_party/freertos/kernel/timers.c.obj
 .bss.pxCurrentTimerList
                0x200012d8        0x4 CMakeFiles/slc_blink_kernel_freertos.dir/default_config/C_/Users/sucut/SimplicityStudio/SDKs/simplicity_sdk/util/third_party/freertos/kernel/timers.c.obj
 .bss.xActiveTimerList2
                0x200012dc       0x14 CMakeFiles/slc_blink_kernel_freertos.dir/default_config/C_/Users/sucut/SimplicityStudio/SDKs/simplicity_sdk/util/third_party/freertos/kernel/timers.c.obj
 .bss.xActiveTimerList1
                0x200012f0       0x14 CMakeFiles/slc_blink_kernel_freertos.dir/default_config/C_/Users/sucut/SimplicityStudio/SDKs/simplicity_sdk/util/third_party/freertos/kernel/timers.c.obj
 .bss.sl_iostream_recommended_console_stream
                0x20001304        0x4 CMakeFiles/slc_blink_kernel_freertos.dir/default_config/E_/CODE/Silicon_Labs/blink_kernel_freertos_20dBm/autogen/sl_iostream_handles.c.obj
                0x20001304                sl_iostream_recommended_console_stream
 .bss.context_vcom
                0x20001308      0x180 CMakeFiles/slc_blink_kernel_freertos.dir/default_config/E_/CODE/Silicon_Labs/blink_kernel_freertos_20dBm/autogen/sl_iostream_init_eusart_instances.c.obj
 .bss.sl_iostream_vcom
                0x20001488       0x24 CMakeFiles/slc_blink_kernel_freertos.dir/default_config/E_/CODE/Silicon_Labs/blink_kernel_freertos_20dBm/autogen/sl_iostream_init_eusart_instances.c.obj
 .bss.sli_uartdrv_default_handle
                0x200014ac        0x4 CMakeFiles/slc_blink_kernel_freertos.dir/default_config/E_/CODE/Silicon_Labs/blink_kernel_freertos_20dBm/autogen/sl_uartdrv_init.c.obj
 .bss.sl_uartdrv_eusart_exp_handle_data
                0x200014b0       0x64 CMakeFiles/slc_blink_kernel_freertos.dir/default_config/E_/CODE/Silicon_Labs/blink_kernel_freertos_20dBm/autogen/sl_uartdrv_init.c.obj
                0x200014b0                sl_uartdrv_eusart_exp_handle_data
 .bss.xTaskBuffer3.0
                0x20001514       0x60 CMakeFiles/slc_blink_kernel_freertos.dir/default_config/E_/CODE/Silicon_Labs/blink_kernel_freertos_20dBm/blink.c.obj
 .bss.xStack3.1
                0x20001574      0x280 CMakeFiles/slc_blink_kernel_freertos.dir/default_config/E_/CODE/Silicon_Labs/blink_kernel_freertos_20dBm/blink.c.obj
 .bss.xTaskBuffer2.2
                0x200017f4       0x60 CMakeFiles/slc_blink_kernel_freertos.dir/default_config/E_/CODE/Silicon_Labs/blink_kernel_freertos_20dBm/blink.c.obj
 .bss.xStack2.3
                0x20001854      0x280 CMakeFiles/slc_blink_kernel_freertos.dir/default_config/E_/CODE/Silicon_Labs/blink_kernel_freertos_20dBm/blink.c.obj
 .bss.xTaskBuffer.4
                0x20001ad4       0x60 CMakeFiles/slc_blink_kernel_freertos.dir/default_config/E_/CODE/Silicon_Labs/blink_kernel_freertos_20dBm/blink.c.obj
 .bss.xStack.5  0x20001b34      0x280 CMakeFiles/slc_blink_kernel_freertos.dir/default_config/E_/CODE/Silicon_Labs/blink_kernel_freertos_20dBm/blink.c.obj
 .bss.uart_mutex
                0x20001db4        0x4 CMakeFiles/slc_blink_kernel_freertos.dir/default_config/E_/CODE/Silicon_Labs/blink_kernel_freertos_20dBm/blink.c.obj
 .bss.blink_semaphore
                0x20001db8        0x4 CMakeFiles/slc_blink_kernel_freertos.dir/default_config/E_/CODE/Silicon_Labs/blink_kernel_freertos_20dBm/blink.c.obj
 .bss.myQueue   0x20001dbc        0x4 CMakeFiles/slc_blink_kernel_freertos.dir/default_config/E_/CODE/Silicon_Labs/blink_kernel_freertos_20dBm/zmy_queue/my_queue.c.obj
                0x20001dbc                myQueue
 .bss.__sf      0x20001dc0      0x138 e:/application/siliconlabs/simplicitystudio/v5/developer/toolchains/gnu_arm/12.2.rel1_2023.7/bin/../lib/gcc/arm-none-eabi/12.2.1/thumb/v8-m.main+fp/hard\libc_nano.a(libc_a-findfp.o)
                0x20001dc0                __sf
 .bss.__stdio_exit_handler
                0x20001ef8        0x4 e:/application/siliconlabs/simplicitystudio/v5/developer/toolchains/gnu_arm/12.2.rel1_2023.7/bin/../lib/gcc/arm-none-eabi/12.2.1/thumb/v8-m.main+fp/hard\libc_nano.a(libc_a-findfp.o)
                0x20001ef8                __stdio_exit_handler
 .bss.errno     0x20001efc        0x4 e:/application/siliconlabs/simplicitystudio/v5/developer/toolchains/gnu_arm/12.2.rel1_2023.7/bin/../lib/gcc/arm-none-eabi/12.2.1/thumb/v8-m.main+fp/hard\libc_nano.a(libc_a-reent.o)
                0x20001efc                errno
 .bss.completed.1
                0x20001f00        0x1 e:/application/siliconlabs/simplicitystudio/v5/developer/toolchains/gnu_arm/12.2.rel1_2023.7/bin/../lib/gcc/arm-none-eabi/12.2.1/thumb/v8-m.main+fp/hard/crtbegin.o
 .bss.level_mask_enabled
                0x20001f01        0x1 CMakeFiles/slc_blink_kernel_freertos.dir/default_config/C_/Users/sucut/SimplicityStudio/SDKs/simplicity_sdk/app/common/util/app_log/app_log.c.obj
 .bss.register_count.0
                0x20001f02        0x1 CMakeFiles/slc_blink_kernel_freertos.dir/default_config/C_/Users/sucut/SimplicityStudio/SDKs/simplicity_sdk/platform/common/src/sli_cmsis_os2_ext_task_register.c.obj
 .bss.initialized
                0x20001f03        0x1 CMakeFiles/slc_blink_kernel_freertos.dir/default_config/C_/Users/sucut/SimplicityStudio/SDKs/simplicity_sdk/platform/emdrv/dmadrv/src/dmadrv.c.obj
 .bss.uartdrvHandleIsInitialized
                0x20001f04        0x1 CMakeFiles/slc_blink_kernel_freertos.dir/default_config/C_/Users/sucut/SimplicityStudio/SDKs/simplicity_sdk/platform/emdrv/uartdrv/src/uartdrv.c.obj
 .bss.pclkDiv   0x20001f05        0x1 CMakeFiles/slc_blink_kernel_freertos.dir/default_config/C_/Users/sucut/SimplicityStudio/SDKs/simplicity_sdk/platform/emlib/src/em_cmu.c.obj
 .bss.vScaleEM01Config
                0x20001f06        0x1 CMakeFiles/slc_blink_kernel_freertos.dir/default_config/C_/Users/sucut/SimplicityStudio/SDKs/simplicity_sdk/platform/emlib/src/em_emu.c.obj
 .bss.dali_rx_nb_packets
                0x20001f07        0x2 CMakeFiles/slc_blink_kernel_freertos.dir/default_config/C_/Users/sucut/SimplicityStudio/SDKs/simplicity_sdk/platform/emlib/src/em_eusart.c.obj
 .bss.dali_tx_nb_packets
                0x20001f09        0x2 CMakeFiles/slc_blink_kernel_freertos.dir/default_config/C_/Users/sucut/SimplicityStudio/SDKs/simplicity_sdk/platform/emlib/src/em_eusart.c.obj
 .bss.is_interrupt_manager_initialized
                0x20001f0b        0x1 CMakeFiles/slc_blink_kernel_freertos.dir/default_config/027a1a93217453c231a8cd2b3502e33c/platform/service/interrupt_manager/src/sl_interrupt_manager_cortexm.c.obj
 .bss.null_byte
                0x20001f0c        0x1 CMakeFiles/slc_blink_kernel_freertos.dir/default_config/C_/Users/sucut/SimplicityStudio/SDKs/simplicity_sdk/platform/service/iostream/src/sl_iostream_uart.c.obj
 .bss.sleep_on_isr_exit
                0x20001f0d        0x1 CMakeFiles/slc_blink_kernel_freertos.dir/default_config/C_/Users/sucut/SimplicityStudio/SDKs/simplicity_sdk/platform/service/sleeptimer/src/sl_sleeptimer.c.obj
 .bss.next_timer_to_expire_is_power_manager
                0x20001f0e        0x1 CMakeFiles/slc_blink_kernel_freertos.dir/default_config/C_/Users/sucut/SimplicityStudio/SDKs/simplicity_sdk/platform/service/sleeptimer/src/sl_sleeptimer.c.obj
 .bss.is_sleeptimer_initialized
                0x20001f0f        0x1 CMakeFiles/slc_blink_kernel_freertos.dir/default_config/C_/Users/sucut/SimplicityStudio/SDKs/simplicity_sdk/platform/service/sleeptimer/src/sl_sleeptimer.c.obj
 .bss.ucMaxSysCallPriority
                0x20001f10        0x1 CMakeFiles/slc_blink_kernel_freertos.dir/default_config/d5e3434797ae300c975c46faf963ea08/third_party/freertos/kernel/portable/GCC/ARM_CM33_NTZ/non_secure/port.c.obj
 .bss.ucStaticTimerQueueStorage.2
                0x20001f11       0xa0 CMakeFiles/slc_blink_kernel_freertos.dir/default_config/C_/Users/sucut/SimplicityStudio/SDKs/simplicity_sdk/util/third_party/freertos/kernel/timers.c.obj
 .bss.rx_buffer_vcom
                0x20001fb1       0x20 CMakeFiles/slc_blink_kernel_freertos.dir/default_config/E_/CODE/Silicon_Labs/blink_kernel_freertos_20dBm/autogen/sl_iostream_init_eusart_instances.c.obj
 .bss.__lock___sfp_recursive_mutex
                0x20001fd1        0x1 e:/application/siliconlabs/simplicitystudio/v5/developer/toolchains/gnu_arm/12.2.rel1_2023.7/bin/../lib/gcc/arm-none-eabi/12.2.1/thumb/v8-m.main+fp/hard\libc_nano.a(libc_a-lock.o)
                0x20001fd1                __lock___sfp_recursive_mutex
 *(COMMON)
                0x20001fd4                . = ALIGN (0x4)
 *fill*         0x20001fd2        0x2 
                0x20001fd4                __bss_end__ = .

.noinit
 *(.noinit*)

text_application_ram
                0x20001fd4        0x0 load address 0x08000170
                0x20001fd4                . = ALIGN (0x4)
                0x20001fd4                __vma_ramfuncs_start__ = .
                0x20001fd4                __text_application_ram_start__ = .
 *(text_application_ram)
                0x20001fd4                . = ALIGN (0x4)
                0x20001fd4                __vma_ramfuncs_end__ = .
                0x20001fd4                __text_application_ram_end__ = .
                0x08000170                __lma_ramfuncs_start__ = LOADADDR (text_application_ram)
                0x08000170                __lma_ramfuncs_end__ = (LOADADDR (text_application_ram) + SIZEOF (text_application_ram))

.rodata         0x08000170        0x0
                0x08000170                __rodata_end__ = .

.text           0x08000170     0xc148
                0x08000170                linker_code_begin = .
 *(SORT_BY_ALIGNMENT(.text*))
 .text          0x08000170        0x8 CMakeFiles/slc_blink_kernel_freertos.dir/default_config/C_/Users/sucut/SimplicityStudio/SDKs/simplicity_sdk/platform/service/udelay/src/sl_udelay_armv6m_gcc.S.obj
                0x08000170                sli_delay_loop
 .text.deregister_tm_clones
                0x08000178       0x1c e:/application/siliconlabs/simplicitystudio/v5/developer/toolchains/gnu_arm/12.2.rel1_2023.7/bin/../lib/gcc/arm-none-eabi/12.2.1/thumb/v8-m.main+fp/hard/crtbegin.o
 .text.register_tm_clones
                0x08000194       0x28 e:/application/siliconlabs/simplicitystudio/v5/developer/toolchains/gnu_arm/12.2.rel1_2023.7/bin/../lib/gcc/arm-none-eabi/12.2.1/thumb/v8-m.main+fp/hard/crtbegin.o
 .text.__do_global_dtors_aux
                0x080001bc       0x28 e:/application/siliconlabs/simplicitystudio/v5/developer/toolchains/gnu_arm/12.2.rel1_2023.7/bin/../lib/gcc/arm-none-eabi/12.2.1/thumb/v8-m.main+fp/hard/crtbegin.o
 .text.frame_dummy
                0x080001e4       0x24 e:/application/siliconlabs/simplicitystudio/v5/developer/toolchains/gnu_arm/12.2.rel1_2023.7/bin/../lib/gcc/arm-none-eabi/12.2.1/thumb/v8-m.main+fp/hard/crtbegin.o
 .text          0x08000208       0x7c e:/application/siliconlabs/simplicitystudio/v5/developer/toolchains/gnu_arm/12.2.rel1_2023.7/bin/../lib/gcc/arm-none-eabi/12.2.1/thumb/v8-m.main+fp/hard/crt0.o
                0x08000208                _stack_init
                0x08000210                _start
                0x08000210                _mainCRTStartup
 .text.app_log_check_level
                0x08000284       0x40 CMakeFiles/slc_blink_kernel_freertos.dir/default_config/C_/Users/sucut/SimplicityStudio/SDKs/simplicity_sdk/app/common/util/app_log/app_log.c.obj
                0x08000284                app_log_check_level
 .text.app_log_init
                0x080002c4       0x38 CMakeFiles/slc_blink_kernel_freertos.dir/default_config/C_/Users/sucut/SimplicityStudio/SDKs/simplicity_sdk/app/common/util/app_log/app_log.c.obj
                0x080002c4                app_log_init
 .text.sl_board_init
                0x080002fc       0x18 CMakeFiles/slc_blink_kernel_freertos.dir/default_config/C_/Users/sucut/SimplicityStudio/SDKs/simplicity_sdk/hardware/board/src/sl_board_init.c.obj
                0x080002fc                sl_board_init
 .text.sl_board_preinit
                0x08000314        0xc CMakeFiles/slc_blink_kernel_freertos.dir/default_config/C_/Users/sucut/SimplicityStudio/SDKs/simplicity_sdk/hardware/board/src/sl_board_init.c.obj
                0x08000314                sl_board_preinit
 .text.sl_cos_send_config
                0x08000320       0x58 CMakeFiles/slc_blink_kernel_freertos.dir/default_config/C_/Users/sucut/SimplicityStudio/SDKs/simplicity_sdk/hardware/driver/configuration_over_swo/src/sl_cos.c.obj
                0x08000320                sl_cos_send_config
 .text.sl_mx25_flash_shutdown
                0x08000378      0x174 CMakeFiles/slc_blink_kernel_freertos.dir/default_config/f970b2a607f651a1b95fb3fe544e2f0a/src/sl_mx25_flash_shutdown_eusart/sl_mx25_flash_shutdown.c.obj
                0x08000378                sl_mx25_flash_shutdown
 .text.sl_slist_push_back
                0x080004ec       0x24 CMakeFiles/slc_blink_kernel_freertos.dir/default_config/C_/Users/sucut/SimplicityStudio/SDKs/simplicity_sdk/platform/common/src/sl_slist.c.obj
                0x080004ec                sl_slist_push_back
 .text.sl_slist_pop
                0x08000510       0x20 CMakeFiles/slc_blink_kernel_freertos.dir/default_config/C_/Users/sucut/SimplicityStudio/SDKs/simplicity_sdk/platform/common/src/sl_slist.c.obj
                0x08000510                sl_slist_pop
 .text.sli_osTaskRegisterNew
                0x08000530       0x1c CMakeFiles/slc_blink_kernel_freertos.dir/default_config/C_/Users/sucut/SimplicityStudio/SDKs/simplicity_sdk/platform/common/src/sli_cmsis_os2_ext_task_register.c.obj
                0x08000530                sli_osTaskRegisterNew
 .text.CopyToRam
                0x0800054c       0x1c CMakeFiles/slc_blink_kernel_freertos.dir/default_config/027a1a93217453c231a8cd2b3502e33c/platform/Device/SiliconLabs/EFR32MG24/Source/startup_efr32mg24.c.obj
                0x0800054c                CopyToRam
 .text.Reset_Handler
                0x08000568       0x6c CMakeFiles/slc_blink_kernel_freertos.dir/default_config/027a1a93217453c231a8cd2b3502e33c/platform/Device/SiliconLabs/EFR32MG24/Source/startup_efr32mg24.c.obj
                0x08000568                Reset_Handler
 .text.SystemInit
                0x080005d4       0x64 CMakeFiles/slc_blink_kernel_freertos.dir/default_config/027a1a93217453c231a8cd2b3502e33c/platform/Device/SiliconLabs/EFR32MG24/Source/system_efr32mg24.c.obj
                0x080005d4                SystemInit
 .text.SystemHFRCODPLLClockSet
                0x08000638        0xc CMakeFiles/slc_blink_kernel_freertos.dir/default_config/027a1a93217453c231a8cd2b3502e33c/platform/Device/SiliconLabs/EFR32MG24/Source/system_efr32mg24.c.obj
                0x08000638                SystemHFRCODPLLClockSet
 .text.SystemHFXOClockSet
                0x08000644       0x20 CMakeFiles/slc_blink_kernel_freertos.dir/default_config/027a1a93217453c231a8cd2b3502e33c/platform/Device/SiliconLabs/EFR32MG24/Source/system_efr32mg24.c.obj
                0x08000644                SystemHFXOClockSet
 .text.sl_simple_button_init
                0x08000664       0x90 CMakeFiles/slc_blink_kernel_freertos.dir/default_config/C_/Users/sucut/SimplicityStudio/SDKs/simplicity_sdk/platform/driver/button/src/sl_simple_button.c.obj
                0x08000664                sl_simple_button_init
 .text.sl_debug_swo_init
                0x080006f4       0xcc CMakeFiles/slc_blink_kernel_freertos.dir/default_config/C_/Users/sucut/SimplicityStudio/SDKs/simplicity_sdk/platform/driver/debug/src/sl_debug_swo.c.obj
                0x080006f4                sl_debug_swo_init
 .text.sl_debug_swo_write_u8
                0x080007c0       0x44 CMakeFiles/slc_blink_kernel_freertos.dir/default_config/C_/Users/sucut/SimplicityStudio/SDKs/simplicity_sdk/platform/driver/debug/src/sl_debug_swo.c.obj
                0x080007c0                sl_debug_swo_write_u8
 .text.sl_gpio_dispatch_interrupt
                0x08000804       0x5c CMakeFiles/slc_blink_kernel_freertos.dir/default_config/C_/Users/sucut/SimplicityStudio/SDKs/simplicity_sdk/platform/driver/gpio/src/sl_gpio.c.obj
 .text.sl_gpio_init
                0x08000860       0x38 CMakeFiles/slc_blink_kernel_freertos.dir/default_config/C_/Users/sucut/SimplicityStudio/SDKs/simplicity_sdk/platform/driver/gpio/src/sl_gpio.c.obj
                0x08000860                sl_gpio_init
 .text.sl_gpio_set_pin_mode
                0x08000898       0x80 CMakeFiles/slc_blink_kernel_freertos.dir/default_config/C_/Users/sucut/SimplicityStudio/SDKs/simplicity_sdk/platform/driver/gpio/src/sl_gpio.c.obj
                0x08000898                sl_gpio_set_pin_mode
 .text.sl_gpio_set_pin
                0x08000918       0x58 CMakeFiles/slc_blink_kernel_freertos.dir/default_config/C_/Users/sucut/SimplicityStudio/SDKs/simplicity_sdk/platform/driver/gpio/src/sl_gpio.c.obj
                0x08000918                sl_gpio_set_pin
 .text.sl_gpio_clear_pin
                0x08000970       0x5c CMakeFiles/slc_blink_kernel_freertos.dir/default_config/C_/Users/sucut/SimplicityStudio/SDKs/simplicity_sdk/platform/driver/gpio/src/sl_gpio.c.obj
                0x08000970                sl_gpio_clear_pin
 .text.sl_gpio_get_pin_output
                0x080009cc       0x64 CMakeFiles/slc_blink_kernel_freertos.dir/default_config/C_/Users/sucut/SimplicityStudio/SDKs/simplicity_sdk/platform/driver/gpio/src/sl_gpio.c.obj
                0x080009cc                sl_gpio_get_pin_output
 .text.sl_gpio_get_pin_input
                0x08000a30       0x64 CMakeFiles/slc_blink_kernel_freertos.dir/default_config/C_/Users/sucut/SimplicityStudio/SDKs/simplicity_sdk/platform/driver/gpio/src/sl_gpio.c.obj
                0x08000a30                sl_gpio_get_pin_input
 .text.sl_gpio_configure_external_interrupt
                0x08000a94       0xe0 CMakeFiles/slc_blink_kernel_freertos.dir/default_config/C_/Users/sucut/SimplicityStudio/SDKs/simplicity_sdk/platform/driver/gpio/src/sl_gpio.c.obj
                0x08000a94                sl_gpio_configure_external_interrupt
 .text.sl_gpio_deconfigure_external_interrupt
                0x08000b74       0x4c CMakeFiles/slc_blink_kernel_freertos.dir/default_config/C_/Users/sucut/SimplicityStudio/SDKs/simplicity_sdk/platform/driver/gpio/src/sl_gpio.c.obj
                0x08000b74                sl_gpio_deconfigure_external_interrupt
 .text.sl_gpio_configure_wakeup_em4_interrupt
                0x08000bc0       0xb8 CMakeFiles/slc_blink_kernel_freertos.dir/default_config/C_/Users/sucut/SimplicityStudio/SDKs/simplicity_sdk/platform/driver/gpio/src/sl_gpio.c.obj
                0x08000bc0                sl_gpio_configure_wakeup_em4_interrupt
 .text.GPIO_EVEN_IRQHandler
                0x08000c78       0x20 CMakeFiles/slc_blink_kernel_freertos.dir/default_config/C_/Users/sucut/SimplicityStudio/SDKs/simplicity_sdk/platform/driver/gpio/src/sl_gpio.c.obj
                0x08000c78                GPIO_EVEN_IRQHandler
 .text.GPIO_ODD_IRQHandler
                0x08000c98       0x20 CMakeFiles/slc_blink_kernel_freertos.dir/default_config/C_/Users/sucut/SimplicityStudio/SDKs/simplicity_sdk/platform/driver/gpio/src/sl_gpio.c.obj
                0x08000c98                GPIO_ODD_IRQHandler
 .text.sl_simple_led_init
                0x08000cb8       0x34 CMakeFiles/slc_blink_kernel_freertos.dir/default_config/C_/Users/sucut/SimplicityStudio/SDKs/simplicity_sdk/platform/driver/leddrv/src/sl_simple_led.c.obj
                0x08000cb8                sl_simple_led_init
 .text.StartTransfer
                0x08000cec      0x17c CMakeFiles/slc_blink_kernel_freertos.dir/default_config/C_/Users/sucut/SimplicityStudio/SDKs/simplicity_sdk/platform/emdrv/dmadrv/src/dmadrv.c.obj
 .text.DMADRV_AllocateChannel
                0x08000e68       0x60 CMakeFiles/slc_blink_kernel_freertos.dir/default_config/C_/Users/sucut/SimplicityStudio/SDKs/simplicity_sdk/platform/emdrv/dmadrv/src/dmadrv.c.obj
                0x08000e68                DMADRV_AllocateChannel
 .text.DMADRV_DeInit
                0x08000ec8       0x44 CMakeFiles/slc_blink_kernel_freertos.dir/default_config/C_/Users/sucut/SimplicityStudio/SDKs/simplicity_sdk/platform/emdrv/dmadrv/src/dmadrv.c.obj
                0x08000ec8                DMADRV_DeInit
 .text.DMADRV_FreeChannel
                0x08000f0c       0x4c CMakeFiles/slc_blink_kernel_freertos.dir/default_config/C_/Users/sucut/SimplicityStudio/SDKs/simplicity_sdk/platform/emdrv/dmadrv/src/dmadrv.c.obj
                0x08000f0c                DMADRV_FreeChannel
 .text.DMADRV_Init
                0x08000f58       0x68 CMakeFiles/slc_blink_kernel_freertos.dir/default_config/C_/Users/sucut/SimplicityStudio/SDKs/simplicity_sdk/platform/emdrv/dmadrv/src/dmadrv.c.obj
                0x08000f58                DMADRV_Init
 .text.DMADRV_LdmaStartTransfer
                0x08000fc0       0x4c CMakeFiles/slc_blink_kernel_freertos.dir/default_config/C_/Users/sucut/SimplicityStudio/SDKs/simplicity_sdk/platform/emdrv/dmadrv/src/dmadrv.c.obj
                0x08000fc0                DMADRV_LdmaStartTransfer
 .text.DMADRV_PauseTransfer
                0x0800100c       0x40 CMakeFiles/slc_blink_kernel_freertos.dir/default_config/C_/Users/sucut/SimplicityStudio/SDKs/simplicity_sdk/platform/emdrv/dmadrv/src/dmadrv.c.obj
                0x0800100c                DMADRV_PauseTransfer
 .text.DMADRV_ResumeTransfer
                0x0800104c       0x40 CMakeFiles/slc_blink_kernel_freertos.dir/default_config/C_/Users/sucut/SimplicityStudio/SDKs/simplicity_sdk/platform/emdrv/dmadrv/src/dmadrv.c.obj
                0x0800104c                DMADRV_ResumeTransfer
 .text.LDMA_IRQHandler
                0x0800108c       0x74 CMakeFiles/slc_blink_kernel_freertos.dir/default_config/C_/Users/sucut/SimplicityStudio/SDKs/simplicity_sdk/platform/emdrv/dmadrv/src/dmadrv.c.obj
                0x0800108c                LDMA_IRQHandler
 .text.GetTailBuffer
                0x08001100       0x34 CMakeFiles/slc_blink_kernel_freertos.dir/default_config/C_/Users/sucut/SimplicityStudio/SDKs/simplicity_sdk/platform/emdrv/uartdrv/src/uartdrv.c.obj
 .text.CheckParams
                0x08001134       0x24 CMakeFiles/slc_blink_kernel_freertos.dir/default_config/C_/Users/sucut/SimplicityStudio/SDKs/simplicity_sdk/platform/emdrv/uartdrv/src/uartdrv.c.obj
 .text.addHandle
                0x08001158       0x50 CMakeFiles/slc_blink_kernel_freertos.dir/default_config/C_/Users/sucut/SimplicityStudio/SDKs/simplicity_sdk/platform/emdrv/uartdrv/src/uartdrv.c.obj
 .text.HwFcManageClearToSend
                0x080011a8       0x80 CMakeFiles/slc_blink_kernel_freertos.dir/default_config/C_/Users/sucut/SimplicityStudio/SDKs/simplicity_sdk/platform/emdrv/uartdrv/src/uartdrv.c.obj
 .text.InitializeDma
                0x08001228       0x2c CMakeFiles/slc_blink_kernel_freertos.dir/default_config/C_/Users/sucut/SimplicityStudio/SDKs/simplicity_sdk/platform/emdrv/uartdrv/src/uartdrv.c.obj
 .text.EnqueueBuffer
                0x08001254       0x84 CMakeFiles/slc_blink_kernel_freertos.dir/default_config/C_/Users/sucut/SimplicityStudio/SDKs/simplicity_sdk/platform/emdrv/uartdrv/src/uartdrv.c.obj
 .text.StartTransmitDma
                0x080012d8       0x50 CMakeFiles/slc_blink_kernel_freertos.dir/default_config/C_/Users/sucut/SimplicityStudio/SDKs/simplicity_sdk/platform/emdrv/uartdrv/src/uartdrv.c.obj
 .text.EnableTransmitter
                0x08001328       0x50 CMakeFiles/slc_blink_kernel_freertos.dir/default_config/C_/Users/sucut/SimplicityStudio/SDKs/simplicity_sdk/platform/emdrv/uartdrv/src/uartdrv.c.obj
 .text.TransmitDmaComplete
                0x08001378       0x84 CMakeFiles/slc_blink_kernel_freertos.dir/default_config/C_/Users/sucut/SimplicityStudio/SDKs/simplicity_sdk/platform/emdrv/uartdrv/src/uartdrv.c.obj
 .text.UARTDRV_ForceTransmit
                0x080013fc      0x110 CMakeFiles/slc_blink_kernel_freertos.dir/default_config/C_/Users/sucut/SimplicityStudio/SDKs/simplicity_sdk/platform/emdrv/uartdrv/src/uartdrv.c.obj
                0x080013fc                UARTDRV_ForceTransmit
 .text.UARTDRV_PauseTransmit
                0x0800150c       0x30 CMakeFiles/slc_blink_kernel_freertos.dir/default_config/C_/Users/sucut/SimplicityStudio/SDKs/simplicity_sdk/platform/emdrv/uartdrv/src/uartdrv.c.obj
                0x0800150c                UARTDRV_PauseTransmit
 .text.UARTDRV_ResumeTransmit
                0x0800153c       0x40 CMakeFiles/slc_blink_kernel_freertos.dir/default_config/C_/Users/sucut/SimplicityStudio/SDKs/simplicity_sdk/platform/emdrv/uartdrv/src/uartdrv.c.obj
                0x0800153c                UARTDRV_ResumeTransmit
 .text.InitializeGpioFlowControl
                0x0800157c       0x3c CMakeFiles/slc_blink_kernel_freertos.dir/default_config/C_/Users/sucut/SimplicityStudio/SDKs/simplicity_sdk/platform/emdrv/uartdrv/src/uartdrv.c.obj
 .text.UARTDRV_InitEuart
                0x080015b8      0x1e4 CMakeFiles/slc_blink_kernel_freertos.dir/default_config/C_/Users/sucut/SimplicityStudio/SDKs/simplicity_sdk/platform/emdrv/uartdrv/src/uartdrv.c.obj
                0x080015b8                UARTDRV_InitEuart
 .text.UARTDRV_TransmitB
                0x0800179c       0x84 CMakeFiles/slc_blink_kernel_freertos.dir/default_config/C_/Users/sucut/SimplicityStudio/SDKs/simplicity_sdk/platform/emdrv/uartdrv/src/uartdrv.c.obj
                0x0800179c                UARTDRV_TransmitB
 .text.EMU_VScaleGet
                0x08001820       0x18 CMakeFiles/slc_blink_kernel_freertos.dir/default_config/C_/Users/sucut/SimplicityStudio/SDKs/simplicity_sdk/platform/emlib/src/em_cmu.c.obj
 .text.dpllRefClkGet
                0x08001838       0x48 CMakeFiles/slc_blink_kernel_freertos.dir/default_config/C_/Users/sucut/SimplicityStudio/SDKs/simplicity_sdk/platform/emlib/src/em_cmu.c.obj
 .text.em23GrpaClkGet
                0x08001880       0x48 CMakeFiles/slc_blink_kernel_freertos.dir/default_config/C_/Users/sucut/SimplicityStudio/SDKs/simplicity_sdk/platform/emlib/src/em_cmu.c.obj
 .text.em4GrpaClkGet
                0x080018c8       0x48 CMakeFiles/slc_blink_kernel_freertos.dir/default_config/C_/Users/sucut/SimplicityStudio/SDKs/simplicity_sdk/platform/emlib/src/em_cmu.c.obj
 .text.sysrtcClkGet
                0x08001910       0x48 CMakeFiles/slc_blink_kernel_freertos.dir/default_config/C_/Users/sucut/SimplicityStudio/SDKs/simplicity_sdk/platform/emlib/src/em_cmu.c.obj
 .text.traceClkGet
                0x08001958       0x54 CMakeFiles/slc_blink_kernel_freertos.dir/default_config/C_/Users/sucut/SimplicityStudio/SDKs/simplicity_sdk/platform/emlib/src/em_cmu.c.obj
 .text.em01GrpaClkGet
                0x080019ac       0x74 CMakeFiles/slc_blink_kernel_freertos.dir/default_config/C_/Users/sucut/SimplicityStudio/SDKs/simplicity_sdk/platform/emlib/src/em_cmu.c.obj
 .text.em01GrpcClkGet
                0x08001a20       0x70 CMakeFiles/slc_blink_kernel_freertos.dir/default_config/C_/Users/sucut/SimplicityStudio/SDKs/simplicity_sdk/platform/emlib/src/em_cmu.c.obj
 .text.eusart0ClkGet
                0x08001a90       0x74 CMakeFiles/slc_blink_kernel_freertos.dir/default_config/C_/Users/sucut/SimplicityStudio/SDKs/simplicity_sdk/platform/emlib/src/em_cmu.c.obj
 .text.iadcClkGet
                0x08001b04       0x60 CMakeFiles/slc_blink_kernel_freertos.dir/default_config/C_/Users/sucut/SimplicityStudio/SDKs/simplicity_sdk/platform/emlib/src/em_cmu.c.obj
 .text.wdog0ClkGet
                0x08001b64       0x64 CMakeFiles/slc_blink_kernel_freertos.dir/default_config/C_/Users/sucut/SimplicityStudio/SDKs/simplicity_sdk/platform/emlib/src/em_cmu.c.obj
 .text.wdog1ClkGet
                0x08001bc8       0x64 CMakeFiles/slc_blink_kernel_freertos.dir/default_config/C_/Users/sucut/SimplicityStudio/SDKs/simplicity_sdk/platform/emlib/src/em_cmu.c.obj
 .text.vdac0ClkGet
                0x08001c2c       0x70 CMakeFiles/slc_blink_kernel_freertos.dir/default_config/C_/Users/sucut/SimplicityStudio/SDKs/simplicity_sdk/platform/emlib/src/em_cmu.c.obj
 .text.vdac1ClkGet
                0x08001c9c       0x70 CMakeFiles/slc_blink_kernel_freertos.dir/default_config/C_/Users/sucut/SimplicityStudio/SDKs/simplicity_sdk/platform/emlib/src/em_cmu.c.obj
 .text.pcnt0ClkGet
                0x08001d0c       0x4c CMakeFiles/slc_blink_kernel_freertos.dir/default_config/C_/Users/sucut/SimplicityStudio/SDKs/simplicity_sdk/platform/emlib/src/em_cmu.c.obj
 .text.HFRCODPLLDevinfoGet
                0x08001d58      0x108 CMakeFiles/slc_blink_kernel_freertos.dir/default_config/C_/Users/sucut/SimplicityStudio/SDKs/simplicity_sdk/platform/emlib/src/em_cmu.c.obj
 .text.CMU_ClockDivGet
                0x08001e60       0x78 CMakeFiles/slc_blink_kernel_freertos.dir/default_config/C_/Users/sucut/SimplicityStudio/SDKs/simplicity_sdk/platform/emlib/src/em_cmu.c.obj
                0x08001e60                CMU_ClockDivGet
 .text.flashWaitStateControl
                0x08001ed8       0x58 CMakeFiles/slc_blink_kernel_freertos.dir/default_config/C_/Users/sucut/SimplicityStudio/SDKs/simplicity_sdk/platform/emlib/src/em_cmu.c.obj
 .text.CMU_ClockEnable
                0x08001f30       0x50 CMakeFiles/slc_blink_kernel_freertos.dir/default_config/C_/Users/sucut/SimplicityStudio/SDKs/simplicity_sdk/platform/emlib/src/em_cmu.c.obj
                0x08001f30                CMU_ClockEnable
 .text.CMU_ClockFreqGet
                0x08001f80      0x210 CMakeFiles/slc_blink_kernel_freertos.dir/default_config/C_/Users/sucut/SimplicityStudio/SDKs/simplicity_sdk/platform/emlib/src/em_cmu.c.obj
                0x08001f80                CMU_ClockFreqGet
 .text.rhclkPrescOptimize
                0x08002190       0x20 CMakeFiles/slc_blink_kernel_freertos.dir/default_config/C_/Users/sucut/SimplicityStudio/SDKs/simplicity_sdk/platform/emlib/src/em_cmu.c.obj
 .text.CMU_ClockSelectGet
                0x080021b0      0x208 CMakeFiles/slc_blink_kernel_freertos.dir/default_config/C_/Users/sucut/SimplicityStudio/SDKs/simplicity_sdk/platform/emlib/src/em_cmu.c.obj
                0x080021b0                CMU_ClockSelectGet
 .text.sli_em_cmu_SYSTICEXTCLKENClear
                0x080023b8       0x30 CMakeFiles/slc_blink_kernel_freertos.dir/default_config/C_/Users/sucut/SimplicityStudio/SDKs/simplicity_sdk/platform/emlib/src/em_cmu.c.obj
                0x080023b8                sli_em_cmu_SYSTICEXTCLKENClear
 .text.CMU_HFXOInit
                0x080023e8      0x224 CMakeFiles/slc_blink_kernel_freertos.dir/default_config/C_/Users/sucut/SimplicityStudio/SDKs/simplicity_sdk/platform/emlib/src/em_cmu.c.obj
                0x080023e8                CMU_HFXOInit
 .text.CMU_HFXOCTuneDeltaGet
                0x0800260c        0xc CMakeFiles/slc_blink_kernel_freertos.dir/default_config/C_/Users/sucut/SimplicityStudio/SDKs/simplicity_sdk/platform/emlib/src/em_cmu.c.obj
                0x0800260c                CMU_HFXOCTuneDeltaGet
 .text.CMU_LFXOInit
                0x08002618       0xc4 CMakeFiles/slc_blink_kernel_freertos.dir/default_config/C_/Users/sucut/SimplicityStudio/SDKs/simplicity_sdk/platform/emlib/src/em_cmu.c.obj
                0x08002618                CMU_LFXOInit
 .text.CMU_LFXOPrecisionSet
                0x080026dc        0xc CMakeFiles/slc_blink_kernel_freertos.dir/default_config/C_/Users/sucut/SimplicityStudio/SDKs/simplicity_sdk/platform/emlib/src/em_cmu.c.obj
                0x080026dc                CMU_LFXOPrecisionSet
 .text.CMU_HFXOPrecisionSet
                0x080026e8        0xc CMakeFiles/slc_blink_kernel_freertos.dir/default_config/C_/Users/sucut/SimplicityStudio/SDKs/simplicity_sdk/platform/emlib/src/em_cmu.c.obj
                0x080026e8                CMU_HFXOPrecisionSet
 .text.CMU_LFRCOSetPrecision
                0x080026f4       0x80 CMakeFiles/slc_blink_kernel_freertos.dir/default_config/C_/Users/sucut/SimplicityStudio/SDKs/simplicity_sdk/platform/emlib/src/em_cmu.c.obj
                0x080026f4                CMU_LFRCOSetPrecision
 .text.CMU_ClockDivSet
                0x08002774      0x12c CMakeFiles/slc_blink_kernel_freertos.dir/default_config/C_/Users/sucut/SimplicityStudio/SDKs/simplicity_sdk/platform/emlib/src/em_cmu.c.obj
                0x08002774                CMU_ClockDivSet
 .text.sli_em_cmu_SYSCLKInitPreClockSelect
                0x080028a0       0x30 CMakeFiles/slc_blink_kernel_freertos.dir/default_config/C_/Users/sucut/SimplicityStudio/SDKs/simplicity_sdk/platform/emlib/src/em_cmu.c.obj
                0x080028a0                sli_em_cmu_SYSCLKInitPreClockSelect
 .text.pclkDivOptimize
                0x080028d0       0x24 CMakeFiles/slc_blink_kernel_freertos.dir/default_config/C_/Users/sucut/SimplicityStudio/SDKs/simplicity_sdk/platform/emlib/src/em_cmu.c.obj
 .text.sli_em_cmu_SYSCLKInitPostClockSelect
                0x080028f4       0x40 CMakeFiles/slc_blink_kernel_freertos.dir/default_config/C_/Users/sucut/SimplicityStudio/SDKs/simplicity_sdk/platform/emlib/src/em_cmu.c.obj
                0x080028f4                sli_em_cmu_SYSCLKInitPostClockSelect
 .text.CMU_HFRCODPLLBandSet
                0x08002934      0x11c CMakeFiles/slc_blink_kernel_freertos.dir/default_config/C_/Users/sucut/SimplicityStudio/SDKs/simplicity_sdk/platform/emlib/src/em_cmu.c.obj
                0x08002934                CMU_HFRCODPLLBandSet
 .text.CMU_HFRCOEM23BandSet
                0x08002a50      0x168 CMakeFiles/slc_blink_kernel_freertos.dir/default_config/C_/Users/sucut/SimplicityStudio/SDKs/simplicity_sdk/platform/emlib/src/em_cmu.c.obj
                0x08002a50                CMU_HFRCOEM23BandSet
 .text.EMU_DCDCSync
                0x08002bb8       0x10 CMakeFiles/slc_blink_kernel_freertos.dir/default_config/C_/Users/sucut/SimplicityStudio/SDKs/simplicity_sdk/platform/emlib/src/em_emu.c.obj
 .text.EMU_EM4Init
                0x08002bc8       0x14 CMakeFiles/slc_blink_kernel_freertos.dir/default_config/C_/Users/sucut/SimplicityStudio/SDKs/simplicity_sdk/platform/emlib/src/em_emu.c.obj
                0x08002bc8                EMU_EM4Init
 .text.EMU_VScaleEM01
                0x08002bdc       0xa8 CMakeFiles/slc_blink_kernel_freertos.dir/default_config/C_/Users/sucut/SimplicityStudio/SDKs/simplicity_sdk/platform/emlib/src/em_emu.c.obj
                0x08002bdc                EMU_VScaleEM01
 .text.EMU_VScaleEM01ByClock
                0x08002c84       0x30 CMakeFiles/slc_blink_kernel_freertos.dir/default_config/C_/Users/sucut/SimplicityStudio/SDKs/simplicity_sdk/platform/emlib/src/em_emu.c.obj
                0x08002c84                EMU_VScaleEM01ByClock
 .text.EMU_DCDCModeSet
                0x08002cb4       0xac CMakeFiles/slc_blink_kernel_freertos.dir/default_config/C_/Users/sucut/SimplicityStudio/SDKs/simplicity_sdk/platform/emlib/src/em_emu.c.obj
                0x08002cb4                EMU_DCDCModeSet
 .text.EMU_DCDCInit
                0x08002d60       0x70 CMakeFiles/slc_blink_kernel_freertos.dir/default_config/C_/Users/sucut/SimplicityStudio/SDKs/simplicity_sdk/platform/emlib/src/em_emu.c.obj
                0x08002d60                EMU_DCDCInit
 .text.EMU_DCDCSetPFMXModePeakCurrent
                0x08002dd0       0x6c CMakeFiles/slc_blink_kernel_freertos.dir/default_config/C_/Users/sucut/SimplicityStudio/SDKs/simplicity_sdk/platform/emlib/src/em_emu.c.obj
                0x08002dd0                EMU_DCDCSetPFMXModePeakCurrent
 .text.EUSART_Reset
                0x08002e3c       0x54 CMakeFiles/slc_blink_kernel_freertos.dir/default_config/C_/Users/sucut/SimplicityStudio/SDKs/simplicity_sdk/platform/emlib/src/em_eusart.c.obj
                0x08002e3c                EUSART_Reset
 .text.EUSART_Enable
                0x08002e90       0x6c CMakeFiles/slc_blink_kernel_freertos.dir/default_config/C_/Users/sucut/SimplicityStudio/SDKs/simplicity_sdk/platform/emlib/src/em_eusart.c.obj
                0x08002e90                EUSART_Enable
 .text.EUSART_BaudrateSet
                0x08002efc      0x1cc CMakeFiles/slc_blink_kernel_freertos.dir/default_config/C_/Users/sucut/SimplicityStudio/SDKs/simplicity_sdk/platform/emlib/src/em_eusart.c.obj
                0x08002efc                EUSART_BaudrateSet
 .text.EUSART_AsyncInitCommon
                0x080030c8      0x24c CMakeFiles/slc_blink_kernel_freertos.dir/default_config/C_/Users/sucut/SimplicityStudio/SDKs/simplicity_sdk/platform/emlib/src/em_eusart.c.obj
 .text.EUSART_UartInitHf
                0x08003314       0x5c CMakeFiles/slc_blink_kernel_freertos.dir/default_config/C_/Users/sucut/SimplicityStudio/SDKs/simplicity_sdk/platform/emlib/src/em_eusart.c.obj
                0x08003314                EUSART_UartInitHf
 .text.EUSART_UartInitLf
                0x08003370       0xb8 CMakeFiles/slc_blink_kernel_freertos.dir/default_config/C_/Users/sucut/SimplicityStudio/SDKs/simplicity_sdk/platform/emlib/src/em_eusart.c.obj
                0x08003370                EUSART_UartInitLf
 .text.EUSART_SpiInit
                0x08003428      0x1fc CMakeFiles/slc_blink_kernel_freertos.dir/default_config/C_/Users/sucut/SimplicityStudio/SDKs/simplicity_sdk/platform/emlib/src/em_eusart.c.obj
                0x08003428                EUSART_SpiInit
 .text.EUSART_BaudrateGet
                0x08003624       0xf0 CMakeFiles/slc_blink_kernel_freertos.dir/default_config/C_/Users/sucut/SimplicityStudio/SDKs/simplicity_sdk/platform/emlib/src/em_eusart.c.obj
                0x08003624                EUSART_BaudrateGet
 .text.GPIO_PinOutSet
                0x08003714       0x3c CMakeFiles/slc_blink_kernel_freertos.dir/default_config/C_/Users/sucut/SimplicityStudio/SDKs/simplicity_sdk/platform/emlib/src/em_gpio.c.obj
 .text.GPIO_PinOutClear
                0x08003750       0x3c CMakeFiles/slc_blink_kernel_freertos.dir/default_config/C_/Users/sucut/SimplicityStudio/SDKs/simplicity_sdk/platform/emlib/src/em_gpio.c.obj
 .text.GPIO_PinModeSet
                0x0800378c       0x94 CMakeFiles/slc_blink_kernel_freertos.dir/default_config/C_/Users/sucut/SimplicityStudio/SDKs/simplicity_sdk/platform/emlib/src/em_gpio.c.obj
                0x0800378c                GPIO_PinModeSet
 .text.LDMA_DeInit
                0x08003820       0x2c CMakeFiles/slc_blink_kernel_freertos.dir/default_config/C_/Users/sucut/SimplicityStudio/SDKs/simplicity_sdk/platform/emlib/src/em_ldma.c.obj
                0x08003820                LDMA_DeInit
 .text.LDMA_EnableChannelRequest
                0x0800384c       0x40 CMakeFiles/slc_blink_kernel_freertos.dir/default_config/C_/Users/sucut/SimplicityStudio/SDKs/simplicity_sdk/platform/emlib/src/em_ldma.c.obj
                0x0800384c                LDMA_EnableChannelRequest
 .text.LDMA_Init
                0x0800388c       0x90 CMakeFiles/slc_blink_kernel_freertos.dir/default_config/C_/Users/sucut/SimplicityStudio/SDKs/simplicity_sdk/platform/emlib/src/em_ldma.c.obj
                0x0800388c                LDMA_Init
 .text.LDMA_StartTransfer
                0x0800391c       0xf8 CMakeFiles/slc_blink_kernel_freertos.dir/default_config/C_/Users/sucut/SimplicityStudio/SDKs/simplicity_sdk/platform/emlib/src/em_ldma.c.obj
                0x0800391c                LDMA_StartTransfer
 .text.LDMA_StopTransfer
                0x08003a14       0x38 CMakeFiles/slc_blink_kernel_freertos.dir/default_config/C_/Users/sucut/SimplicityStudio/SDKs/simplicity_sdk/platform/emlib/src/em_ldma.c.obj
                0x08003a14                LDMA_StopTransfer
 .text.LDMA_TransferDone
                0x08003a4c       0x44 CMakeFiles/slc_blink_kernel_freertos.dir/default_config/C_/Users/sucut/SimplicityStudio/SDKs/simplicity_sdk/platform/emlib/src/em_ldma.c.obj
                0x08003a4c                LDMA_TransferDone
 .text.LDMA_TransferRemainingCount
                0x08003a90       0x44 CMakeFiles/slc_blink_kernel_freertos.dir/default_config/C_/Users/sucut/SimplicityStudio/SDKs/simplicity_sdk/platform/emlib/src/em_ldma.c.obj
                0x08003a90                LDMA_TransferRemainingCount
 .text.SYSTEM_ChipRevisionGet
                0x08003ad4       0x24 CMakeFiles/slc_blink_kernel_freertos.dir/default_config/C_/Users/sucut/SimplicityStudio/SDKs/simplicity_sdk/platform/emlib/src/em_system.c.obj
                0x08003ad4                SYSTEM_ChipRevisionGet
 .text.sl_hal_gpio_clear_pin
                0x08003af8       0x54 CMakeFiles/slc_blink_kernel_freertos.dir/default_config/C_/Users/sucut/SimplicityStudio/SDKs/simplicity_sdk/platform/peripheral/src/sl_hal_gpio.c.obj
                0x08003af8                sl_hal_gpio_clear_pin
 .text.sl_hal_gpio_get_pin_input
                0x08003b4c       0x58 CMakeFiles/slc_blink_kernel_freertos.dir/default_config/C_/Users/sucut/SimplicityStudio/SDKs/simplicity_sdk/platform/peripheral/src/sl_hal_gpio.c.obj
                0x08003b4c                sl_hal_gpio_get_pin_input
 .text.sl_hal_gpio_get_pin_output
                0x08003ba4       0x58 CMakeFiles/slc_blink_kernel_freertos.dir/default_config/C_/Users/sucut/SimplicityStudio/SDKs/simplicity_sdk/platform/peripheral/src/sl_hal_gpio.c.obj
                0x08003ba4                sl_hal_gpio_get_pin_output
 .text.sl_hal_gpio_get_enabled_pending_interrupts
                0x08003bfc       0x14 CMakeFiles/slc_blink_kernel_freertos.dir/default_config/C_/Users/sucut/SimplicityStudio/SDKs/simplicity_sdk/platform/peripheral/src/sl_hal_gpio.c.obj
                0x08003bfc                sl_hal_gpio_get_enabled_pending_interrupts
 .text.sl_hal_gpio_get_em4_interrupt_number
                0x08003c10       0x80 CMakeFiles/slc_blink_kernel_freertos.dir/default_config/C_/Users/sucut/SimplicityStudio/SDKs/simplicity_sdk/platform/peripheral/src/sl_hal_gpio.c.obj
                0x08003c10                sl_hal_gpio_get_em4_interrupt_number
 .text.sl_hal_gpio_set_pin_em4_retention
                0x08003c90       0x20 CMakeFiles/slc_blink_kernel_freertos.dir/default_config/C_/Users/sucut/SimplicityStudio/SDKs/simplicity_sdk/platform/peripheral/src/sl_hal_gpio.c.obj
                0x08003c90                sl_hal_gpio_set_pin_em4_retention
 .text.sl_hal_gpio_set_pin_mode
                0x08003cb0       0xd0 CMakeFiles/slc_blink_kernel_freertos.dir/default_config/C_/Users/sucut/SimplicityStudio/SDKs/simplicity_sdk/platform/peripheral/src/sl_hal_gpio.c.obj
                0x08003cb0                sl_hal_gpio_set_pin_mode
 .text.sl_hal_gpio_configure_external_interrupt
                0x08003d80      0x178 CMakeFiles/slc_blink_kernel_freertos.dir/default_config/C_/Users/sucut/SimplicityStudio/SDKs/simplicity_sdk/platform/peripheral/src/sl_hal_gpio.c.obj
                0x08003d80                sl_hal_gpio_configure_external_interrupt
 .text.sl_hal_gpio_enable_pin_em4_wakeup
                0x08003ef8       0x68 CMakeFiles/slc_blink_kernel_freertos.dir/default_config/C_/Users/sucut/SimplicityStudio/SDKs/simplicity_sdk/platform/peripheral/src/sl_hal_gpio.c.obj
                0x08003ef8                sl_hal_gpio_enable_pin_em4_wakeup
 .text.sl_hal_gpio_configure_wakeup_em4_external_interrupt
                0x08003f60       0x8c CMakeFiles/slc_blink_kernel_freertos.dir/default_config/C_/Users/sucut/SimplicityStudio/SDKs/simplicity_sdk/platform/peripheral/src/sl_hal_gpio.c.obj
                0x08003f60                sl_hal_gpio_configure_wakeup_em4_external_interrupt
 .text.sl_hal_sysrtc_wait_ready
                0x08003fec       0x1c CMakeFiles/slc_blink_kernel_freertos.dir/default_config/C_/Users/sucut/SimplicityStudio/SDKs/simplicity_sdk/platform/peripheral/src/sl_hal_sysrtc.c.obj
                0x08003fec                sl_hal_sysrtc_wait_ready
 .text.sl_hal_sysrtc_stop
                0x08004008       0x28 CMakeFiles/slc_blink_kernel_freertos.dir/default_config/C_/Users/sucut/SimplicityStudio/SDKs/simplicity_sdk/platform/peripheral/src/sl_hal_sysrtc.c.obj
                0x08004008                sl_hal_sysrtc_stop
 .text.sl_hal_sysrtc_enable
                0x08004030       0x18 CMakeFiles/slc_blink_kernel_freertos.dir/default_config/C_/Users/sucut/SimplicityStudio/SDKs/simplicity_sdk/platform/peripheral/src/sl_hal_sysrtc.c.obj
                0x08004030                sl_hal_sysrtc_enable
 .text.sl_hal_sysrtc_disable
                0x08004048       0x1c CMakeFiles/slc_blink_kernel_freertos.dir/default_config/C_/Users/sucut/SimplicityStudio/SDKs/simplicity_sdk/platform/peripheral/src/sl_hal_sysrtc.c.obj
                0x08004048                sl_hal_sysrtc_disable
 .text.sl_hal_sysrtc_init
                0x08004064       0x24 CMakeFiles/slc_blink_kernel_freertos.dir/default_config/C_/Users/sucut/SimplicityStudio/SDKs/simplicity_sdk/platform/peripheral/src/sl_hal_sysrtc.c.obj
                0x08004064                sl_hal_sysrtc_init
 .text.sl_hal_sysrtc_init_group
                0x08004088       0x44 CMakeFiles/slc_blink_kernel_freertos.dir/default_config/C_/Users/sucut/SimplicityStudio/SDKs/simplicity_sdk/platform/peripheral/src/sl_hal_sysrtc.c.obj
                0x08004088                sl_hal_sysrtc_init_group
 .text.sli_clock_manager_hal_init
                0x080040cc      0x268 CMakeFiles/slc_blink_kernel_freertos.dir/default_config/027a1a93217453c231a8cd2b3502e33c/platform/service/clock_manager/src/sl_clock_manager_init_hal_s2.c.obj
                0x080040cc                sli_clock_manager_hal_init
 .text.sl_device_init_dcdc
                0x08004334       0x2c CMakeFiles/slc_blink_kernel_freertos.dir/default_config/a046823c0096e77a854dfb5ad6ce9b7f/simplicity_sdk/platform/service/device_init/src/sl_device_init_dcdc_s2.c.obj
                0x08004334                sl_device_init_dcdc
 .text.sl_device_init_emu
                0x08004360       0x24 CMakeFiles/slc_blink_kernel_freertos.dir/default_config/a046823c0096e77a854dfb5ad6ce9b7f/simplicity_sdk/platform/service/device_init/src/sl_device_init_emu_s2.c.obj
                0x08004360                sl_device_init_emu
 .text.__NVIC_GetPriority
                0x08004384       0x24 CMakeFiles/slc_blink_kernel_freertos.dir/default_config/027a1a93217453c231a8cd2b3502e33c/platform/service/interrupt_manager/src/sl_interrupt_manager_cortexm.c.obj
 .text.sl_interrupt_manager_disable_irq
                0x080043a8       0x3c CMakeFiles/slc_blink_kernel_freertos.dir/default_config/027a1a93217453c231a8cd2b3502e33c/platform/service/interrupt_manager/src/sl_interrupt_manager_cortexm.c.obj
                0x080043a8                sl_interrupt_manager_disable_irq
 .text.sl_interrupt_manager_enable_irq
                0x080043e4       0x34 CMakeFiles/slc_blink_kernel_freertos.dir/default_config/027a1a93217453c231a8cd2b3502e33c/platform/service/interrupt_manager/src/sl_interrupt_manager_cortexm.c.obj
                0x080043e4                sl_interrupt_manager_enable_irq
 .text.sl_interrupt_manager_is_irq_disabled
                0x08004418       0x30 CMakeFiles/slc_blink_kernel_freertos.dir/default_config/027a1a93217453c231a8cd2b3502e33c/platform/service/interrupt_manager/src/sl_interrupt_manager_cortexm.c.obj
                0x08004418                sl_interrupt_manager_is_irq_disabled
 .text.sl_interrupt_manager_is_irq_blocked
                0x08004448       0x6c CMakeFiles/slc_blink_kernel_freertos.dir/default_config/027a1a93217453c231a8cd2b3502e33c/platform/service/interrupt_manager/src/sl_interrupt_manager_cortexm.c.obj
                0x08004448                sl_interrupt_manager_is_irq_blocked
 .text.sl_interrupt_manager_clear_irq_pending
                0x080044b4       0x1c CMakeFiles/slc_blink_kernel_freertos.dir/default_config/027a1a93217453c231a8cd2b3502e33c/platform/service/interrupt_manager/src/sl_interrupt_manager_cortexm.c.obj
                0x080044b4                sl_interrupt_manager_clear_irq_pending
 .text.sl_interrupt_manager_set_irq_priority
                0x080044d0       0x54 CMakeFiles/slc_blink_kernel_freertos.dir/default_config/027a1a93217453c231a8cd2b3502e33c/platform/service/interrupt_manager/src/sl_interrupt_manager_cortexm.c.obj
                0x080044d0                sl_interrupt_manager_set_irq_priority
 .text.sl_interrupt_manager_init
                0x08004524       0x34 CMakeFiles/slc_blink_kernel_freertos.dir/default_config/027a1a93217453c231a8cd2b3502e33c/platform/service/interrupt_manager/src/sl_interrupt_manager_cortexm.c.obj
                0x08004524                sl_interrupt_manager_init
 .text.sl_iostream_set_default
                0x08004558       0x6c CMakeFiles/slc_blink_kernel_freertos.dir/default_config/C_/Users/sucut/SimplicityStudio/SDKs/simplicity_sdk/platform/service/iostream/src/sl_iostream.c.obj
                0x08004558                sl_iostream_set_default
 .text.sl_iostream_get_default
                0x080045c4       0x58 CMakeFiles/slc_blink_kernel_freertos.dir/default_config/C_/Users/sucut/SimplicityStudio/SDKs/simplicity_sdk/platform/service/iostream/src/sl_iostream.c.obj
                0x080045c4                sl_iostream_get_default
 .text.sl_iostream_set_system_default
                0x0800461c       0x18 CMakeFiles/slc_blink_kernel_freertos.dir/default_config/C_/Users/sucut/SimplicityStudio/SDKs/simplicity_sdk/platform/service/iostream/src/sl_iostream.c.obj
                0x0800461c                sl_iostream_set_system_default
 .text.sl_iostream_eusart_init
                0x08004634      0x24c CMakeFiles/slc_blink_kernel_freertos.dir/default_config/C_/Users/sucut/SimplicityStudio/SDKs/simplicity_sdk/platform/service/iostream/src/sl_iostream_eusart.c.obj
                0x08004634                sl_iostream_eusart_init
 .text.sl_iostream_eusart_irq_handler
                0x08004880       0x10 CMakeFiles/slc_blink_kernel_freertos.dir/default_config/C_/Users/sucut/SimplicityStudio/SDKs/simplicity_sdk/platform/service/iostream/src/sl_iostream_eusart.c.obj
                0x08004880                sl_iostream_eusart_irq_handler
 .text._write   0x08004890       0x20 CMakeFiles/slc_blink_kernel_freertos.dir/default_config/027a1a93217453c231a8cd2b3502e33c/platform/service/iostream/src/sl_iostream_retarget_stdio.c.obj
                0x08004890                _write
 .text.sl_iostream_stdlib_disable_buffering
                0x080048b0       0x14 CMakeFiles/slc_blink_kernel_freertos.dir/default_config/a046823c0096e77a854dfb5ad6ce9b7f/simplicity_sdk/platform/service/iostream/src/sl_iostream_stdlib_config.c.obj
                0x080048b0                sl_iostream_stdlib_disable_buffering
 .text.__rx_buffer_empty
                0x080048c4       0x34 CMakeFiles/slc_blink_kernel_freertos.dir/default_config/C_/Users/sucut/SimplicityStudio/SDKs/simplicity_sdk/platform/service/iostream/src/sl_iostream_uart.c.obj
 .text.__rx_buffer_full
                0x080048f8       0x4c CMakeFiles/slc_blink_kernel_freertos.dir/default_config/C_/Users/sucut/SimplicityStudio/SDKs/simplicity_sdk/platform/service/iostream/src/sl_iostream_uart.c.obj
 .text.__get_write_ptr
                0x08004944       0x60 CMakeFiles/slc_blink_kernel_freertos.dir/default_config/C_/Users/sucut/SimplicityStudio/SDKs/simplicity_sdk/platform/service/iostream/src/sl_iostream_uart.c.obj
 .text.__uart_async_start_write
                0x080049a4       0x74 CMakeFiles/slc_blink_kernel_freertos.dir/default_config/C_/Users/sucut/SimplicityStudio/SDKs/simplicity_sdk/platform/service/iostream/src/sl_iostream_uart.c.obj
 .text.set_new_data_detect
                0x08004a18      0x174 CMakeFiles/slc_blink_kernel_freertos.dir/default_config/C_/Users/sucut/SimplicityStudio/SDKs/simplicity_sdk/platform/service/iostream/src/sl_iostream_uart.c.obj
 .text.__uart_async_rx_dma_callback
                0x08004b8c       0xa0 CMakeFiles/slc_blink_kernel_freertos.dir/default_config/C_/Users/sucut/SimplicityStudio/SDKs/simplicity_sdk/platform/service/iostream/src/sl_iostream_uart.c.obj
 .text.__uart_async_tx_dma_callback
                0x08004c2c       0x40 CMakeFiles/slc_blink_kernel_freertos.dir/default_config/C_/Users/sucut/SimplicityStudio/SDKs/simplicity_sdk/platform/service/iostream/src/sl_iostream_uart.c.obj
 .text.rx_buffer_empty
                0x08004c6c       0x38 CMakeFiles/slc_blink_kernel_freertos.dir/default_config/C_/Users/sucut/SimplicityStudio/SDKs/simplicity_sdk/platform/service/iostream/src/sl_iostream_uart.c.obj
 .text.set_read_block
                0x08004ca4       0xa0 CMakeFiles/slc_blink_kernel_freertos.dir/default_config/C_/Users/sucut/SimplicityStudio/SDKs/simplicity_sdk/platform/service/iostream/src/sl_iostream_uart.c.obj
 .text.uart_read
                0x08004d44      0x350 CMakeFiles/slc_blink_kernel_freertos.dir/default_config/C_/Users/sucut/SimplicityStudio/SDKs/simplicity_sdk/platform/service/iostream/src/sl_iostream_uart.c.obj
 .text.uart_write
                0x08005094      0x164 CMakeFiles/slc_blink_kernel_freertos.dir/default_config/C_/Users/sucut/SimplicityStudio/SDKs/simplicity_sdk/platform/service/iostream/src/sl_iostream_uart.c.obj
 .text.sli_iostream_uart_context_init
                0x080051f8      0x1e4 CMakeFiles/slc_blink_kernel_freertos.dir/default_config/C_/Users/sucut/SimplicityStudio/SDKs/simplicity_sdk/platform/service/iostream/src/sl_iostream_uart.c.obj
                0x080051f8                sli_iostream_uart_context_init
 .text.uart_deinit
                0x080053dc      0x118 CMakeFiles/slc_blink_kernel_freertos.dir/default_config/C_/Users/sucut/SimplicityStudio/SDKs/simplicity_sdk/platform/service/iostream/src/sl_iostream_uart.c.obj
 .text.sl_memory_init
                0x080054f4       0x20 CMakeFiles/slc_blink_kernel_freertos.dir/default_config/a046823c0096e77a854dfb5ad6ce9b7f/simplicity_sdk/platform/service/memory_manager/src/sl_memory_manager.c.obj
                0x080054f4                sl_memory_init
 .text.sl_memory_heap_alloc_advanced
                0x08005514      0x204 CMakeFiles/slc_blink_kernel_freertos.dir/default_config/a046823c0096e77a854dfb5ad6ce9b7f/simplicity_sdk/platform/service/memory_manager/src/sl_memory_manager.c.obj
                0x08005514                sl_memory_heap_alloc_advanced
 .text.sl_memory_alloc_advanced
                0x08005718       0x1c CMakeFiles/slc_blink_kernel_freertos.dir/default_config/a046823c0096e77a854dfb5ad6ce9b7f/simplicity_sdk/platform/service/memory_manager/src/sl_memory_manager.c.obj
                0x08005718                sl_memory_alloc_advanced
 .text.sl_memory_alloc
                0x08005734       0x10 CMakeFiles/slc_blink_kernel_freertos.dir/default_config/a046823c0096e77a854dfb5ad6ce9b7f/simplicity_sdk/platform/service/memory_manager/src/sl_memory_manager.c.obj
                0x08005734                sl_memory_alloc
 .text.sl_memory_heap_free
                0x08005744      0x1dc CMakeFiles/slc_blink_kernel_freertos.dir/default_config/a046823c0096e77a854dfb5ad6ce9b7f/simplicity_sdk/platform/service/memory_manager/src/sl_memory_manager.c.obj
                0x08005744                sl_memory_heap_free
 .text.sl_memory_heap_realloc
                0x08005920      0x278 CMakeFiles/slc_blink_kernel_freertos.dir/default_config/a046823c0096e77a854dfb5ad6ce9b7f/simplicity_sdk/platform/service/memory_manager/src/sl_memory_manager.c.obj
                0x08005920                sl_memory_heap_realloc
 .text.sl_memory_get_heap_region
                0x08005b98       0x14 CMakeFiles/slc_blink_kernel_freertos.dir/default_config/027a1a93217453c231a8cd2b3502e33c/platform/service/memory_manager/src/sl_memory_manager_region.c.obj
                0x08005b98                sl_memory_get_heap_region
 .text.sli_memory_find_head_free_block
                0x08005bac       0x58 CMakeFiles/slc_blink_kernel_freertos.dir/default_config/027a1a93217453c231a8cd2b3502e33c/platform/service/memory_manager/src/sli_memory_manager_common.c.obj
                0x08005bac                sli_memory_find_head_free_block
 .text.sli_memory_create_heap
                0x08005c04       0x58 CMakeFiles/slc_blink_kernel_freertos.dir/default_config/027a1a93217453c231a8cd2b3502e33c/platform/service/memory_manager/src/sli_memory_manager_common.c.obj
                0x08005c04                sli_memory_create_heap
 .text.sli_memory_get_heap_handle
                0x08005c5c        0x8 CMakeFiles/slc_blink_kernel_freertos.dir/default_config/027a1a93217453c231a8cd2b3502e33c/platform/service/memory_manager/src/sli_memory_manager_common.c.obj
                0x08005c5c                sli_memory_get_heap_handle
 .text.sl_main_init
                0x08005c64       0x7c CMakeFiles/slc_blink_kernel_freertos.dir/default_config/C_/Users/sucut/SimplicityStudio/SDKs/simplicity_sdk/platform/service/sl_main/src/sl_main_init.c.obj
                0x08005c64                sl_main_init
 .text.start_task_handler
                0x08005ce0       0x18 CMakeFiles/slc_blink_kernel_freertos.dir/default_config/C_/Users/sucut/SimplicityStudio/SDKs/simplicity_sdk/platform/service/sl_main/src/sl_main_kernel.c.obj
 .text.sli_main_kernel_start_task_initialize
                0x08005cf8       0x34 CMakeFiles/slc_blink_kernel_freertos.dir/default_config/C_/Users/sucut/SimplicityStudio/SDKs/simplicity_sdk/platform/service/sl_main/src/sl_main_kernel.c.obj
                0x08005cf8                sli_main_kernel_start_task_initialize
 .text.sl_sleeptimer_init
                0x08005d2c       0x74 CMakeFiles/slc_blink_kernel_freertos.dir/default_config/C_/Users/sucut/SimplicityStudio/SDKs/simplicity_sdk/platform/service/sleeptimer/src/sl_sleeptimer.c.obj
                0x08005d2c                sl_sleeptimer_init
 .text.sleeptimer_hal_init_timer
                0x08005da0       0x6c CMakeFiles/slc_blink_kernel_freertos.dir/default_config/027a1a93217453c231a8cd2b3502e33c/platform/service/sleeptimer/src/sl_sleeptimer_hal_sysrtc.c.obj
                0x08005da0                sleeptimer_hal_init_timer
 .text.sl_udelay_wait
                0x08005e0c       0x58 CMakeFiles/slc_blink_kernel_freertos.dir/default_config/C_/Users/sucut/SimplicityStudio/SDKs/simplicity_sdk/platform/service/udelay/src/sl_udelay.c.obj
                0x08005e0c                sl_udelay_wait
 .text.vApplicationStackOverflowHook
                0x08005e64       0x10 CMakeFiles/slc_blink_kernel_freertos.dir/default_config/C_/Users/sucut/SimplicityStudio/SDKs/simplicity_sdk/util/third_party/freertos/cmsis/Source/cmsis_os2.c.obj
                0x08005e64                vApplicationStackOverflowHook
 .text.prvTaskExitError
                0x08005e74       0x30 CMakeFiles/slc_blink_kernel_freertos.dir/default_config/d5e3434797ae300c975c46faf963ea08/third_party/freertos/kernel/portable/GCC/ARM_CM33_NTZ/non_secure/port.c.obj
 .text.vPortValidateInterruptPriority
                0x08005ea4       0x54 CMakeFiles/slc_blink_kernel_freertos.dir/default_config/d5e3434797ae300c975c46faf963ea08/third_party/freertos/kernel/portable/GCC/ARM_CM33_NTZ/non_secure/port.c.obj
                0x08005ea4                vPortValidateInterruptPriority
 .text.sl_iostream_set_console_instance
                0x08005ef8       0x24 CMakeFiles/slc_blink_kernel_freertos.dir/default_config/E_/CODE/Silicon_Labs/blink_kernel_freertos_20dBm/autogen/sl_iostream_handles.c.obj
                0x08005ef8                sl_iostream_set_console_instance
 .text.sl_iostream_eusart_init_vcom
                0x08005f1c       0xb0 CMakeFiles/slc_blink_kernel_freertos.dir/default_config/E_/CODE/Silicon_Labs/blink_kernel_freertos_20dBm/autogen/sl_iostream_init_eusart_instances.c.obj
                0x08005f1c                sl_iostream_eusart_init_vcom
 .text.EUSART0_RX_IRQHandler
                0x08005fcc        0xc CMakeFiles/slc_blink_kernel_freertos.dir/default_config/E_/CODE/Silicon_Labs/blink_kernel_freertos_20dBm/autogen/sl_iostream_init_eusart_instances.c.obj
                0x08005fcc                EUSART0_RX_IRQHandler
 .text.sl_simple_button_init_instances
                0x08005fd8        0xc CMakeFiles/slc_blink_kernel_freertos.dir/default_config/E_/CODE/Silicon_Labs/blink_kernel_freertos_20dBm/autogen/sl_simple_button_instances.c.obj
                0x08005fd8                sl_simple_button_init_instances
 .text.sl_simple_led_init_instances
                0x08005fe4        0xc CMakeFiles/slc_blink_kernel_freertos.dir/default_config/E_/CODE/Silicon_Labs/blink_kernel_freertos_20dBm/autogen/sl_simple_led_instances.c.obj
                0x08005fe4                sl_simple_led_init_instances
 .text.sl_uartdrv_set_default
                0x08005ff0       0x14 CMakeFiles/slc_blink_kernel_freertos.dir/default_config/E_/CODE/Silicon_Labs/blink_kernel_freertos_20dBm/autogen/sl_uartdrv_init.c.obj
                0x08005ff0                sl_uartdrv_set_default
 .text.sl_uartdrv_init_instances
                0x08006004       0x20 CMakeFiles/slc_blink_kernel_freertos.dir/default_config/E_/CODE/Silicon_Labs/blink_kernel_freertos_20dBm/autogen/sl_uartdrv_init.c.obj
                0x08006004                sl_uartdrv_init_instances
 .text.sl_uartdrv_get_default
                0x08006024        0xc CMakeFiles/slc_blink_kernel_freertos.dir/default_config/E_/CODE/Silicon_Labs/blink_kernel_freertos_20dBm/autogen/sl_uartdrv_init.c.obj
                0x08006024                sl_uartdrv_get_default
 .text.embeddat_task_consumer
                0x08006030       0x50 CMakeFiles/slc_blink_kernel_freertos.dir/default_config/E_/CODE/Silicon_Labs/blink_kernel_freertos_20dBm/blink.c.obj
 .text.embeddat_semaphore_consumer
                0x08006080       0x50 CMakeFiles/slc_blink_kernel_freertos.dir/default_config/E_/CODE/Silicon_Labs/blink_kernel_freertos_20dBm/blink.c.obj
 .text.blink_task
                0x080060d0       0x18 CMakeFiles/slc_blink_kernel_freertos.dir/default_config/E_/CODE/Silicon_Labs/blink_kernel_freertos_20dBm/blink.c.obj
 .text.embeddat_task_producer
                0x080060e8       0xa4 CMakeFiles/slc_blink_kernel_freertos.dir/default_config/E_/CODE/Silicon_Labs/blink_kernel_freertos_20dBm/blink.c.obj
 .text.blink_init
                0x0800618c       0xec CMakeFiles/slc_blink_kernel_freertos.dir/default_config/E_/CODE/Silicon_Labs/blink_kernel_freertos_20dBm/blink.c.obj
                0x0800618c                blink_init
 .text.sl_button_on_change
                0x08006278       0x40 CMakeFiles/slc_blink_kernel_freertos.dir/default_config/E_/CODE/Silicon_Labs/blink_kernel_freertos_20dBm/blink.c.obj
                0x08006278                sl_button_on_change
 .text.sl_embeddat_led1_init
                0x080062b8        0xc CMakeFiles/slc_blink_kernel_freertos.dir/default_config/E_/CODE/Silicon_Labs/blink_kernel_freertos_20dBm/zmy_led.c.obj
                0x080062b8                sl_embeddat_led1_init
 .text.my_queue_init
                0x080062c4       0x70 CMakeFiles/slc_blink_kernel_freertos.dir/default_config/E_/CODE/Silicon_Labs/blink_kernel_freertos_20dBm/zmy_queue/my_queue.c.obj
                0x080062c4                my_queue_init
 .text          0x08006334       0x30 e:/application/siliconlabs/simplicitystudio/v5/developer/toolchains/gnu_arm/12.2.rel1_2023.7/bin/../lib/gcc/arm-none-eabi/12.2.1/thumb/v8-m.main+fp/hard\libgcc.a(_aeabi_uldivmod.o)
                0x08006334                __aeabi_uldivmod
 .text.__udivmoddi4
                0x08006364      0x2ec e:/application/siliconlabs/simplicitystudio/v5/developer/toolchains/gnu_arm/12.2.rel1_2023.7/bin/../lib/gcc/arm-none-eabi/12.2.1/thumb/v8-m.main+fp/hard\libgcc.a(_udivmoddi4.o)
                0x08006364                __udivmoddi4
 .text          0x08006650        0x4 e:/application/siliconlabs/simplicitystudio/v5/developer/toolchains/gnu_arm/12.2.rel1_2023.7/bin/../lib/gcc/arm-none-eabi/12.2.1/thumb/v8-m.main+fp/hard\libgcc.a(_dvmd_tls.o)
                0x08006650                __aeabi_idiv0
                0x08006650                __aeabi_ldiv0
 .text.exit     0x08006654       0x24 e:/application/siliconlabs/simplicitystudio/v5/developer/toolchains/gnu_arm/12.2.rel1_2023.7/bin/../lib/gcc/arm-none-eabi/12.2.1/thumb/v8-m.main+fp/hard\libc_nano.a(libc_a-exit.o)
                0x08006654                exit
 .text.std      0x08006678       0x6c e:/application/siliconlabs/simplicitystudio/v5/developer/toolchains/gnu_arm/12.2.rel1_2023.7/bin/../lib/gcc/arm-none-eabi/12.2.1/thumb/v8-m.main+fp/hard\libc_nano.a(libc_a-findfp.o)
 .text.stdio_exit_handler
                0x080066e4       0x18 e:/application/siliconlabs/simplicitystudio/v5/developer/toolchains/gnu_arm/12.2.rel1_2023.7/bin/../lib/gcc/arm-none-eabi/12.2.1/thumb/v8-m.main+fp/hard\libc_nano.a(libc_a-findfp.o)
 .text.cleanup_stdio
                0x080066fc       0x40 e:/application/siliconlabs/simplicitystudio/v5/developer/toolchains/gnu_arm/12.2.rel1_2023.7/bin/../lib/gcc/arm-none-eabi/12.2.1/thumb/v8-m.main+fp/hard\libc_nano.a(libc_a-findfp.o)
 .text.global_stdio_init.part.0
                0x0800673c       0x3c e:/application/siliconlabs/simplicitystudio/v5/developer/toolchains/gnu_arm/12.2.rel1_2023.7/bin/../lib/gcc/arm-none-eabi/12.2.1/thumb/v8-m.main+fp/hard\libc_nano.a(libc_a-findfp.o)
 .text.__sfp_lock_acquire
                0x08006778        0xc e:/application/siliconlabs/simplicitystudio/v5/developer/toolchains/gnu_arm/12.2.rel1_2023.7/bin/../lib/gcc/arm-none-eabi/12.2.1/thumb/v8-m.main+fp/hard\libc_nano.a(libc_a-findfp.o)
                0x08006778                __sfp_lock_acquire
 .text.__sfp_lock_release
                0x08006784        0xc e:/application/siliconlabs/simplicitystudio/v5/developer/toolchains/gnu_arm/12.2.rel1_2023.7/bin/../lib/gcc/arm-none-eabi/12.2.1/thumb/v8-m.main+fp/hard\libc_nano.a(libc_a-findfp.o)
                0x08006784                __sfp_lock_release