Archive member included to satisfy reference by file (symbol)

C:/Users/sucut/SimplicityStudio/SDKs/simplicity_sdk//protocol/openthread/libs/libsl_openthread_cm33_gcc.a(sl_openthread.o)
                              ./simplicity_sdk_2025.6.2/protocol/openthread/platform-abstraction/efr32/system.o (symbol from plugin) (sl_openthread_init)
C:/Users/sucut/SimplicityStudio/SDKs/simplicity_sdk//platform/radio/rail_lib/autogen/librail_release/librail_efr32xg24_gcc_release.a(rail_singleprotocol.o)
                              ./simplicity_sdk_2025.6.2/protocol/openthread/platform-abstraction/efr32/radio.o (symbol from plugin) (sl_rail_init)
C:/Users/sucut/SimplicityStudio/SDKs/simplicity_sdk//platform/radio/rail_lib/autogen/librail_release/librail_efr32xg24_gcc_release.a(rail_rf.o)
                              C:/Users/sucut/SimplicityStudio/SDKs/simplicity_sdk//protocol/openthread/libs/libsl_openthread_cm33_gcc.a(sl_openthread.o) (sl_rail_unlock_module)
C:/Users/sucut/SimplicityStudio/SDKs/simplicity_sdk//platform/radio/rail_lib/autogen/librail_release/librail_efr32xg24_gcc_release.a(rail_rx.o)
                              ./simplicity_sdk_2025.6.2/protocol/openthread/platform-abstraction/efr32/radio.o (symbol from plugin) (sl_rail_config_rx_options)
C:/Users/sucut/SimplicityStudio/SDKs/simplicity_sdk//platform/radio/rail_lib/autogen/librail_release/librail_efr32xg24_gcc_release.a(rail_tx.o)
                              C:/Users/sucut/SimplicityStudio/SDKs/simplicity_sdk//platform/radio/rail_lib/autogen/librail_release/librail_efr32xg24_gcc_release.a(rail_singleprotocol.o) (sli_rail_702d492f891744505c1804ad464b3197)
C:/Users/sucut/SimplicityStudio/SDKs/simplicity_sdk//platform/radio/rail_lib/autogen/librail_release/librail_efr32xg24_gcc_release.a(rail_calibration.o)
                              C:/Users/sucut/SimplicityStudio/SDKs/simplicity_sdk//platform/radio/rail_lib/autogen/librail_release/librail_efr32xg24_gcc_release.a(rail_singleprotocol.o) (sli_rail_3f0676ac0f150b09d4f7c9192cb9582b)
C:/Users/sucut/SimplicityStudio/SDKs/simplicity_sdk//platform/radio/rail_lib/autogen/librail_release/librail_efr32xg24_gcc_release.a(rail_data.o)
                              ./simplicity_sdk_2025.6.2/protocol/openthread/platform-abstraction/efr32/radio.o (symbol from plugin) (sl_rail_write_tx_fifo)
C:/Users/sucut/SimplicityStudio/SDKs/simplicity_sdk//platform/radio/rail_lib/autogen/librail_release/librail_efr32xg24_gcc_release.a(rail_assert.o)
                              C:/Users/sucut/SimplicityStudio/SDKs/simplicity_sdk//platform/radio/rail_lib/autogen/librail_release/librail_efr32xg24_gcc_release.a(rail_rf.o) (sli_rail_205167ae842e22724c3f35c6430eeddb)
C:/Users/sucut/SimplicityStudio/SDKs/simplicity_sdk//platform/radio/rail_lib/autogen/librail_release/librail_efr32xg24_gcc_release.a(rail_pti.o)
                              ./simplicity_sdk_2025.6.2/platform/radio/rail_lib/plugin/rail_util_pti/sl_rail_util_pti.o (symbol from plugin) (sl_rail_config_pti)
C:/Users/sucut/SimplicityStudio/SDKs/simplicity_sdk//platform/radio/rail_lib/autogen/librail_release/librail_efr32xg24_gcc_release.a(rail_rssi.o)
                              ./simplicity_sdk_2025.6.2/platform/radio/rail_lib/plugin/rail_util_rssi/sl_rail_util_rssi.o (symbol from plugin) (sl_rail_set_rssi_offset)
C:/Users/sucut/SimplicityStudio/SDKs/simplicity_sdk//platform/radio/rail_lib/autogen/librail_release/librail_efr32xg24_gcc_release.a(rail_timer.o)
                              ./simplicity_sdk_2025.6.2/protocol/openthread/platform-abstraction/efr32/alarm.o (symbol from plugin) (sl_rail_get_time)
C:/Users/sucut/SimplicityStudio/SDKs/simplicity_sdk//platform/radio/rail_lib/autogen/librail_release/librail_efr32xg24_gcc_release.a(rail_features.o)
                              ./simplicity_sdk_2025.6.2/platform/radio/rail_lib/plugin/pa-conversions/pa_conversions_efr32.o (symbol from plugin) (RAIL_SupportsTxPowerModeAlt)
C:/Users/sucut/SimplicityStudio/SDKs/simplicity_sdk//platform/radio/rail_lib/autogen/librail_release/librail_efr32xg24_gcc_release.a(tmrdrv.o)
                              C:/Users/sucut/SimplicityStudio/SDKs/simplicity_sdk//platform/radio/rail_lib/autogen/librail_release/librail_efr32xg24_gcc_release.a(rail_timer.o) (sli_rail_03a02e949ccb07bdf2c116a95bc1063d)
C:/Users/sucut/SimplicityStudio/SDKs/simplicity_sdk//platform/radio/rail_lib/autogen/librail_release/librail_efr32xg24_gcc_release.a(tmrdrv_config.o)
                              C:/Users/sucut/SimplicityStudio/SDKs/simplicity_sdk//platform/radio/rail_lib/autogen/librail_release/librail_efr32xg24_gcc_release.a(tmrdrv.o) (sli_rail_47ca1afb9bdf7beb1cf53c552f662e9e)
C:/Users/sucut/SimplicityStudio/SDKs/simplicity_sdk//platform/radio/rail_lib/autogen/librail_release/librail_efr32xg24_gcc_release.a(pa_auto_mode.o)
[...]
Memory Configuration

Name             Origin             Length             Attributes
FLASH            0x08006000         0x00178000         xr
RAM              0x20000004         0x0003fffc         xrw
BOOTLOADER_RESET_REGION 0x20000000         0x00000004         xrw
*default*        0x00000000         0xffffffff

Linker script and memory map

LOAD C:/ST/STM32CubeCLT_1.19.0/GNU-tools-for-STM32/bin/../lib/gcc/arm-none-eabi/13.3.1/thumb/v8-m.main+fp/hard/crti.o
LOAD C:/ST/STM32CubeCLT_1.19.0/GNU-tools-for-STM32/bin/../lib/gcc/arm-none-eabi/13.3.1/thumb/v8-m.main+fp/hard/crtbegin.o
LOAD C:/ST/STM32CubeCLT_1.19.0/GNU-tools-for-STM32/bin/../lib/gcc/arm-none-eabi/13.3.1/../../../../arm-none-eabi/lib/thumb/v8-m.main+fp/hard/crt0.o
START GROUP
LOAD ./app.o
LOAD C:\Users\sucut\AppData\Local\Temp\cc843YEb.ltrans0.ltrans.o
LOAD C:\Users\sucut\AppData\Local\Temp\cc843YEb.ltrans1.ltrans.o
LOAD C:\Users\sucut\AppData\Local\Temp\cc6Vfo1F.debug.temp.o
LOAD C:\Users\sucut\AppData\Local\Temp\ccqujqnF.debug.temp.o
LOAD C:\Users\sucut\AppData\Local\Temp\ccK2msJE.debug.temp.o
LOAD C:\Users\sucut\AppData\Local\Temp\ccYbVdYH.debug.temp.o
LOAD C:\Users\sucut\AppData\Local\Temp\cccltZcL.debug.temp.o
LOAD C:\Users\sucut\AppData\Local\Temp\ccIXNkwO.debug.temp.o
LOAD C:\Users\sucut\AppData\Local\Temp\cceA8FPR.debug.temp.o
LOAD C:\Users\sucut\AppData\Local\Temp\cc86t2YU.debug.temp.o
LOAD C:\Users\sucut\AppData\Local\Temp\cc2DPo8X.debug.temp.o
LOAD C:\Users\sucut\AppData\Local\Temp\ccywkJG1.debug.temp.o
LOAD C:\Users\sucut\AppData\Local\Temp\cc4oP3e5.debug.temp.o
LOAD C:\Users\sucut\AppData\Local\Temp\cco1YTR8.debug.temp.o
LOAD C:\Users\sucut\AppData\Local\Temp\ccYrWihc.debug.temp.o
LOAD C:\Users\sucut\AppData\Local\Temp\cciaDiXe.debug.temp.o
LOAD C:\Users\sucut\AppData\Local\Temp\ccURC0Hh.debug.temp.o
LOAD C:\Users\sucut\AppData\Local\Temp\ccsLt8dk.debug.temp.o
LOAD C:\Users\sucut\AppData\Local\Temp\ccmKbZOm.debug.temp.o
LOAD C:\Users\sucut\AppData\Local\Temp\ccg9OIOp.debug.temp.o
LOAD C:\Users\sucut\AppData\Local\Temp\ccM9FgDs.debug.temp.o
LOAD C:\Users\sucut\AppData\Local\Temp\cca0Jkwv.debug.temp.o
LOAD C:\Users\sucut\AppData\Local\Temp\ccyQNopy.debug.temp.o
LOAD C:\Users\sucut\AppData\Local\Temp\ccWQ0GuA.debug.temp.o
LOAD C:\Users\sucut\AppData\Local\Temp\ccSkCiBC.debug.temp.o
LOAD C:\Users\sucut\AppData\Local\Temp\cc0wtsuE.debug.temp.o
LOAD C:\Users\sucut\AppData\Local\Temp\cc8IkCnG.debug.temp.o
LOAD C:\Users\sucut\AppData\Local\Temp\cccntrlI.debug.temp.o
LOAD C:\Users\sucut\AppData\Local\Temp\ccMdWdIK.debug.temp.o
LOAD C:\Users\sucut\AppData\Local\Temp\cc6Hvv9M.debug.temp.o
LOAD C:\Users\sucut\AppData\Local\Temp\ccCUklnP.debug.temp.o
LOAD C:\Users\sucut\AppData\Local\Temp\ccE9WrDR.debug.temp.o
LOAD C:\Users\sucut\AppData\Local\Temp\ccGozyTT.debug.temp.o
LOAD C:\Users\sucut\AppData\Local\Temp\ccOU6ClV.debug.temp.o
LOAD C:\Users\sucut\AppData\Local\Temp\ccQFFfVW.debug.temp.o
LOAD C:\Users\sucut\AppData\Local\Temp\ccSqeSuY.debug.temp.o
LOAD C:\Users\sucut\AppData\Local\Temp\ccwvzPQZ.debug.temp.o
LOAD C:\Users\sucut\AppData\Local\Temp\ccwFLvh1.debug.temp.o
LOAD C:\Users\sucut\AppData\Local\Temp\cc2hq542.debug.temp.o
LOAD C:\Users\sucut\AppData\Local\Temp\ccQTnnX4.debug.temp.o
LOAD C:\Users\sucut\AppData\Local\Temp\ccM5ZVB6.debug.temp.o
LOAD C:\Users\sucut\AppData\Local\Temp\ccKKw4j8.debug.temp.o
LOAD C:\Users\sucut\AppData\Local\Temp\ccIp3c29.debug.temp.o
LOAD C:\Users\sucut\AppData\Local\Temp\ccQB6MHf.debug.temp.o
LOAD C:\Users\sucut\AppData\Local\Temp\ccA9YY9k.debug.temp.o
LOAD C:\Users\sucut\AppData\Local\Temp\ccCE7BGq.debug.temp.o
LOAD C:\Users\sucut\AppData\Local\Temp\ccyaYUzw.debug.temp.o
LOAD C:\Users\sucut\AppData\Local\Temp\ccuGOdtC.debug.temp.o
LOAD C:\Users\sucut\AppData\Local\Temp\ccOkNfrI.debug.temp.o
LOAD C:\Users\sucut\AppData\Local\Temp\ccw5yq8N.debug.temp.o
LOAD C:\Users\sucut\AppData\Local\Temp\ccsH21TT.debug.temp.o
LOAD C:\Users\sucut\AppData\Local\Temp\ccojwDFZ.debug.temp.o
LOAD C:\Users\sucut\AppData\Local\Temp\cck58sD4.debug.temp.o
LOAD C:\Users\sucut\AppData\Local\Temp\ccyQ40F9.debug.temp.o
LOAD C:\Users\sucut\AppData\Local\Temp\cc0mx7ue.debug.temp.o
LOAD C:\Users\sucut\AppData\Local\Temp\ccsViLoj.debug.temp.o
LOAD C:\Users\sucut\AppData\Local\Temp\ccUt4oio.debug.temp.o
LOAD C:\Users\sucut\AppData\Local\Temp\cck95Iyt.debug.temp.o
LOAD C:\Users\sucut\AppData\Local\Temp\cc6RVuTy.debug.temp.o
LOAD C:\Users\sucut\AppData\Local\Temp\ccQPTGZD.debug.temp.o
LOAD C:\Users\sucut\AppData\Local\Temp\ccANRS5I.debug.temp.o
LOAD C:\Users\sucut\AppData\Local\Temp\ccAHRMgO.debug.temp.o
LOAD C:\Users\sucut\AppData\Local\Temp\ccABRGrT.debug.temp.o
LOAD C:\Users\sucut\AppData\Local\Temp\ccELyPOX.debug.temp.o
LOAD C:\Users\sucut\AppData\Local\Temp\ccWMXog2.debug.temp.o
LOAD C:\Users\sucut\AppData\Local\Temp\ccknNvu6.debug.temp.o
LOAD C:\Users\sucut\AppData\Local\Temp\ccIXCCIa.debug.temp.o
LOAD C:\Users\sucut\AppData\Local\Temp\ccG6qA2e.debug.temp.o
LOAD C:\Users\sucut\AppData\Local\Temp\cc6B9qJj.debug.temp.o
LOAD C:\Users\sucut\AppData\Local\Temp\ccqIUkso.debug.temp.o
LOAD C:\Users\sucut\AppData\Local\Temp\ccKOFebt.debug.temp.o
LOAD C:\Users\sucut\AppData\Local\Temp\ccWMGVYx.debug.temp.o
LOAD C:\Users\sucut\AppData\Local\Temp\ccWqYgvC.debug.temp.o
LOAD C:\Users\sucut\AppData\Local\Temp\ccGIm75G.debug.temp.o
LOAD C:\Users\sucut\AppData\Local\Temp\ccq0KXGL.debug.temp.o
LOAD C:\Users\sucut\AppData\Local\Temp\ccoVpavP.debug.temp.o
LOAD C:\Users\sucut\AppData\Local\Temp\ccmQ4mjT.debug.temp.o
LOAD C:\Users\sucut\AppData\Local\Temp\ccCK2hcX.debug.temp.o
LOAD C:\Users\sucut\AppData\Local\Temp\ccSE0c50.debug.temp.o
LOAD C:\Users\sucut\AppData\Local\Temp\ccSAnCK4.debug.temp.o
LOAD C:\Users\sucut\AppData\Local\Temp\cc8qJsu8.debug.temp.o
LOAD C:\Users\sucut\AppData\Local\Temp\ccoh5iec.debug.temp.o
LOAD C:\Users\sucut\AppData\Local\Temp\ccAdt6kg.debug.temp.o
LOAD C:\Users\sucut\AppData\Local\Temp\ccM9QTrk.debug.temp.o
LOAD C:\Users\sucut\AppData\Local\Temp\ccYvSgCo.debug.temp.o
LOAD C:\Users\sucut\AppData\Local\Temp\ccWWz8ys.debug.temp.o
LOAD C:\Users\sucut\AppData\Local\Temp\ccig1wyw.debug.temp.o
LOAD C:\Users\sucut\AppData\Local\Temp\ccIz7mBA.debug.temp.o
LOAD C:\Users\sucut\AppData\Local\Temp\cc63JOwI.debug.temp.o
LOAD C:\Users\sucut\AppData\Local\Temp\cc69B7xQ.debug.temp.o
LOAD C:\Users\sucut\AppData\Local\Temp\ccuYWwjY.debug.temp.o
LOAD C:\Users\sucut\AppData\Local\Temp\ccSMhW45.debug.temp.o
LOAD C:\Users\sucut\AppData\Local\Temp\cc6nyRUd.debug.temp.o
LOAD C:\Users\sucut\AppData\Local\Temp\ccKisF7l.debug.temp.o
LOAD C:\Users\sucut\AppData\Local\Temp\ccKidcpu.debug.temp.o
LOAD C:\Users\sucut\AppData\Local\Temp\ccKiYIGC.debug.temp.o
LOAD C:\Users\sucut\AppData\Local\Temp\ccshRJKK.debug.temp.o
LOAD C:\Users\sucut\AppData\Local\Temp\ccagKKOS.debug.temp.o
LOAD C:\Users\sucut\AppData\Local\Temp\ccsNBCY0.debug.temp.o
LOAD C:\Users\sucut\AppData\Local\Temp\cc82Ruk8.debug.temp.o
LOAD C:\Users\sucut\AppData\Local\Temp\cc6jumLf.debug.temp.o
LOAD C:\Users\sucut\AppData\Local\Temp\ccY1RQVm.debug.temp.o
LOAD C:\Users\sucut\AppData\Local\Temp\ccApp7au.debug.temp.o
LOAD C:\Users\sucut\AppData\Local\Temp\cccNWnqB.debug.temp.o
LOAD C:\Users\sucut\AppData\Local\Temp\ccQTOt2I.debug.temp.o
LOAD C:\Users\sucut\AppData\Local\Temp\ccu0GzEQ.debug.temp.o
LOAD C:\Users\sucut\AppData\Local\Temp\cco1x6kY.debug.temp.o
LOAD C:\Users\sucut\AppData\Local\Temp\ccaMqhO5.debug.temp.o
LOAD C:\Users\sucut\AppData\Local\Temp\ccWwjshd.debug.temp.o
LOAD C:\Users\sucut\AppData\Local\Temp\ccYj7TLk.debug.temp.o
LOAD C:\Users\sucut\AppData\Local\Temp\ccUvV0ks.debug.temp.o
LOAD C:\Users\sucut\AppData\Local\Temp\ccQHJ7Tz.debug.temp.o
LOAD C:\Users\sucut\AppData\Local\Temp\ccMTxetH.debug.temp.o
LOAD C:\Users\sucut\AppData\Local\Temp\cc638xgO.debug.temp.o
LOAD C:\Users\sucut\AppData\Local\Temp\cc8IouQU.debug.temp.o
LOAD C:\Users\sucut\AppData\Local\Temp\ccGqrHs1.debug.temp.o
LOAD C:\Users\sucut\AppData\Local\Temp\cce8tU47.debug.temp.o
LOAD C:\Users\sucut\AppData\Local\Temp\ccAzbDLe.debug.temp.o
LOAD C:\Users\sucut\AppData\Local\Temp\ccW0Slsl.debug.temp.o
LOAD C:\Users\sucut\AppData\Local\Temp\ccILdXvs.debug.temp.o
LOAD C:\Users\sucut\AppData\Local\Temp\ccOw5ZDz.debug.temp.o
LOAD C:\Users\sucut\AppData\Local\Temp\ccUhX2LG.debug.temp.o
LOAD C:\Users\sucut\AppData\Local\Temp\ccUbpvFN.debug.temp.o
LOAD C:\Users\sucut\AppData\Local\Temp\ccsbVeBU.debug.temp.o
LOAD C:\Users\sucut\AppData\Local\Temp\ccsZnZI0.debug.temp.o
LOAD C:\Users\sucut\AppData\Local\Temp\ccOSHsV6.debug.temp.o
LOAD C:\Users\sucut\AppData\Local\Temp\ccaM1V7c.debug.temp.o
LOAD C:\Users\sucut\AppData\Local\Temp\ccGkkX6i.debug.temp.o
LOAD C:\Users\sucut\AppData\Local\Temp\cccTCY5o.debug.temp.o
LOAD C:\Users\sucut\AppData\Local\Temp\ccywiZbv.debug.temp.o
LOAD C:\Users\sucut\AppData\Local\Temp\ccAzmrCB.debug.temp.o
LOAD C:\Users\sucut\AppData\Local\Temp\ccCCqT2H.debug.temp.o
LOAD C:\Users\sucut\AppData\Local\Temp\ccWCKMxO.debug.temp.o
LOAD C:\Users\sucut\AppData\Local\Temp\ccgD4F2U.debug.temp.o
LOAD C:\Users\sucut\AppData\Local\Temp\cc6XAgl1.debug.temp.o
LOAD C:\Users\sucut\AppData\Local\Temp\ccANolI7.debug.temp.o
LOAD C:\Users\sucut\AppData\Local\Temp\cc4Ccq5d.debug.temp.o
LOAD C:\Users\sucut\AppData\Local\Temp\ccAL7nlo.debug.temp.o
LOAD C:\Users\sucut\AppData\Local\Temp\ccu2a5Fy.debug.temp.o
LOAD C:\Users\sucut\AppData\Local\Temp\ccojeM0I.debug.temp.o
LOAD C:\Users\sucut\AppData\Local\Temp\ccuix17S.debug.temp.o
LOAD C:\Users\sucut\AppData\Local\Temp\ccO8xHj3.debug.temp.o
LOAD C:\Users\sucut\AppData\Local\Temp\ccgJw7Qd.debug.temp.o
LOAD C:\Users\sucut\AppData\Local\Temp\cc6rDgto.debug.temp.o
LOAD C:\Users\sucut\AppData\Local\Temp\cc0wGC7y.debug.temp.o
LOAD C:\Users\sucut\AppData\Local\Temp\ccyYMjyJ.debug.temp.o
LOAD C:\Users\sucut\AppData\Local\Temp\cc4qYO3T.debug.temp.o
LOAD C:\Users\sucut\AppData\Local\Temp\ccmGkfL3.debug.temp.o
LOAD C:\Users\sucut\AppData\Local\Temp\cc465oxd.debug.temp.o
LOAD C:\Users\sucut\AppData\Local\Temp\ccaEEH2m.debug.temp.o
LOAD C:\Users\sucut\AppData\Local\Temp\ccgbd0xw.debug.temp.o
LOAD C:\Users\sucut\AppData\Local\Temp\ccKQT17F.debug.temp.o
LOAD C:\Users\sucut\AppData\Local\Temp\ccENaF4P.debug.temp.o
LOAD C:\Users\sucut\AppData\Local\Temp\ccSM105Z.debug.temp.o
LOAD C:\Users\sucut\AppData\Local\Temp\cc6LSm79.debug.temp.o
LOAD C:\Users\sucut\AppData\Local\Temp\ccEVtuXj.debug.temp.o
LOAD C:\Users\sucut\AppData\Local\Temp\cc0wiEPt.debug.temp.o
LOAD C:\Users\sucut\AppData\Local\Temp\ccXSp6Lv.debug.temp.o
LOAD C:\Users\sucut\AppData\Local\Temp\cceh7gNx.debug.temp.o
LOAD C:\Users\sucut\AppData\Local\Temp\cchKuWAz.debug.temp.o
LOAD C:\Users\sucut\AppData\Local\Temp\ccA7Q2sB.debug.temp.o
LOAD C:\Users\sucut\AppData\Local\Temp\ccTud9kD.debug.temp.o
LOAD C:\Users\sucut\AppData\Local\Temp\ccMqA9zF.debug.temp.o
LOAD C:\Users\sucut\AppData\Local\Temp\ccdSE0UH.debug.temp.o
LOAD C:\Users\sucut\AppData\Local\Temp\ccIPSo2J.debug.temp.o
LOAD C:\Users\sucut\AppData\Local\Temp\ccdN6M9L.debug.temp.o
LOAD C:\Users\sucut\AppData\Local\Temp\ccypYrvN.debug.temp.o
LOAD C:\Users\sucut\AppData\Local\Temp\ccjpheTO.debug.temp.o
LOAD C:\Users\sucut\AppData\Local\Temp\ccUbwwlQ.debug.temp.o
LOAD C:\Users\sucut\AppData\Local\Temp\ccvYKONR.debug.temp.o
LOAD C:\Users\sucut\AppData\Local\Temp\ccoC4F2S.debug.temp.o
LOAD C:\Users\sucut\AppData\Local\Temp\cczfHfmU.debug.temp.o
LOAD C:\Users\sucut\AppData\Local\Temp\ccKSjPFV.debug.temp.o
LOAD C:\Users\sucut\AppData\Local\Temp\ccNtn4lX.debug.temp.o
LOAD C:\Users\sucut\AppData\Local\Temp\ccGnTX6Y.debug.temp.o
LOAD C:\Users\sucut\AppData\Local\Temp\ccZcolD0.debug.temp.o
LOAD C:\Users\sucut\AppData\Local\Temp\ccwTA9d2.debug.temp.o
LOAD C:\Users\sucut\AppData\Local\Temp\ccz0O702.debug.temp.o
LOAD C:\Users\sucut\AppData\Local\Temp\ccC725N3.debug.temp.o
LOAD C:\Users\sucut\AppData\Local\Temp\ccZgRMF4.debug.temp.o
LOAD C:\Users\sucut\AppData\Local\Temp\ccYJrOj5.debug.temp.o
LOAD C:\Users\sucut\AppData\Local\Temp\ccXc2PX5.debug.temp.o
LOAD C:\Users\sucut\AppData\Local\Temp\ccafTOD6.debug.temp.o
LOAD C:\Users\sucut\AppData\Local\Temp\cctUAfJ7.debug.temp.o
LOAD C:\Users\sucut\AppData\Local\Temp\ccMziGO8.debug.temp.o
LOAD C:\Users\sucut\AppData\Local\Temp\cczCQpV9.debug.temp.o
LOAD C:\Users\sucut\AppData\Local\Temp\ccEwtIOa.debug.temp.o
LOAD C:\Users\sucut\AppData\Local\Temp\cc3sGJMb.debug.temp.o
LOAD C:\Users\sucut\AppData\Local\Temp\ccspTKKc.debug.temp.o
LOAD C:\Users\sucut\AppData\Local\Temp\ccB5ZGUc.debug.temp.o
LOAD C:\Users\sucut\AppData\Local\Temp\cc4NGl9c.debug.temp.o
LOAD C:\Users\sucut\AppData\Local\Temp\ccBUkr9c.debug.temp.o
LOAD C:\Users\sucut\AppData\Local\Temp\ccmUJeed.debug.temp.o
LOAD C:\Users\sucut\AppData\Local\Temp\ccFZcjld.debug.temp.o
LOAD C:\Users\sucut\AppData\Local\Temp\ccCrNOMd.debug.temp.o
LOAD C:\Users\sucut\AppData\Local\Temp\cclALPie.debug.temp.o
LOAD C:\Users\sucut\AppData\Local\Temp\cc4IJQOe.debug.temp.o
LOAD C:\Users\sucut\AppData\Local\Temp\ccvkjd7e.debug.temp.o
LOAD C:\Users\sucut\AppData\Local\Temp\cci1Jiuf.debug.temp.o
LOAD C:\Users\sucut\AppData\Local\Temp\cc1RsgKj.debug.temp.o
LOAD C:\Users\sucut\AppData\Local\Temp\ccKIbe0n.debug.temp.o
LOAD C:\Users\sucut\AppData\Local\Temp\ccLwaDks.debug.temp.o
LOAD C:\Users\sucut\AppData\Local\Temp\ccezNIsw.debug.temp.o
LOAD C:\Users\sucut\AppData\Local\Temp\ccHBqOAA.debug.temp.o
LOAD C:\Users\sucut\AppData\Local\Temp\ccwJUCNE.debug.temp.o
LOAD C:\Users\sucut\AppData\Local\Temp\ccLa2jnJ.debug.temp.o
LOAD C:\Users\sucut\AppData\Local\Temp\cc0B90WN.debug.temp.o
LOAD C:\Users\sucut\AppData\Local\Temp\ccpOq8AS.debug.temp.o
LOAD C:\Users\sucut\AppData\Local\Temp\ccm6LwhX.debug.temp.o
LOAD C:\Users\sucut\AppData\Local\Temp\ccJ9Q1H1.debug.temp.o
LOAD C:\Users\sucut\AppData\Local\Temp\cc6cWw85.debug.temp.o
LOAD C:\Users\sucut\AppData\Local\Temp\ccxUoIDa.debug.temp.o
LOAD C:\Users\sucut\AppData\Local\Temp\ccELJWke.debug.temp.o
LOAD C:\Users\sucut\AppData\Local\Temp\ccLC4a2h.debug.temp.o
LOAD C:\Users\sucut\AppData\Local\Temp\ccQQLYMl.debug.temp.o
LOAD C:\Users\sucut\AppData\Local\Temp\ccztzokp.debug.temp.o
LOAD C:\Users\sucut\AppData\Local\Temp\cci6mORs.debug.temp.o
LOAD C:\Users\sucut\AppData\Local\Temp\ccXasTtw.debug.temp.o
LOAD C:\Users\sucut\AppData\Local\Temp\ccWnizsA.debug.temp.o
LOAD C:\Users\sucut\AppData\Local\Temp\ccdArXvE.debug.temp.o
LOAD C:\Users\sucut\AppData\Local\Temp\ccuMAlzI.debug.temp.o
LOAD C:\Users\sucut\AppData\Local\Temp\cclvp3DM.debug.temp.o
LOAD C:\Users\sucut\AppData\Local\Temp\ccoWtjvQ.debug.temp.o
LOAD C:\Users\sucut\AppData\Local\Temp\ccxyG7qU.debug.temp.o
LOAD C:\Users\sucut\AppData\Local\Temp\ccGaTVmY.debug.temp.o
LOAD C:\Users\sucut\AppData\Local\Temp\ccbsdKu1.debug.temp.o
LOAD C:\Users\sucut\AppData\Local\Temp\ccwwt4G4.debug.temp.o
LOAD C:\Users\sucut\AppData\Local\Temp\ccRAJoT7.debug.temp.o
LOAD C:\Users\sucut\AppData\Local\Temp\cckhHgSa.debug.temp.o
LOAD C:\Users\sucut\AppData\Local\Temp\ccd93RVd.debug.temp.o
LOAD C:\Users\sucut\AppData\Local\Temp\cc60qtZg.debug.temp.o
LOAD C:\Users\sucut\AppData\Local\Temp\ccn76Fpk.debug.temp.o
LOAD C:\Users\sucut\AppData\Local\Temp\ccEDqsTn.debug.temp.o
LOAD C:\Users\sucut\AppData\Local\Temp\cc9UgN9q.debug.temp.o
LOAD C:\Users\sucut\AppData\Local\Temp\cc2kfRuu.debug.temp.o
LOAD C:\Users\sucut\AppData\Local\Temp\ccfDs73w.debug.temp.o
LOAD C:\Users\sucut\AppData\Local\Temp\ccURUDFz.debug.temp.o
LOAD C:\Users\sucut\AppData\Local\Temp\ccJp4W4B.debug.temp.o
LOAD C:\Users\sucut\AppData\Local\Temp\ccswLBVE.debug.temp.o
LOAD C:\Users\sucut\AppData\Local\Temp\ccxIjZQH.debug.temp.o
LOAD C:\Users\sucut\AppData\Local\Temp\ccIrfDyK.debug.temp.o
LOAD C:\Users\sucut\AppData\Local\Temp\ccfg2ZkN.debug.temp.o
LOAD C:\Users\sucut\AppData\Local\Temp\ccMkFf0T.debug.temp.o
LOAD C:\Users\sucut\AppData\Local\Temp\cclSc5I0.debug.temp.o
LOAD C:\Users\sucut\AppData\Local\Temp\ccUpKUr7.debug.temp.o
LOAD C:\Users\sucut\AppData\Local\Temp\cc9C0hZd.debug.temp.o
LOAD C:\Users\sucut\AppData\Local\Temp\ccoQgFwk.debug.temp.o
LOAD C:\Users\sucut\AppData\Local\Temp\cc7sIVqr.debug.temp.o
LOAD C:\Users\sucut\AppData\Local\Temp\ccM1UIpy.debug.temp.o
LOAD C:\Users\sucut\AppData\Local\Temp\ccx9x3aF.debug.temp.o
LOAD C:\Users\sucut\AppData\Local\Temp\ccihboWL.debug.temp.o
LOAD C:\Users\sucut\AppData\Local\Temp\cctAdsMS.debug.temp.o
LOAD C:\Users\sucut\AppData\Local\Temp\ccETfwCZ.debug.temp.o
LOAD C:\Users\sucut\AppData\Local\Temp\cc5YYLG5.debug.temp.o
LOAD C:\Users\sucut\AppData\Local\Temp\ccw4H1Kb.debug.temp.o
LOAD C:\Users\sucut\AppData\Local\Temp\cc5vMFQh.debug.temp.o
LOAD C:\Users\sucut\AppData\Local\Temp\ccGoGzIn.debug.temp.o
LOAD C:\Users\sucut\AppData\Local\Temp\ccBjacFt.debug.temp.o
LOAD C:\Users\sucut\AppData\Local\Temp\ccweEOBz.debug.temp.o
LOAD C:\Users\sucut\AppData\Local\Temp\ccXBAkVF.debug.temp.o
LOAD C:\Users\sucut\AppData\Local\Temp\ccY7R7gM.debug.temp.o
LOAD C:\Users\sucut\AppData\Local\Temp\cchvgxGS.debug.temp.o
LOAD C:\Users\sucut\AppData\Local\Temp\ccgqboTY.debug.temp.o
LOAD C:\Users\sucut\AppData\Local\Temp\ccjRhP94.debug.temp.o
LOAD C:\Users\sucut\AppData\Local\Temp\ccmiogqb.debug.temp.o
LOAD C:\Users\sucut\AppData\Local\Temp\ccXcNRSg.debug.temp.o
LOAD C:\Users\sucut\AppData\Local\Temp\cccCtXpm.debug.temp.o
LOAD C:\Users\sucut\AppData\Local\Temp\ccFMGBJr.debug.temp.o
LOAD C:\Users\sucut\AppData\Local\Temp\ccqWcY7w.debug.temp.o
LOAD C:\Users\sucut\AppData\Local\Temp\ccBnjWSC.debug.temp.o
LOAD C:\Users\sucut\AppData\Local\Temp\ccMOpUDI.debug.temp.o
LOAD C:\Users\sucut\AppData\Local\Temp\ccRqpPeO.debug.temp.o
LOAD C:\Users\sucut\AppData\Local\Temp\ccmiELQT.debug.temp.o
LOAD C:\Users\sucut\AppData\Local\Temp\ccDQgdxZ.debug.temp.o
LOAD C:\Users\sucut\AppData\Local\Temp\ccUoTEd5.debug.temp.o
LOAD C:\Users\sucut\AppData\Local\Temp\ccJUh859.debug.temp.o
LOAD C:\Users\sucut\AppData\Local\Temp\ccGiOo4e.debug.temp.o
LOAD C:\Users\sucut\AppData\Local\Temp\ccf29gPj.debug.temp.o
LOAD C:\Users\sucut\AppData\Local\Temp\cc8N5REo.debug.temp.o
LOAD C:\Users\sucut\AppData\Local\Temp\ccrRB4Qt.debug.temp.o
LOAD C:\Users\sucut\AppData\Local\Temp\cc2TqZ7y.debug.temp.o
LOAD C:\Users\sucut\AppData\Local\Temp\ccdB5gaE.debug.temp.o
LOAD C:\Users\sucut\AppData\Local\Temp\ccsMAOaN.debug.temp.o
LOAD C:\Users\sucut\AppData\Local\Temp\ccTdXmfW.debug.temp.o
LOAD C:\Users\sucut\AppData\Local\Temp\ccQhHP54.debug.temp.o
LOAD C:\Users\sucut\AppData\Local\Temp\cc7n100d.debug.temp.o
LOAD C:\Users\sucut\AppData\Local\Temp\ccONY4in.debug.temp.o
LOAD C:\Users\sucut\AppData\Local\Temp\ccRgKAFw.debug.temp.o
LOAD C:\Users\sucut\AppData\Local\Temp\ccUJv61F.debug.temp.o
LOAD C:\Users\sucut\AppData\Local\Temp\cc7RfabP.debug.temp.o
LOAD ./main.o
LOAD ./autogen/sl_board_default_init.o
LOAD ./autogen/sl_event_handler.o
LOAD ./autogen/sl_iostream_handles.o
LOAD ./autogen/sl_iostream_init_usart_instances.o
LOAD ./autogen/sl_ot_init.o
LOAD ./simplicity_sdk_2025.6.2/hardware/board/src/sl_board_control_gpio.o
LOAD ./simplicity_sdk_2025.6.2/hardware/board/src/sl_board_init.o
LOAD ./simplicity_sdk_2025.6.2/hardware/driver/configuration_over_swo/src/sl_cos.o
LOAD ./simplicity_sdk_2025.6.2/hardware/driver/mx25_flash_shutdown/src/sl_mx25_flash_shutdown_eusart/sl_mx25_flash_shutdown.o
LOAD ./simplicity_sdk_2025.6.2/platform/Device/SiliconLabs/EFR32MG24/Source/startup_efr32mg24.o
LOAD ./simplicity_sdk_2025.6.2/platform/Device/SiliconLabs/EFR32MG24/Source/system_efr32mg24.o
LOAD ./simplicity_sdk_2025.6.2/platform/bootloader/api/btl_interface.o
LOAD ./simplicity_sdk_2025.6.2/platform/bootloader/api/btl_interface_storage.o
LOAD ./simplicity_sdk_2025.6.2/platform/bootloader/app_properties/app_properties.o
LOAD ./simplicity_sdk_2025.6.2/platform/bootloader/core/flash/btl_internal_flash.o
LOAD ./simplicity_sdk_2025.6.2/platform/common/src/sl_assert.o
LOAD ./simplicity_sdk_2025.6.2/platform/common/src/sl_core_cortexm.o
LOAD ./simplicity_sdk_2025.6.2/platform/common/src/sl_slist.o
LOAD ./simplicity_sdk_2025.6.2/platform/common/src/sl_string.o
LOAD ./simplicity_sdk_2025.6.2/platform/common/src/sl_syscalls.o
LOAD ./simplicity_sdk_2025.6.2/platform/driver/debug/src/sl_debug_swo.o
LOAD ./simplicity_sdk_2025.6.2/platform/driver/gpio/src/sl_gpio.o
LOAD ./simplicity_sdk_2025.6.2/platform/emdrv/dmadrv/src/dmadrv.o
LOAD ./simplicity_sdk_2025.6.2/platform/emdrv/nvm3/src/nvm3.o
LOAD ./simplicity_sdk_2025.6.2/platform/emdrv/nvm3/src/nvm3_cache.o
LOAD ./simplicity_sdk_2025.6.2/platform/emdrv/nvm3/src/nvm3_default_common_linker.o
LOAD ./simplicity_sdk_2025.6.2/platform/emdrv/nvm3/src/nvm3_hal_flash.o
LOAD ./simplicity_sdk_2025.6.2/platform/emdrv/nvm3/src/nvm3_lock.o
LOAD ./simplicity_sdk_2025.6.2/platform/emdrv/nvm3/src/nvm3_object.o
LOAD ./simplicity_sdk_2025.6.2/platform/emdrv/nvm3/src/nvm3_page.o
LOAD ./simplicity_sdk_2025.6.2/platform/emdrv/nvm3/src/nvm3_utils.o
LOAD ./simplicity_sdk_2025.6.2/platform/emlib/src/em_burtc.o
LOAD ./simplicity_sdk_2025.6.2/platform/emlib/src/em_cmu.o
LOAD ./simplicity_sdk_2025.6.2/platform/emlib/src/em_emu.o
LOAD ./simplicity_sdk_2025.6.2/platform/emlib/src/em_eusart.o
LOAD ./simplicity_sdk_2025.6.2/platform/emlib/src/em_gpio.o
LOAD ./simplicity_sdk_2025.6.2/platform/emlib/src/em_ldma.o
LOAD ./simplicity_sdk_2025.6.2/platform/emlib/src/em_msc.o
LOAD ./simplicity_sdk_2025.6.2/platform/emlib/src/em_prs.o
LOAD ./simplicity_sdk_2025.6.2/platform/emlib/src/em_rmu.o
LOAD ./simplicity_sdk_2025.6.2/platform/emlib/src/em_system.o
LOAD ./simplicity_sdk_2025.6.2/platform/emlib/src/em_timer.o
LOAD ./simplicity_sdk_2025.6.2/platform/emlib/src/em_usart.o
LOAD ./simplicity_sdk_2025.6.2/platform/peripheral/src/sl_hal_gpio.o
LOAD ./simplicity_sdk_2025.6.2/platform/peripheral/src/sl_hal_sysrtc.o
LOAD ./simplicity_sdk_2025.6.2/platform/radio/rail_lib/plugin/pa-conversions/pa_conversions_efr32.o
LOAD ./simplicity_sdk_2025.6.2/platform/radio/rail_lib/plugin/pa-conversions/pa_curves_efr32.o
LOAD ./simplicity_sdk_2025.6.2/platform/radio/rail_lib/plugin/rail_util_built_in_phys/efr32xg24/sl_rail_ble_config_38M4Hz.o
LOAD ./simplicity_sdk_2025.6.2/platform/radio/rail_lib/plugin/rail_util_built_in_phys/efr32xg24/sl_rail_ble_config_39MHz.o
LOAD ./simplicity_sdk_2025.6.2/platform/radio/rail_lib/plugin/rail_util_built_in_phys/efr32xg24/sl_rail_ble_config_40MHz.o
LOAD ./simplicity_sdk_2025.6.2/platform/radio/rail_lib/plugin/rail_util_built_in_phys/efr32xg24/sl_rail_ieee802154_config_38M4Hz.o
LOAD ./simplicity_sdk_2025.6.2/platform/radio/rail_lib/plugin/rail_util_built_in_phys/efr32xg24/sl_rail_ieee802154_config_39MHz.o
LOAD ./simplicity_sdk_2025.6.2/platform/radio/rail_lib/plugin/rail_util_built_in_phys/efr32xg24/sl_rail_ieee802154_config_40MHz.o
LOAD ./simplicity_sdk_2025.6.2/platform/radio/rail_lib/plugin/rail_util_built_in_phys/efr32xg24/sl_rail_rfsense_ook_config_38M4Hz.o
LOAD ./simplicity_sdk_2025.6.2/platform/radio/rail_lib/plugin/rail_util_built_in_phys/efr32xg24/sl_rail_rfsense_ook_config_39MHz.o
LOAD ./simplicity_sdk_2025.6.2/platform/radio/rail_lib/plugin/rail_util_built_in_phys/efr32xg24/sl_rail_rfsense_ook_config_40MHz.o
LOAD ./simplicity_sdk_2025.6.2/platform/radio/rail_lib/plugin/rail_util_built_in_phys/sl_rail_phy_overrides.o
LOAD ./simplicity_sdk_2025.6.2/platform/radio/rail_lib/plugin/rail_util_pti/sl_rail_util_pti.o
LOAD ./simplicity_sdk_2025.6.2/platform/radio/rail_lib/plugin/rail_util_rssi/sl_rail_util_rssi.o
LOAD ./simplicity_sdk_2025.6.2/platform/radio/rail_lib/plugin/rail_util_sequencer/sl_rail_util_sequencer.o
LOAD ./simplicity_sdk_2025.6.2/platform/security/sl_component/se_manager/src/sl_se_manager.o
LOAD ./simplicity_sdk_2025.6.2/platform/security/sl_component/se_manager/src/sl_se_manager_attestation.o
LOAD ./simplicity_sdk_2025.6.2/platform/security/sl_component/se_manager/src/sl_se_manager_cipher.o
LOAD ./simplicity_sdk_2025.6.2/platform/security/sl_component/se_manager/src/sl_se_manager_entropy.o
LOAD ./simplicity_sdk_2025.6.2/platform/security/sl_component/se_manager/src/sl_se_manager_hash.o
LOAD ./simplicity_sdk_2025.6.2/platform/security/sl_component/se_manager/src/sl_se_manager_key_derivation.o
LOAD ./simplicity_sdk_2025.6.2/platform/security/sl_component/se_manager/src/sl_se_manager_key_handling.o
LOAD ./simplicity_sdk_2025.6.2/platform/security/sl_component/se_manager/src/sl_se_manager_signature.o
LOAD ./simplicity_sdk_2025.6.2/platform/security/sl_component/se_manager/src/sl_se_manager_util.o
LOAD ./simplicity_sdk_2025.6.2/platform/security/sl_component/se_manager/src/sli_se_manager_mailbox.o
LOAD ./simplicity_sdk_2025.6.2/platform/security/sl_component/sl_mbedtls_support/src/mbedtls_ccm.o
LOAD ./simplicity_sdk_2025.6.2/platform/security/sl_component/sl_mbedtls_support/src/mbedtls_cmac.o
LOAD ./simplicity_sdk_2025.6.2/platform/security/sl_component/sl_mbedtls_support/src/mbedtls_ecdsa_ecdh.o
LOAD ./simplicity_sdk_2025.6.2/platform/security/sl_component/sl_mbedtls_support/src/mbedtls_sha.o
LOAD ./simplicity_sdk_2025.6.2/platform/security/sl_component/sl_mbedtls_support/src/se_aes.o
LOAD ./simplicity_sdk_2025.6.2/platform/security/sl_component/sl_mbedtls_support/src/se_jpake.o
LOAD ./simplicity_sdk_2025.6.2/platform/security/sl_component/sl_mbedtls_support/src/sl_entropy_hardware.o
LOAD ./simplicity_sdk_2025.6.2/platform/security/sl_component/sl_mbedtls_support/src/sl_mbedtls.o
LOAD ./simplicity_sdk_2025.6.2/platform/security/sl_component/sl_mbedtls_support/src/sl_psa_crypto.o
LOAD ./simplicity_sdk_2025.6.2/platform/security/sl_component/sl_mbedtls_support/src/sli_psa_crypto.o
LOAD ./simplicity_sdk_2025.6.2/platform/security/sl_component/sl_protocol_crypto/src/sli_protocol_crypto_radioaes.o
LOAD ./simplicity_sdk_2025.6.2/platform/security/sl_component/sl_protocol_crypto/src/sli_radioaes_management.o
LOAD ./simplicity_sdk_2025.6.2/platform/security/sl_component/sl_psa_driver/src/sl_psa_its_nvm3.o
LOAD ./simplicity_sdk_2025.6.2/platform/security/sl_component/sl_psa_driver/src/sli_psa_driver_common.o
LOAD ./simplicity_sdk_2025.6.2/platform/security/sl_component/sl_psa_driver/src/sli_psa_driver_init.o
LOAD ./simplicity_sdk_2025.6.2/platform/security/sl_component/sl_psa_driver/src/sli_psa_trng.o
LOAD ./simplicity_sdk_2025.6.2/platform/security/sl_component/sl_psa_driver/src/sli_se_driver_aead.o
LOAD ./simplicity_sdk_2025.6.2/platform/security/sl_component/sl_psa_driver/src/sli_se_driver_builtin_keys.o
LOAD ./simplicity_sdk_2025.6.2/platform/security/sl_component/sl_psa_driver/src/sli_se_driver_cipher.o
LOAD ./simplicity_sdk_2025.6.2/platform/security/sl_component/sl_psa_driver/src/sli_se_driver_key_derivation.o
LOAD ./simplicity_sdk_2025.6.2/platform/security/sl_component/sl_psa_driver/src/sli_se_driver_key_management.o
LOAD ./simplicity_sdk_2025.6.2/platform/security/sl_component/sl_psa_driver/src/sli_se_driver_mac.o
LOAD ./simplicity_sdk_2025.6.2/platform/security/sl_component/sl_psa_driver/src/sli_se_driver_signature.o
LOAD ./simplicity_sdk_2025.6.2/platform/security/sl_component/sl_psa_driver/src/sli_se_opaque_driver_aead.o
LOAD ./simplicity_sdk_2025.6.2/platform/security/sl_component/sl_psa_driver/src/sli_se_opaque_driver_cipher.o
LOAD ./simplicity_sdk_2025.6.2/platform/security/sl_component/sl_psa_driver/src/sli_se_opaque_driver_mac.o
LOAD ./simplicity_sdk_2025.6.2/platform/security/sl_component/sl_psa_driver/src/sli_se_opaque_key_derivation.o
LOAD ./simplicity_sdk_2025.6.2/platform/security/sl_component/sl_psa_driver/src/sli_se_transparent_driver_aead.o
LOAD ./simplicity_sdk_2025.6.2/platform/security/sl_component/sl_psa_driver/src/sli_se_transparent_driver_cipher.o
LOAD ./simplicity_sdk_2025.6.2/platform/security/sl_component/sl_psa_driver/src/sli_se_transparent_driver_hash.o
LOAD ./simplicity_sdk_2025.6.2/platform/security/sl_component/sl_psa_driver/src/sli_se_transparent_driver_mac.o
LOAD ./simplicity_sdk_2025.6.2/platform/security/sl_component/sl_psa_driver/src/sli_se_transparent_key_derivation.o
LOAD ./simplicity_sdk_2025.6.2/platform/security/sl_component/sl_psa_driver/src/sli_se_version_dependencies.o
LOAD ./simplicity_sdk_2025.6.2/platform/service/clock_manager/src/sl_clock_manager.o
LOAD ./simplicity_sdk_2025.6.2/platform/service/clock_manager/src/sl_clock_manager_hal_s2.o
LOAD ./simplicity_sdk_2025.6.2/platform/service/clock_manager/src/sl_clock_manager_init.o
LOAD ./simplicity_sdk_2025.6.2/platform/service/clock_manager/src/sl_clock_manager_init_hal_s2.o
LOAD ./simplicity_sdk_2025.6.2/platform/service/device_init/src/sl_device_init_dcdc_s2.o
LOAD ./simplicity_sdk_2025.6.2/platform/service/device_init/src/sl_device_init_emu_s2.o
LOAD ./simplicity_sdk_2025.6.2/platform/service/device_manager/clocks/sl_device_clock_efr32xg24.o
LOAD ./simplicity_sdk_2025.6.2/platform/service/device_manager/devices/sl_device_peripheral_hal_efr32xg24.o
LOAD ./simplicity_sdk_2025.6.2/platform/service/device_manager/src/sl_device_clock.o
LOAD ./simplicity_sdk_2025.6.2/platform/service/device_manager/src/sl_device_gpio.o
LOAD ./simplicity_sdk_2025.6.2/platform/service/device_manager/src/sl_device_peripheral.o
LOAD ./simplicity_sdk_2025.6.2/platform/service/interrupt_manager/src/sl_interrupt_manager_cortexm.o
LOAD ./simplicity_sdk_2025.6.2/platform/service/iostream/src/sl_iostream.o
LOAD ./simplicity_sdk_2025.6.2/platform/service/iostream/src/sl_iostream_uart.o
LOAD ./simplicity_sdk_2025.6.2/platform/service/iostream/src/sl_iostream_usart.o
LOAD ./simplicity_sdk_2025.6.2/platform/service/legacy_hal/src/faults.o
LOAD ./simplicity_sdk_2025.6.2/platform/service/memory_manager/src/sl_memory_manager.o
LOAD ./simplicity_sdk_2025.6.2/platform/service/memory_manager/src/sl_memory_manager_cpp.o
LOAD ./simplicity_sdk_2025.6.2/platform/service/memory_manager/src/sl_memory_manager_dynamic_reservation.o
LOAD ./simplicity_sdk_2025.6.2/platform/service/memory_manager/src/sl_memory_manager_pool.o
LOAD ./simplicity_sdk_2025.6.2/platform/service/memory_manager/src/sl_memory_manager_pool_common.o
LOAD ./simplicity_sdk_2025.6.2/platform/service/memory_manager/src/sl_memory_manager_region.o
LOAD ./simplicity_sdk_2025.6.2/platform/service/memory_manager/src/sl_memory_manager_retarget.o
LOAD ./simplicity_sdk_2025.6.2/platform/service/memory_manager/src/sli_memory_manager_common.o
LOAD ./simplicity_sdk_2025.6.2/platform/service/mpu/src/sl_mpu_s2.o
LOAD ./simplicity_sdk_2025.6.2/platform/service/sl_main/src/sl_main_init.o
LOAD ./simplicity_sdk_2025.6.2/platform/service/sl_main/src/sl_main_init_memory.o
LOAD ./simplicity_sdk_2025.6.2/platform/service/sl_main/src/sl_main_process_action.o
LOAD ./simplicity_sdk_2025.6.2/platform/service/sleeptimer/src/sl_sleeptimer.o
LOAD ./simplicity_sdk_2025.6.2/platform/service/sleeptimer/src/sl_sleeptimer_hal_burtc.o
LOAD ./simplicity_sdk_2025.6.2/platform/service/sleeptimer/src/sl_sleeptimer_hal_sysrtc.o
LOAD ./simplicity_sdk_2025.6.2/platform/service/sleeptimer/src/sl_sleeptimer_hal_timer.o
LOAD ./simplicity_sdk_2025.6.2/platform/service/udelay/src/sl_udelay.o
LOAD ./simplicity_sdk_2025.6.2/platform/service/udelay/src/sl_udelay_armv6m_gcc.o
LOAD ./simplicity_sdk_2025.6.2/protocol/openthread/platform-abstraction/efr32/alarm.o
LOAD ./simplicity_sdk_2025.6.2/protocol/openthread/platform-abstraction/efr32/crypto.o
LOAD ./simplicity_sdk_2025.6.2/protocol/openthread/platform-abstraction/efr32/diag.o
LOAD ./simplicity_sdk_2025.6.2/protocol/openthread/platform-abstraction/efr32/entropy.o
LOAD ./simplicity_sdk_2025.6.2/protocol/openthread/platform-abstraction/efr32/flash.o
LOAD ./simplicity_sdk_2025.6.2/protocol/openthread/platform-abstraction/efr32/ieee802154-packet-utils.o
LOAD ./simplicity_sdk_2025.6.2/protocol/openthread/platform-abstraction/efr32/iostream_uart.o
LOAD ./simplicity_sdk_2025.6.2/protocol/openthread/platform-abstraction/efr32/memory.o
LOAD ./simplicity_sdk_2025.6.2/protocol/openthread/platform-abstraction/efr32/misc.o
LOAD ./simplicity_sdk_2025.6.2/protocol/openthread/platform-abstraction/efr32/radio.o
LOAD ./simplicity_sdk_2025.6.2/protocol/openthread/platform-abstraction/efr32/radio_coex.o
LOAD ./simplicity_sdk_2025.6.2/protocol/openthread/platform-abstraction/efr32/radio_extension.o
LOAD ./simplicity_sdk_2025.6.2/protocol/openthread/platform-abstraction/efr32/radio_power_manager.o
LOAD ./simplicity_sdk_2025.6.2/protocol/openthread/platform-abstraction/efr32/sl_gp_interface.o
LOAD ./simplicity_sdk_2025.6.2/protocol/openthread/platform-abstraction/efr32/soft_source_match_table.o
LOAD ./simplicity_sdk_2025.6.2/protocol/openthread/platform-abstraction/efr32/startup-gcc.o
LOAD ./simplicity_sdk_2025.6.2/protocol/openthread/platform-abstraction/efr32/system.o
LOAD ./simplicity_sdk_2025.6.2/protocol/openthread/src/legacy_hal/crash_handler.o
LOAD ./simplicity_sdk_2025.6.2/protocol/openthread/src/legacy_hal/diagnostic.o
LOAD ./simplicity_sdk_2025.6.2/util/plugin/security_manager/security_manager.o
LOAD ./simplicity_sdk_2025.6.2/util/silicon_labs/silabs_core/queue/circular_queue.o
LOAD ./simplicity_sdk_2025.6.2/util/third_party/mbedtls/library/aes.o
LOAD ./simplicity_sdk_2025.6.2/util/third_party/mbedtls/library/asn1parse.o
LOAD ./simplicity_sdk_2025.6.2/util/third_party/mbedtls/library/asn1write.o
LOAD ./simplicity_sdk_2025.6.2/util/third_party/mbedtls/library/base64.o
LOAD ./simplicity_sdk_2025.6.2/util/third_party/mbedtls/library/bignum.o
LOAD ./simplicity_sdk_2025.6.2/util/third_party/mbedtls/library/bignum_core.o
LOAD ./simplicity_sdk_2025.6.2/util/third_party/mbedtls/library/bignum_mod.o
LOAD ./simplicity_sdk_2025.6.2/util/third_party/mbedtls/library/bignum_mod_raw.o
LOAD ./simplicity_sdk_2025.6.2/util/third_party/mbedtls/library/block_cipher.o
LOAD ./simplicity_sdk_2025.6.2/util/third_party/mbedtls/library/ccm.o
LOAD ./simplicity_sdk_2025.6.2/util/third_party/mbedtls/library/cipher.o
LOAD ./simplicity_sdk_2025.6.2/util/third_party/mbedtls/library/cipher_wrap.o
LOAD ./simplicity_sdk_2025.6.2/util/third_party/mbedtls/library/cmac.o
LOAD ./simplicity_sdk_2025.6.2/util/third_party/mbedtls/library/constant_time.o
LOAD ./simplicity_sdk_2025.6.2/util/third_party/mbedtls/library/ctr_drbg.o
LOAD ./simplicity_sdk_2025.6.2/util/third_party/mbedtls/library/ecdsa.o
LOAD ./simplicity_sdk_2025.6.2/util/third_party/mbedtls/library/ecjpake.o
LOAD ./simplicity_sdk_2025.6.2/util/third_party/mbedtls/library/ecp.o
LOAD ./simplicity_sdk_2025.6.2/util/third_party/mbedtls/library/ecp_curves.o
LOAD ./simplicity_sdk_2025.6.2/util/third_party/mbedtls/library/ecp_curves_new.o
LOAD ./simplicity_sdk_2025.6.2/util/third_party/mbedtls/library/entropy.o
LOAD ./simplicity_sdk_2025.6.2/util/third_party/mbedtls/library/entropy_poll.o
LOAD ./simplicity_sdk_2025.6.2/util/third_party/mbedtls/library/hmac_drbg.o
LOAD ./simplicity_sdk_2025.6.2/util/third_party/mbedtls/library/md.o
LOAD ./simplicity_sdk_2025.6.2/util/third_party/mbedtls/library/oid.o
LOAD ./simplicity_sdk_2025.6.2/util/third_party/mbedtls/library/pem.o
LOAD ./simplicity_sdk_2025.6.2/util/third_party/mbedtls/library/pk.o
LOAD ./simplicity_sdk_2025.6.2/util/third_party/mbedtls/library/pk_ecc.o
LOAD ./simplicity_sdk_2025.6.2/util/third_party/mbedtls/library/pk_wrap.o
LOAD ./simplicity_sdk_2025.6.2/util/third_party/mbedtls/library/pkparse.o
LOAD ./simplicity_sdk_2025.6.2/util/third_party/mbedtls/library/pkwrite.o
LOAD ./simplicity_sdk_2025.6.2/util/third_party/mbedtls/library/platform.o
LOAD ./simplicity_sdk_2025.6.2/util/third_party/mbedtls/library/platform_util.o
LOAD ./simplicity_sdk_2025.6.2/util/third_party/mbedtls/library/psa_crypto.o
LOAD ./simplicity_sdk_2025.6.2/util/third_party/mbedtls/library/psa_crypto_aead.o
LOAD ./simplicity_sdk_2025.6.2/util/third_party/mbedtls/library/psa_crypto_cipher.o
LOAD ./simplicity_sdk_2025.6.2/util/third_party/mbedtls/library/psa_crypto_client.o
LOAD ./simplicity_sdk_2025.6.2/util/third_party/mbedtls/library/psa_crypto_driver_wrappers_no_static.o
LOAD ./simplicity_sdk_2025.6.2/util/third_party/mbedtls/library/psa_crypto_ecp.o
LOAD ./simplicity_sdk_2025.6.2/util/third_party/mbedtls/library/psa_crypto_ffdh.o
LOAD ./simplicity_sdk_2025.6.2/util/third_party/mbedtls/library/psa_crypto_hash.o
LOAD ./simplicity_sdk_2025.6.2/util/third_party/mbedtls/library/psa_crypto_mac.o
LOAD ./simplicity_sdk_2025.6.2/util/third_party/mbedtls/library/psa_crypto_pake.o
LOAD ./simplicity_sdk_2025.6.2/util/third_party/mbedtls/library/psa_crypto_rsa.o
LOAD ./simplicity_sdk_2025.6.2/util/third_party/mbedtls/library/psa_crypto_se.o
LOAD ./simplicity_sdk_2025.6.2/util/third_party/mbedtls/library/psa_crypto_slot_management.o
LOAD ./simplicity_sdk_2025.6.2/util/third_party/mbedtls/library/psa_crypto_storage.o
LOAD ./simplicity_sdk_2025.6.2/util/third_party/mbedtls/library/psa_util.o
LOAD ./simplicity_sdk_2025.6.2/util/third_party/mbedtls/library/sha256.o
LOAD ./simplicity_sdk_2025.6.2/util/third_party/mbedtls/library/ssl_cache.o
LOAD ./simplicity_sdk_2025.6.2/util/third_party/mbedtls/library/ssl_ciphersuites.o
LOAD ./simplicity_sdk_2025.6.2/util/third_party/mbedtls/library/ssl_client.o
LOAD ./simplicity_sdk_2025.6.2/util/third_party/mbedtls/library/ssl_cookie.o
LOAD ./simplicity_sdk_2025.6.2/util/third_party/mbedtls/library/ssl_debug_helpers_generated.o
LOAD ./simplicity_sdk_2025.6.2/util/third_party/mbedtls/library/ssl_msg.o
LOAD ./simplicity_sdk_2025.6.2/util/third_party/mbedtls/library/ssl_ticket.o
LOAD ./simplicity_sdk_2025.6.2/util/third_party/mbedtls/library/ssl_tls.o
LOAD ./simplicity_sdk_2025.6.2/util/third_party/mbedtls/library/ssl_tls12_client.o
LOAD ./simplicity_sdk_2025.6.2/util/third_party/mbedtls/library/ssl_tls12_server.o
LOAD ./simplicity_sdk_2025.6.2/util/third_party/mbedtls/library/threading.o
LOAD ./simplicity_sdk_2025.6.2/util/third_party/mbedtls/library/x509.o
LOAD ./simplicity_sdk_2025.6.2/util/third_party/mbedtls/library/x509_create.o
LOAD ./simplicity_sdk_2025.6.2/util/third_party/mbedtls/library/x509_crl.o
LOAD ./simplicity_sdk_2025.6.2/util/third_party/mbedtls/library/x509_crt.o
LOAD ./simplicity_sdk_2025.6.2/util/third_party/mbedtls/library/x509_csr.o
LOAD ./simplicity_sdk_2025.6.2/util/third_party/mbedtls/library/x509write.o
LOAD ./simplicity_sdk_2025.6.2/util/third_party/mbedtls/library/x509write_crt.o
LOAD ./simplicity_sdk_2025.6.2/util/third_party/mbedtls/library/x509write_csr.o
LOAD ./simplicity_sdk_2025.6.2/util/third_party/openthread/examples/apps/ncp/ncp.o
LOAD ./simplicity_sdk_2025.6.2/util/third_party/openthread/examples/platforms/utils/debug_uart.o
LOAD ./simplicity_sdk_2025.6.2/util/third_party/openthread/examples/platforms/utils/link_metrics.o
LOAD ./simplicity_sdk_2025.6.2/util/third_party/openthread/examples/platforms/utils/mac_frame.o
LOAD ./simplicity_sdk_2025.6.2/util/third_party/openthread/examples/platforms/utils/settings_ram.o
LOAD ./simplicity_sdk_2025.6.2/util/third_party/openthread/examples/platforms/utils/uart_rtt.o
LOAD ./simplicity_sdk_2025.6.2/util/third_party/openthread/src/core/api/diags_api.o
LOAD ./simplicity_sdk_2025.6.2/util/third_party/openthread/src/core/api/error_api.o
LOAD ./simplicity_sdk_2025.6.2/util/third_party/openthread/src/core/api/instance_api.o
LOAD ./simplicity_sdk_2025.6.2/util/third_party/openthread/src/core/api/link_raw_api.o
LOAD ./simplicity_sdk_2025.6.2/util/third_party/openthread/src/core/api/logging_api.o
LOAD ./simplicity_sdk_2025.6.2/util/third_party/openthread/src/core/api/random_noncrypto_api.o
LOAD ./simplicity_sdk_2025.6.2/util/third_party/openthread/src/core/api/tasklet_api.o
LOAD ./simplicity_sdk_2025.6.2/util/third_party/openthread/src/core/common/binary_search.o
LOAD ./simplicity_sdk_2025.6.2/util/third_party/openthread/src/core/common/error.o
LOAD ./simplicity_sdk_2025.6.2/util/third_party/openthread/src/core/common/frame_builder.o
LOAD ./simplicity_sdk_2025.6.2/util/third_party/openthread/src/core/common/log.o
LOAD ./simplicity_sdk_2025.6.2/util/third_party/openthread/src/core/common/random.o
LOAD ./simplicity_sdk_2025.6.2/util/third_party/openthread/src/core/common/string.o
LOAD ./simplicity_sdk_2025.6.2/util/third_party/openthread/src/core/common/tasklet.o
LOAD ./simplicity_sdk_2025.6.2/util/third_party/openthread/src/core/common/timer.o
LOAD ./simplicity_sdk_2025.6.2/util/third_party/openthread/src/core/common/uptime.o
LOAD ./simplicity_sdk_2025.6.2/util/third_party/openthread/src/core/crypto/aes_ccm.o
LOAD ./simplicity_sdk_2025.6.2/util/third_party/openthread/src/core/crypto/aes_ecb.o
LOAD ./simplicity_sdk_2025.6.2/util/third_party/openthread/src/core/crypto/crypto_platform.o
LOAD ./simplicity_sdk_2025.6.2/util/third_party/openthread/src/core/crypto/storage.o
LOAD ./simplicity_sdk_2025.6.2/util/third_party/openthread/src/core/diags/factory_diags.o
LOAD ./simplicity_sdk_2025.6.2/util/third_party/openthread/src/core/instance/instance.o
LOAD ./simplicity_sdk_2025.6.2/util/third_party/openthread/src/core/mac/link_raw.o
LOAD ./simplicity_sdk_2025.6.2/util/third_party/openthread/src/core/mac/mac_frame.o
LOAD ./simplicity_sdk_2025.6.2/util/third_party/openthread/src/core/mac/mac_header_ie.o
LOAD ./simplicity_sdk_2025.6.2/util/third_party/openthread/src/core/mac/mac_types.o
LOAD ./simplicity_sdk_2025.6.2/util/third_party/openthread/src/core/mac/sub_mac.o
LOAD ./simplicity_sdk_2025.6.2/util/third_party/openthread/src/core/mac/sub_mac_callbacks.o
LOAD ./simplicity_sdk_2025.6.2/util/third_party/openthread/src/core/mac/sub_mac_csl_receiver.o
LOAD ./simplicity_sdk_2025.6.2/util/third_party/openthread/src/core/radio/radio.o
LOAD ./simplicity_sdk_2025.6.2/util/third_party/openthread/src/core/radio/radio_callbacks.o
LOAD ./simplicity_sdk_2025.6.2/util/third_party/openthread/src/core/radio/radio_platform.o
LOAD ./simplicity_sdk_2025.6.2/util/third_party/openthread/src/core/thread/link_quality.o
LOAD ./simplicity_sdk_2025.6.2/util/third_party/openthread/src/core/utils/parse_cmdline.o
LOAD ./simplicity_sdk_2025.6.2/util/third_party/openthread/src/core/utils/power_calibration.o
LOAD ./simplicity_sdk_2025.6.2/util/third_party/openthread/src/lib/hdlc/hdlc.o
LOAD ./simplicity_sdk_2025.6.2/util/third_party/openthread/src/lib/spinel/logger.o
LOAD ./simplicity_sdk_2025.6.2/util/third_party/openthread/src/lib/spinel/radio_spinel.o
LOAD ./simplicity_sdk_2025.6.2/util/third_party/openthread/src/lib/spinel/spinel.o
LOAD ./simplicity_sdk_2025.6.2/util/third_party/openthread/src/lib/spinel/spinel_buffer.o
LOAD ./simplicity_sdk_2025.6.2/util/third_party/openthread/src/lib/spinel/spinel_decoder.o
LOAD ./simplicity_sdk_2025.6.2/util/third_party/openthread/src/lib/spinel/spinel_driver.o
LOAD ./simplicity_sdk_2025.6.2/util/third_party/openthread/src/lib/spinel/spinel_encoder.o
LOAD ./simplicity_sdk_2025.6.2/util/third_party/openthread/src/lib/spinel/spinel_helper.o
LOAD ./simplicity_sdk_2025.6.2/util/third_party/openthread/src/lib/spinel/spinel_prop_codec.o
LOAD ./simplicity_sdk_2025.6.2/util/third_party/openthread/src/ncp/changed_props_set.o
LOAD ./simplicity_sdk_2025.6.2/util/third_party/openthread/src/ncp/multipan_platform.o
LOAD ./simplicity_sdk_2025.6.2/util/third_party/openthread/src/ncp/ncp_base.o
LOAD ./simplicity_sdk_2025.6.2/util/third_party/openthread/src/ncp/ncp_base_dispatcher.o
LOAD ./simplicity_sdk_2025.6.2/util/third_party/openthread/src/ncp/ncp_base_ftd.o
LOAD ./simplicity_sdk_2025.6.2/util/third_party/openthread/src/ncp/ncp_base_mtd.o
LOAD ./simplicity_sdk_2025.6.2/util/third_party/openthread/src/ncp/ncp_base_radio.o
LOAD ./simplicity_sdk_2025.6.2/util/third_party/openthread/src/ncp/ncp_hdlc.o
LOAD ./simplicity_sdk_2025.6.2/util/third_party/openthread/src/ncp/ncp_spi.o
LOAD ./simplicity_sdk_2025.6.2/util/third_party/openthread/src/ncp/platform/dnssd.o
LOAD ./simplicity_sdk_2025.6.2/util/third_party/openthread/src/ncp/platform/infra_if.o
LOAD C:/Users/sucut/SimplicityStudio/SDKs/simplicity_sdk//protocol/openthread/libs/libsl_openthread_cm33_gcc.a
LOAD C:/Users/sucut/SimplicityStudio/SDKs/simplicity_sdk//platform/radio/rail_lib/autogen/librail_release/librail_efr32xg24_gcc_release.a
LOAD C:/ST/STM32CubeCLT_1.19.0/GNU-tools-for-STM32/bin/../lib/gcc/arm-none-eabi/13.3.1/../../../../arm-none-eabi/lib/thumb/v8-m.main+fp/hard\libstdc++_nano.a
LOAD C:/ST/STM32CubeCLT_1.19.0/GNU-tools-for-STM32/bin/../lib/gcc/arm-none-eabi/13.3.1/thumb/v8-m.main+fp/hard\libgcc.a
LOAD C:/ST/STM32CubeCLT_1.19.0/GNU-tools-for-STM32/bin/../lib/gcc/arm-none-eabi/13.3.1/../../../../arm-none-eabi/lib/thumb/v8-m.main+fp/hard\libnosys.a
END GROUP
START GROUP
LOAD C:/ST/STM32CubeCLT_1.19.0/GNU-tools-for-STM32/bin/../lib/gcc/arm-none-eabi/13.3.1/thumb/v8-m.main+fp/hard\libgcc.a
LOAD C:/ST/STM32CubeCLT_1.19.0/GNU-tools-for-STM32/bin/../lib/gcc/arm-none-eabi/13.3.1/../../../../arm-none-eabi/lib/thumb/v8-m.main+fp/hard\libc_nano.a
LOAD C:/ST/STM32CubeCLT_1.19.0/GNU-tools-for-STM32/bin/../lib/gcc/arm-none-eabi/13.3.1/../../../../arm-none-eabi/lib/thumb/v8-m.main+fp/hard\libnosys.a
END GROUP
LOAD C:/ST/STM32CubeCLT_1.19.0/GNU-tools-for-STM32/bin/../lib/gcc/arm-none-eabi/13.3.1/../../../../arm-none-eabi/lib/thumb/v8-m.main+fp/hard\libstdc++_nano.a
LOAD C:/ST/STM32CubeCLT_1.19.0/GNU-tools-for-STM32/bin/../lib/gcc/arm-none-eabi/13.3.1/../../../../arm-none-eabi/lib/thumb/v8-m.main+fp/hard\libm.a
LOAD C:/ST/STM32CubeCLT_1.19.0/GNU-tools-for-STM32/bin/../lib/gcc/arm-none-eabi/13.3.1/../../../../arm-none-eabi/lib/thumb/v8-m.main+fp/hard\libc_nano.a
START GROUP
LOAD C:/ST/STM32CubeCLT_1.19.0/GNU-tools-for-STM32/bin/../lib/gcc/arm-none-eabi/13.3.1/thumb/v8-m.main+fp/hard\libgcc.a
LOAD C:/ST/STM32CubeCLT_1.19.0/GNU-tools-for-STM32/bin/../lib/gcc/arm-none-eabi/13.3.1/../../../../arm-none-eabi/lib/thumb/v8-m.main+fp/hard\libg_nano.a
LOAD C:/ST/STM32CubeCLT_1.19.0/GNU-tools-for-STM32/bin/../lib/gcc/arm-none-eabi/13.3.1/../../../../arm-none-eabi/lib/thumb/v8-m.main+fp/hard\libc_nano.a
END GROUP
START GROUP
LOAD C:/ST/STM32CubeCLT_1.19.0/GNU-tools-for-STM32/bin/../lib/gcc/arm-none-eabi/13.3.1/thumb/v8-m.main+fp/hard\libgcc.a
LOAD C:/ST/STM32CubeCLT_1.19.0/GNU-tools-for-STM32/bin/../lib/gcc/arm-none-eabi/13.3.1/../../../../arm-none-eabi/lib/thumb/v8-m.main+fp/hard\libc_nano.a
LOAD C:/ST/STM32CubeCLT_1.19.0/GNU-tools-for-STM32/bin/../lib/gcc/arm-none-eabi/13.3.1/../../../../arm-none-eabi/lib/thumb/v8-m.main+fp/hard\libnosys.a
END GROUP
START GROUP
LOAD C:/ST/STM32CubeCLT_1.19.0/GNU-tools-for-STM32/bin/../lib/gcc/arm-none-eabi/13.3.1/thumb/v8-m.main+fp/hard\libgcc.a
LOAD C:/ST/STM32CubeCLT_1.19.0/GNU-tools-for-STM32/bin/../lib/gcc/arm-none-eabi/13.3.1/../../../../arm-none-eabi/lib/thumb/v8-m.main+fp/hard\libc_nano.a
LOAD C:/ST/STM32CubeCLT_1.19.0/GNU-tools-for-STM32/bin/../lib/gcc/arm-none-eabi/13.3.1/../../../../arm-none-eabi/lib/thumb/v8-m.main+fp/hard\libnosys.a
END GROUP
LOAD C:/ST/STM32CubeCLT_1.19.0/GNU-tools-for-STM32/bin/../lib/gcc/arm-none-eabi/13.3.1/thumb/v8-m.main+fp/hard/crtend.o
LOAD C:/ST/STM32CubeCLT_1.19.0/GNU-tools-for-STM32/bin/../lib/gcc/arm-none-eabi/13.3.1/thumb/v8-m.main+fp/hard/crtn.o

.vectors        0x08006000      0x170
                0x08006000                        linker_vectors_begin = .
 *(.vectors)
 .vectors       0x08006000      0x170 C:\Users\sucut\AppData\Local\Temp\cc843YEb.ltrans0.ltrans.o
                0x08006000                __Vectors
                0x08006170                        linker_vectors_end = .
                0x08006170                        __Vectors_End = .
                0x08006170                        __Vectors_Size = (__Vectors_End - __Vectors)

.bootloader_reset_section
                0x20000000        0x4
                0x20000000                        __ResetReasonStart__ = .
                0x20000004                        . = (. + 0x4)
 *fill*         0x20000000        0x4 
                0x20000004                        . = ALIGN (0x4)
                0x20000004                        __ResetReasonEnd__ = .

.stack          0x20000008     0x1000
                0x20000008                        . = ALIGN (0x8)
                0x20000008                        __StackLimit = .
 *(.stack*)
 .stack         0x20000008     0x1000 C:\Users\sucut\AppData\Local\Temp\cc843YEb.ltrans1.ltrans.o
                0x20001008                        . = ALIGN (0x4)
                0x20001008                        __StackTop = .
                0x20001008                        PROVIDE (__stack = __StackTop)

.bss            0x20001008     0x2e18
                0x20001008                        . = ALIGN (0x4)
                0x20001008                        __bss_start__ = .
 *(SORT_BY_ALIGNMENT(.bss*))
 .bss           0x20001008     0x25b0 C:\Users\sucut\AppData\Local\Temp\cc843YEb.ltrans0.ltrans.o
                0x20001170                initialized.lto_priv.0
                0x20001174                chTable.lto_priv.0
                0x200011f4                dmaXfer.lto_priv.0
                0x200013b4                emPhyRailHandle
                0x200013c0                sEnergyScanResultDbm.lto_priv.0
                0x200013c1                sEnergyScanStatus.lto_priv.0
                0x20001430                irqState
                0x2000148c                nvm3_internalObjectHandleB
                0x20001598                sl_iostream_vcom.lto_priv.0
                0x200015b8                sli_radioaes_mask
                0x200015c8                sli_general_purpose_heap
                0x200015f8                sReceiveAck.lto_priv.0
                0x20001628                sReceive.lto_priv.0
                0x20001658                sCslPeriod.lto_priv.0
                0x2000165c                sCslSampleTime.lto_priv.0
                0x20001660                sMacKeys.lto_priv.0
                0x2000169c                sExtAddress.lto_priv.0
                0x200016a8                sCurrentTxPacket.lto_priv.0
                0x200016ad                sIsSrcMatchEnabled.lto_priv.0
                0x200016c1                sPromiscuous.lto_priv.0
                0x20001710                sRxPacketMemPoolHandle.lto_priv.0
                0x20001784                savedResetCause.lto_priv.0
                0x20001990                sli_max_channel_power.lto_priv.0
                0x200019a0                sli_default_tx_power.lto_priv.0
                0x20001a20                sTransmitBuffer.lto_priv.0
                0x20001a50                sTransmitPsdu.lto_priv.0
                0x20001ae0                sResetCause.lto_priv.0
                0x20001ae8                ot::gInstanceRaw
                0x20001ba8                ot::Random::Manager::sInitCount
                0x20001bac                ot::Random::Manager::sPrng
                0x20001bb4                ot::Ncp::NcpBase::sNcpInstance
 .bss.sli_rail_f5d6bd4b87b830444924423a67685a3c
                0x200035b8      0x1b0 C:/Users/sucut/SimplicityStudio/SDKs/simplicity_sdk//platform/radio/rail_lib/autogen/librail_release/librail_efr32xg24_gcc_release.a(rail_rf.o)
 .bss.sli_rail_9fd4b577a88245688a41c225ff145d2d
                0x20003768       0x80 C:/Users/sucut/SimplicityStudio/SDKs/simplicity_sdk//platform/radio/rail_lib/autogen/librail_release/librail_efr32xg24_gcc_release.a(rail_data.o)
 .bss.sli_rail_639739279e8d3d2b15a09f3a35c0cf79
                0x200037e8        0x8 C:/Users/sucut/SimplicityStudio/SDKs/simplicity_sdk//platform/radio/rail_lib/autogen/librail_release/librail_efr32xg24_gcc_release.a(generic_phy.o)
 .bss           0x200037f0       0x1c C:/ST/STM32CubeCLT_1.19.0/GNU-tools-for-STM32/bin/../lib/gcc/arm-none-eabi/13.3.1/thumb/v8-m.main+fp/hard/crtbegin.o
 .bss           0x2000380c      0x150 C:\Users\sucut\AppData\Local\Temp\cc843YEb.ltrans1.ltrans.o
 .bss.sli_rail_af3c6973dddd532ce508e3f9924571a4
                0x2000395c        0x4 C:/Users/sucut/SimplicityStudio/SDKs/simplicity_sdk//platform/radio/rail_lib/autogen/librail_release/librail_efr32xg24_gcc_release.a(rail_singleprotocol.o)
 .bss.RAIL_ActiveHandle
                0x20003960        0x4 C:/Users/sucut/SimplicityStudio/SDKs/simplicity_sdk//platform/radio/rail_lib/autogen/librail_release/librail_efr32xg24_gcc_release.a(rail_singleprotocol.o)
                0x20003960                RAIL_ActiveHandle
 .bss.sli_rail_40239c088b63e28dca4ffa1c3ebff3f8
                0x20003964       0x18 C:/Users/sucut/SimplicityStudio/SDKs/simplicity_sdk//platform/radio/rail_lib/autogen/librail_release/librail_efr32xg24_gcc_release.a(rail_singleprotocol.o)
 .bss.sli_rail_b2d4e2f0808167209d1dba530e0bb939
                0x2000397c      0x200 C:/Users/sucut/SimplicityStudio/SDKs/simplicity_sdk//platform/radio/rail_lib/autogen/librail_release/librail_efr32xg24_gcc_release.a(rail_data.o)
 .bss.sli_rail_assert_rail_handle
                0x20003b7c        0x4 C:/Users/sucut/SimplicityStudio/SDKs/simplicity_sdk//platform/radio/rail_lib/autogen/librail_release/librail_efr32xg24_gcc_release.a(rail_assert.o)
                0x20003b7c                sli_rail_assert_rail_handle
 .bss.sli_rail_assert_line_number
                0x20003b80        0x4 C:/Users/sucut/SimplicityStudio/SDKs/simplicity_sdk//platform/radio/rail_lib/autogen/librail_release/librail_efr32xg24_gcc_release.a(rail_assert.o)
                0x20003b80                sli_rail_assert_line_number
 .bss.sli_rail_3cd6e3eb26b79066c57acbc15bb361a0
                0x20003b84        0x4 C:/Users/sucut/SimplicityStudio/SDKs/simplicity_sdk//platform/radio/rail_lib/autogen/librail_release/librail_efr32xg24_gcc_release.a(tmrdrv.o)
 .bss.sli_rail_d620a81264ef4c96820fe504d41a4ec3
                0x20003b88        0x4 C:/Users/sucut/SimplicityStudio/SDKs/simplicity_sdk//platform/radio/rail_lib/autogen/librail_release/librail_efr32xg24_gcc_release.a(tmrdrv.o)
 .bss.sli_rail_54d89e3959a4bbc543e302fea6710f95
                0x20003b8c        0x4 C:/Users/sucut/SimplicityStudio/SDKs/simplicity_sdk//platform/radio/rail_lib/autogen/librail_release/librail_efr32xg24_gcc_release.a(rail_power_manager.o)
                0x20003b8c                sli_rail_54d89e3959a4bbc543e302fea6710f95
 .bss.sli_rail_ff5397f38ac9ffe78ebd137a9facd21f
                0x20003b90        0x4 C:/Users/sucut/SimplicityStudio/SDKs/simplicity_sdk//platform/radio/rail_lib/autogen/librail_release/librail_efr32xg24_gcc_release.a(rail_rf_hal.o)
 .bss.sli_rail_93f64758baf60907f96fa3736d8c95be
                0x20003b94        0x4 C:/Users/sucut/SimplicityStudio/SDKs/simplicity_sdk//platform/radio/rail_lib/autogen/librail_release/librail_efr32xg24_gcc_release.a(rail_rf_hal.o)
 .bss.sli_rail_2c64439bef0520ed6b99a1cb60a3db45
                0x20003b98        0x4 C:/Users/sucut/SimplicityStudio/SDKs/simplicity_sdk//platform/radio/rail_lib/autogen/librail_release/librail_efr32xg24_gcc_release.a(rail_rf_hal.o)
 .bss.sli_rail_f220d21fdb41383218da79e92497d6e0
                0x20003b9c        0x4 C:/Users/sucut/SimplicityStudio/SDKs/simplicity_sdk//platform/radio/rail_lib/autogen/librail_release/librail_efr32xg24_gcc_release.a(rail_rf_hal.o)
 .bss.sli_rail_e547315ea5b6d0aaa7cc739ff29cd150
                0x20003ba0        0x4 C:/Users/sucut/SimplicityStudio/SDKs/simplicity_sdk//platform/radio/rail_lib/autogen/librail_release/librail_efr32xg24_gcc_release.a(rail_rf_hal.o)
 .bss.sli_rail_ed16766c587fa63e77da03f1b51ef62a
                0x20003ba4        0x4 C:/Users/sucut/SimplicityStudio/SDKs/simplicity_sdk//platform/radio/rail_lib/autogen/librail_release/librail_efr32xg24_gcc_release.a(rail_rf_hal.o)
 .bss.sli_rail_8b603bfacbd416d9fed4157d0fe5952f
                0x20003ba8        0x4 C:/Users/sucut/SimplicityStudio/SDKs/simplicity_sdk//platform/radio/rail_lib/autogen/librail_release/librail_efr32xg24_gcc_release.a(rail_rf_hal.o)
 .bss.sli_rail_e596de4f8292ec5a59bf4d802ccf94ce
                0x20003bac        0x4 C:/Users/sucut/SimplicityStudio/SDKs/simplicity_sdk//platform/radio/rail_lib/autogen/librail_release/librail_efr32xg24_gcc_release.a(rail_rf_hal.o)
 .bss.sli_rail_748909c08d80a1f9858aa109ddb16d16
                0x20003bb0        0x4 C:/Users/sucut/SimplicityStudio/SDKs/simplicity_sdk//platform/radio/rail_lib/autogen/librail_release/librail_efr32xg24_gcc_release.a(rail_rf_hal.o)
 .bss.sli_rail_a38a6265fbc5cbe2cc3228410b65ace5
                0x20003bb4        0x4 C:/Users/sucut/SimplicityStudio/SDKs/simplicity_sdk//platform/radio/rail_lib/autogen/librail_release/librail_efr32xg24_gcc_release.a(rail_rf_hal.o)
                0x20003bb4                sli_rail_a38a6265fbc5cbe2cc3228410b65ace5
 .bss.sli_rail_dcde16df7cedd595b97bd2a7aa082524
                0x20003bb8        0x4 C:/Users/sucut/SimplicityStudio/SDKs/simplicity_sdk//platform/radio/rail_lib/autogen/librail_release/librail_efr32xg24_gcc_release.a(rail_ieee802154_rf_hal.o)
                0x20003bb8                sli_rail_dcde16df7cedd595b97bd2a7aa082524
 .bss.sli_rail_2c83a429df0ac09a485d2660685c629a
                0x20003bbc        0x4 C:/Users/sucut/SimplicityStudio/SDKs/simplicity_sdk//platform/radio/rail_lib/autogen/librail_release/librail_efr32xg24_gcc_release.a(rail_ieee802154_rf_hal.o)
                0x20003bbc                sli_rail_2c83a429df0ac09a485d2660685c629a
 .bss.sli_rail_8e5f92557b02add76aa494081820c844
                0x20003bc0        0x4 C:/Users/sucut/SimplicityStudio/SDKs/simplicity_sdk//platform/radio/rail_lib/autogen/librail_release/librail_efr32xg24_gcc_release.a(rail_ieee802154_rf_hal.o)
                0x20003bc0                sli_rail_8e5f92557b02add76aa494081820c844
 .bss.sli_rail_101f4b3f7ec22758e9c3af4867b037bf
                0x20003bc4        0x4 C:/Users/sucut/SimplicityStudio/SDKs/simplicity_sdk//platform/radio/rail_lib/autogen/librail_release/librail_efr32xg24_gcc_release.a(rfhal_bufc.o)
 .bss.sli_rail_e119b6e8991410a924ce1e2fa666a230
                0x20003bc8        0x4 C:/Users/sucut/SimplicityStudio/SDKs/simplicity_sdk//platform/radio/rail_lib/autogen/librail_release/librail_efr32xg24_gcc_release.a(rfhal_pa.o)
 .bss.sli_rail_8bcb7082e48e6ff370e12cbf831416d4
                0x20003bcc        0x4 C:/Users/sucut/SimplicityStudio/SDKs/simplicity_sdk//platform/radio/rail_lib/autogen/librail_release/librail_efr32xg24_gcc_release.a(rfhal_pa.o)
 .bss.sli_rail_a6f5c273b65932798e9fe42a4135c816
                0x20003bd0        0x4 C:/Users/sucut/SimplicityStudio/SDKs/simplicity_sdk//platform/radio/rail_lib/autogen/librail_release/librail_efr32xg24_gcc_release.a(rfhal_pa.o)
 .bss.sli_rail_a7ecbdc9460bec98d7781dd81a879a8b
                0x20003bd4       0x14 C:/Users/sucut/SimplicityStudio/SDKs/simplicity_sdk//platform/radio/rail_lib/autogen/librail_release/librail_efr32xg24_gcc_release.a(rfhal_pti.o)
 .bss.sli_rail_77815a23ee974b1b058991f6802f3a27
                0x20003be8        0x4 C:/Users/sucut/SimplicityStudio/SDKs/simplicity_sdk//platform/radio/rail_lib/autogen/librail_release/librail_efr32xg24_gcc_release.a(rfhal_protimer.o)
                0x20003be8                sli_rail_77815a23ee974b1b058991f6802f3a27
 .bss.sli_rail_ba76bc65df776304e41de87b98615d59
                0x20003bec        0x4 C:/Users/sucut/SimplicityStudio/SDKs/simplicity_sdk//platform/radio/rail_lib/autogen/librail_release/librail_efr32xg24_gcc_release.a(rfhal_protimer.o)
                0x20003bec                sli_rail_ba76bc65df776304e41de87b98615d59
 .bss.sli_rail_b12f64a1631cb80aaba93bc7e62c5401
                0x20003bf0        0x4 C:/Users/sucut/SimplicityStudio/SDKs/simplicity_sdk//platform/radio/rail_lib/autogen/librail_release/librail_efr32xg24_gcc_release.a(rfhal_protimer.o)
                0x20003bf0                sli_rail_b12f64a1631cb80aaba93bc7e62c5401
 .bss.sli_rail_cd01ef0a536530215319ced12540ac0b
                0x20003bf4        0x4 C:/Users/sucut/SimplicityStudio/SDKs/simplicity_sdk//platform/radio/rail_lib/autogen/librail_release/librail_efr32xg24_gcc_release.a(rfhal_protimer.o)
                0x20003bf4                sli_rail_cd01ef0a536530215319ced12540ac0b
 .bss.sli_rail_28b654493fd84ce3d4a1eafa51d2de06
                0x20003bf8        0x4 C:/Users/sucut/SimplicityStudio/SDKs/simplicity_sdk//platform/radio/rail_lib/autogen/librail_release/librail_efr32xg24_gcc_release.a(rfhal_protimer.o)
                0x20003bf8                sli_rail_28b654493fd84ce3d4a1eafa51d2de06
 .bss.sli_rail_053617c4332bb6c7cf6732ee3488f196
                0x20003bfc       0x30 C:/Users/sucut/SimplicityStudio/SDKs/simplicity_sdk//platform/radio/rail_lib/autogen/librail_release/librail_efr32xg24_gcc_release.a(rfhal_radio.o)
 .bss.sli_rail_9bba98fddad85f3d1cd858994e5074b6
                0x20003c2c        0x4 C:/Users/sucut/SimplicityStudio/SDKs/simplicity_sdk//platform/radio/rail_lib/autogen/librail_release/librail_efr32xg24_gcc_release.a(rfhal_radio.o)
 .bss.sli_rail_23320480a172bcf05c7593f2b87e5674
                0x20003c30        0x4 C:/Users/sucut/SimplicityStudio/SDKs/simplicity_sdk//platform/radio/rail_lib/autogen/librail_release/librail_efr32xg24_gcc_release.a(rfhal_radio.o)
 .bss.sli_rail_cca87d23761b59cf722558455f039109
                0x20003c34        0x4 C:/Users/sucut/SimplicityStudio/SDKs/simplicity_sdk//platform/radio/rail_lib/autogen/librail_release/librail_efr32xg24_gcc_release.a(rfhal_radio.o)
 .bss.sli_rail_8053e95551393ef0883c1e2a5d4dfbe9
                0x20003c38        0x4 C:/Users/sucut/SimplicityStudio/SDKs/simplicity_sdk//platform/radio/rail_lib/autogen/librail_release/librail_efr32xg24_gcc_release.a(rfhal_radio.o)
 .bss.sli_rail_f1df1570f191c642a02a0292be221879
                0x20003c3c        0x4 C:/Users/sucut/SimplicityStudio/SDKs/simplicity_sdk//platform/radio/rail_lib/autogen/librail_release/librail_efr32xg24_gcc_release.a(rfhal_radio.o)
                0x20003c3c                sli_rail_f1df1570f191c642a02a0292be221879
 .bss.sli_rail_f0c1e48b7d98bcd6e4f079098d6dfa93
                0x20003c40        0x4 C:/Users/sucut/SimplicityStudio/SDKs/simplicity_sdk//platform/radio/rail_lib/autogen/librail_release/librail_efr32xg24_gcc_release.a(rfhal_radio.o)
                0x20003c40                sli_rail_f0c1e48b7d98bcd6e4f079098d6dfa93
 .bss.sli_rail_6a93196ff209f0ad8051f2db2ef8e438
                0x20003c44        0x4 C:/Users/sucut/SimplicityStudio/SDKs/simplicity_sdk//platform/radio/rail_lib/autogen/librail_release/librail_efr32xg24_gcc_release.a(rfhal_radio.o)
                0x20003c44                sli_rail_6a93196ff209f0ad8051f2db2ef8e438
 .bss.sli_rail_92d4a5e6721a659cee640e925c62d970
                0x20003c48        0x4 C:/Users/sucut/SimplicityStudio/SDKs/simplicity_sdk//platform/radio/rail_lib/autogen/librail_release/librail_efr32xg24_gcc_release.a(rfhal_radio.o)
                0x20003c48                sli_rail_92d4a5e6721a659cee640e925c62d970
 .bss.sli_rail_3dffa155f4a8801784d5a9fcd5a4dd94
                0x20003c4c        0x4 C:/Users/sucut/SimplicityStudio/SDKs/simplicity_sdk//platform/radio/rail_lib/autogen/librail_release/librail_efr32xg24_gcc_release.a(rfhal_radio.o)
                0x20003c4c                sli_rail_3dffa155f4a8801784d5a9fcd5a4dd94
 .bss.sli_rail_590b73c4e7189b930de01295d0fbc37c
                0x20003c50        0x4 C:/Users/sucut/SimplicityStudio/SDKs/simplicity_sdk//platform/radio/rail_lib/autogen/librail_release/librail_efr32xg24_gcc_release.a(rfhal_radio.o)
                0x20003c50                sli_rail_590b73c4e7189b930de01295d0fbc37c
 .bss.sli_rail_87060312697d31886d06904a4d287474
                0x20003c54        0x4 C:/Users/sucut/SimplicityStudio/SDKs/simplicity_sdk//platform/radio/rail_lib/autogen/librail_release/librail_efr32xg24_gcc_release.a(rfhal_rfeca.o)
 .bss.sli_rail_46885ee79bb18df54fe729cfba8e607b
                0x20003c58        0x4 C:/Users/sucut/SimplicityStudio/SDKs/simplicity_sdk//platform/radio/rail_lib/autogen/librail_release/librail_efr32xg24_gcc_release.a(rfhal_synth.o)
                0x20003c58                sli_rail_46885ee79bb18df54fe729cfba8e607b
 .bss.sli_rail_d2c542bf069f46066a28f843ca3ff78f
                0x20003c5c        0x4 C:/Users/sucut/SimplicityStudio/SDKs/simplicity_sdk//platform/radio/rail_lib/autogen/librail_release/librail_efr32xg24_gcc_release.a(rfhal_synth.o)
                0x20003c5c                sli_rail_d2c542bf069f46066a28f843ca3ff78f
 .bss.sli_rail_e0ef4487ab4804a5fea3180e903f26d5
                0x20003c60        0x4 C:/Users/sucut/SimplicityStudio/SDKs/simplicity_sdk//platform/radio/rail_lib/autogen/librail_release/librail_efr32xg24_gcc_release.a(rfhal_synth.o)
 .bss.sli_rail_1735c4d38e84f6ce03a9829499886986
                0x20003c64        0x4 C:/Users/sucut/SimplicityStudio/SDKs/simplicity_sdk//platform/radio/rail_lib/autogen/librail_release/librail_efr32xg24_gcc_release.a(rfhal_timings.o)
 .bss.sli_rail_f9bca167b18e7011edfdb6d3ce9531c6
                0x20003c68       0x10 C:/Users/sucut/SimplicityStudio/SDKs/simplicity_sdk//platform/radio/rail_lib/autogen/librail_release/librail_efr32xg24_gcc_release.a(rfhal_timings.o)
 .bss.sli_rail_9c2a5a1193e307c22559a2580488663c
                0x20003c78        0x4 C:/Users/sucut/SimplicityStudio/SDKs/simplicity_sdk//platform/radio/rail_lib/autogen/librail_release/librail_efr32xg24_gcc_release.a(rfhal_timings.o)
 .bss.sli_rail_e313b55611f42bb8fd6c98edfa75cd8f
                0x20003c7c        0x4 C:/Users/sucut/SimplicityStudio/SDKs/simplicity_sdk//platform/radio/rail_lib/autogen/librail_release/librail_efr32xg24_gcc_release.a(generic_phy.o)
                0x20003c7c                sli_rail_e313b55611f42bb8fd6c98edfa75cd8f
 .bss.sli_rail_42987b2d051e27bbd12feb66e8f8ca45
                0x20003c80        0x4 C:/Users/sucut/SimplicityStudio/SDKs/simplicity_sdk//platform/radio/rail_lib/autogen/librail_release/librail_efr32xg24_gcc_release.a(generic_phy.o)
 .bss.__sf      0x20003c84      0x138 C:/ST/STM32CubeCLT_1.19.0/GNU-tools-for-STM32/bin/../lib/gcc/arm-none-eabi/13.3.1/../../../../arm-none-eabi/lib/thumb/v8-m.main+fp/hard\libc_nano.a(libc_a-findfp.o)
                0x20003c84                __sf
 .bss.__stdio_exit_handler
                0x20003dbc        0x4 C:/ST/STM32CubeCLT_1.19.0/GNU-tools-for-STM32/bin/../lib/gcc/arm-none-eabi/13.3.1/../../../../arm-none-eabi/lib/thumb/v8-m.main+fp/hard\libc_nano.a(libc_a-findfp.o)
                0x20003dbc                __stdio_exit_handler
 .bss.errno     0x20003dc0        0x4 C:/ST/STM32CubeCLT_1.19.0/GNU-tools-for-STM32/bin/../lib/gcc/arm-none-eabi/13.3.1/../../../../arm-none-eabi/lib/thumb/v8-m.main+fp/hard\libc_nano.a(libc_a-reent.o)
                0x20003dc0                errno
 .bss.sli_rail_984a073d072f71c72895558117076777
                0x20003dc4       0x18 C:/Users/sucut/SimplicityStudio/SDKs/simplicity_sdk//platform/radio/rail_lib/autogen/librail_release/librail_efr32xg24_gcc_release.a(rfhal_radio.o)
 .bss.sli_rail_67e005ae340f1cf9d4319aacdd52dba7
                0x20003ddc        0x1 C:/Users/sucut/SimplicityStudio/SDKs/simplicity_sdk//platform/radio/rail_lib/autogen/librail_release/librail_efr32xg24_gcc_release.a(rail_singleprotocol.o)
 .bss.sli_rail_5782d0243456f19238863d289b193327
                0x20003ddd        0x1 C:/Users/sucut/SimplicityStudio/SDKs/simplicity_sdk//platform/radio/rail_lib/autogen/librail_release/librail_efr32xg24_gcc_release.a(tmrdrv.o)
 .bss.sli_rail_35985d5e207085bd0b2732f22402317a
                0x20003dde        0x1 C:/Users/sucut/SimplicityStudio/SDKs/simplicity_sdk//platform/radio/rail_lib/autogen/librail_release/librail_efr32xg24_gcc_release.a(tmrdrv.o)
 .bss.sli_rail_b8fbc7affa20b169b7320e9641707b1c
                0x20003ddf        0x1 C:/Users/sucut/SimplicityStudio/SDKs/simplicity_sdk//platform/radio/rail_lib/autogen/librail_release/librail_efr32xg24_gcc_release.a(rail_rf_hal.o)
 .bss.sli_rail_08d1a986c4d60bf6ed7ab6ba0f7c8b79
                0x20003de0        0x1 C:/Users/sucut/SimplicityStudio/SDKs/simplicity_sdk//platform/radio/rail_lib/autogen/librail_release/librail_efr32xg24_gcc_release.a(rail_rf_hal.o)
 .bss.sli_rail_348ebb28a100959ee4629b27b2e3128a
                0x20003de1        0x1 C:/Users/sucut/SimplicityStudio/SDKs/simplicity_sdk//platform/radio/rail_lib/autogen/librail_release/librail_efr32xg24_gcc_release.a(rail_rf_hal.o)
 .bss.sli_rail_aa9871042d83d383c8f35ed1d86b8c36
                0x20003de2        0x1 C:/Users/sucut/SimplicityStudio/SDKs/simplicity_sdk//platform/radio/rail_lib/autogen/librail_release/librail_efr32xg24_gcc_release.a(rail_rf_hal.o)
 .bss.sli_rail_788a850e8c59ec185d8b5df36a1937cc
                0x20003de3        0x1 C:/Users/sucut/SimplicityStudio/SDKs/simplicity_sdk//platform/radio/rail_lib/autogen/librail_release/librail_efr32xg24_gcc_release.a(rail_rf_hal.o)
 .bss.sli_rail_1064803b7b3c377c1013551302bdd324
                0x20003de4        0x1 C:/Users/sucut/SimplicityStudio/SDKs/simplicity_sdk//platform/radio/rail_lib/autogen/librail_release/librail_efr32xg24_gcc_release.a(rail_rf_hal.o)
 .bss.sli_rail_cb8e624e4b8bd09b854e22a3f0daf52a
                0x20003de5        0x1 C:/Users/sucut/SimplicityStudio/SDKs/simplicity_sdk//platform/radio/rail_lib/autogen/librail_release/librail_efr32xg24_gcc_release.a(rail_ble_rf_hal_cte.o)
 .bss.sli_rail_4f035f7b636407302a73e486ed07742f
                0x20003de6        0x1 C:/Users/sucut/SimplicityStudio/SDKs/simplicity_sdk//platform/radio/rail_lib/autogen/librail_release/librail_efr32xg24_gcc_release.a(rfhal_pa.o)
                0x20003de6                sli_rail_4f035f7b636407302a73e486ed07742f
 .bss.sli_rail_4faa7d5d81fd9c1006f9e5e2bda93984
                0x20003de7        0x1 C:/Users/sucut/SimplicityStudio/SDKs/simplicity_sdk//platform/radio/rail_lib/autogen/librail_release/librail_efr32xg24_gcc_release.a(rfhal_pa.o)
 .bss.sli_rail_5140cb7c3d903562f1af973f6b0f27df
                0x20003de8        0x1 C:/Users/sucut/SimplicityStudio/SDKs/simplicity_sdk//platform/radio/rail_lib/autogen/librail_release/librail_efr32xg24_gcc_release.a(rfhal_pa.o)
 .bss.sli_rail_ca93d10fbac202c6d87c88a8ed8c25d9
                0x20003de9        0x1 C:/Users/sucut/SimplicityStudio/SDKs/simplicity_sdk//platform/radio/rail_lib/autogen/librail_release/librail_efr32xg24_gcc_release.a(rfhal_pti.o)
 .bss.sli_rail_d44ce05629f0f82a46113aea09cf992c
                0x20003dea        0x1 C:/Users/sucut/SimplicityStudio/SDKs/simplicity_sdk//platform/radio/rail_lib/autogen/librail_release/librail_efr32xg24_gcc_release.a(rfhal_pti.o)
 .bss.sli_rail_e557063ab17d1848a26f3a64413bbbf6
                0x20003deb        0x8 C:/Users/sucut/SimplicityStudio/SDKs/simplicity_sdk//platform/radio/rail_lib/autogen/librail_release/librail_efr32xg24_gcc_release.a(rfhal_protimer.o)
                0x20003deb                sli_rail_e557063ab17d1848a26f3a64413bbbf6
 .bss.sli_rail_0d06f1ee4ad18ea63440e3dab85db2cd
                0x20003df3        0x1 C:/Users/sucut/SimplicityStudio/SDKs/simplicity_sdk//platform/radio/rail_lib/autogen/librail_release/librail_efr32xg24_gcc_release.a(rfhal_protimer.o)
 .bss.sli_rail_d2f56d0b43bc3d2c7616d3d11662d59b
                0x20003df4        0x1 C:/Users/sucut/SimplicityStudio/SDKs/simplicity_sdk//platform/radio/rail_lib/autogen/librail_release/librail_efr32xg24_gcc_release.a(rfhal_radio.o)
 .bss.sli_rail_3afeac5da3f1a30165bcfb5058815135
                0x20003df5        0x1 C:/Users/sucut/SimplicityStudio/SDKs/simplicity_sdk//platform/radio/rail_lib/autogen/librail_release/librail_efr32xg24_gcc_release.a(rfhal_rfeca.o)
 .bss.sli_rail_593e373bf5850c483a387bbc8cd5b8b0
                0x20003df6        0x1 C:/Users/sucut/SimplicityStudio/SDKs/simplicity_sdk//platform/radio/rail_lib/autogen/librail_release/librail_efr32xg24_gcc_release.a(rfhal_rtccsync.o)
 .bss.sli_rail_8ed89e150b2a95dd76301cb373efd805
                0x20003df7        0x1 C:/Users/sucut/SimplicityStudio/SDKs/simplicity_sdk//platform/radio/rail_lib/autogen/librail_release/librail_efr32xg24_gcc_release.a(rfhal_rtccsync_shared.o)
 .bss.sli_rail_7877da65213ae45da502cb4f7cdbd93a
                0x20003df8        0x1 C:/Users/sucut/SimplicityStudio/SDKs/simplicity_sdk//platform/radio/rail_lib/autogen/librail_release/librail_efr32xg24_gcc_release.a(rfhal_rtccsync_shared.o)
 .bss.sli_rail_6cf2f9197fb5f6edf13161a4a83566f7
                0x20003df9        0x1 C:/Users/sucut/SimplicityStudio/SDKs/simplicity_sdk//platform/radio/rail_lib/autogen/librail_release/librail_efr32xg24_gcc_release.a(rfhal_mailbox.o)
                0x20003df9                sli_rail_6cf2f9197fb5f6edf13161a4a83566f7
 .bss.sli_rail_12069b73fc4ad22f7e0efeeaf4d72db1
                0x20003dfa        0x2 C:/Users/sucut/SimplicityStudio/SDKs/simplicity_sdk//platform/radio/rail_lib/autogen/librail_release/librail_efr32xg24_gcc_release.a(generic_phy.o)
 .bss.sli_rail_e6aee15ae7814f2f54e328c05aba128b
                0x20003dfc        0x1 C:/Users/sucut/SimplicityStudio/SDKs/simplicity_sdk//platform/radio/rail_lib/autogen/librail_release/librail_efr32xg24_gcc_release.a(generic_phy.o)
 .bss.sli_rail_040353de6a60303cbe8462a9a7e732b2
                0x20003dfd        0x1 C:/Users/sucut/SimplicityStudio/SDKs/simplicity_sdk//platform/radio/rail_lib/autogen/librail_release/librail_efr32xg24_gcc_release.a(generic_phy.o)
                0x20003dfd                sli_rail_040353de6a60303cbe8462a9a7e732b2
 .bss.sli_rail_83734be183caaa01d42e459088f1f91f
                0x20003dfe        0x1 C:/Users/sucut/SimplicityStudio/SDKs/simplicity_sdk//platform/radio/rail_lib/autogen/librail_release/librail_efr32xg24_gcc_release.a(generic_phy.o)
 .bss.sli_rail_0c722850fa703c7396a762b97dcdc47e
                0x20003dff        0x1 C:/Users/sucut/SimplicityStudio/SDKs/simplicity_sdk//platform/radio/rail_lib/autogen/librail_release/librail_efr32xg24_gcc_release.a(generic_phy.o)
 .bss.sli_rail_0c38576adf8db7eb0672207aa84c11cf
                0x20003e00        0x1 C:/Users/sucut/SimplicityStudio/SDKs/simplicity_sdk//platform/radio/rail_lib/autogen/librail_release/librail_efr32xg24_gcc_release.a(generic_phy.o)
 .bss.sli_rail_ecb9f3f5a3454d17e04468f1ac1c0956
                0x20003e01        0x1 C:/Users/sucut/SimplicityStudio/SDKs/simplicity_sdk//platform/radio/rail_lib/autogen/librail_release/librail_efr32xg24_gcc_release.a(generic_phy.o)
 .bss.sli_rail_4b72faa85e26b531f083bbbb46531f17
                0x20003e02        0x1 C:/Users/sucut/SimplicityStudio/SDKs/simplicity_sdk//platform/radio/rail_lib/autogen/librail_release/librail_efr32xg24_gcc_release.a(generic_phy.o)
 .bss.__lock___sfp_recursive_mutex
                0x20003e03        0x1 C:/ST/STM32CubeCLT_1.19.0/GNU-tools-for-STM32/bin/../lib/gcc/arm-none-eabi/13.3.1/../../../../arm-none-eabi/lib/thumb/v8-m.main+fp/hard\libc_nano.a(libc_a-lock.o)
                0x20003e03                __lock___sfp_recursive_mutex
 *(COMMON)
                0x20003e20                        . = ALIGN (0x20)
 *fill*         0x20003e04       0x1c 
                0x20003e20                        __bss_end__ = .

.noinit         0x20003e20       0x9c
 *(.noinit*)
 .noinit        0x20003e20       0x9c C:\Users\sucut\AppData\Local\Temp\cc843YEb.ltrans0.ltrans.o
                0x20003e20                halCrashInfo

text_application_ram
                0x20003ec0       0x60 load address 0x08006180
                0x20003ec0                        . = ALIGN (0x20)
                0x20003ec0                        __vma_ramfuncs_start__ = .
                0x20003ec0                        __text_application_ram_start__ = .
 *(text_application_ram)
 text_application_ram
                0x20003ec0       0x54 C:\Users\sucut\AppData\Local\Temp\cc843YEb.ltrans0.ltrans.o
                0x20003f20                        . = ALIGN (0x20)
 *fill*         0x20003f14        0xc 
                0x20003f20                        __vma_ramfuncs_end__ = .
                0x20003f20                        __text_application_ram_end__ = .
                0x08006180                        __lma_ramfuncs_start__ = LOADADDR (text_application_ram)
                0x080061e0                        __lma_ramfuncs_end__ = (LOADADDR (text_application_ram) + SIZEOF (text_application_ram))

.rodata         0x080061e0        0x0
                0x080061e0                        __rodata_end__ = .

.text           0x080061e0    0x1dab4
                0x080061e0                        linker_code_begin = .
 *(SORT_BY_ALIGNMENT(.text*))
 .text          0x080061e0        0x8 ./simplicity_sdk_2025.6.2/platform/service/udelay/src/sl_udelay_armv6m_gcc.o
                0x080061e0                sli_delay_loop
 .text.startup  0x080061e8     0x1b70 C:\Users\sucut\AppData\Local\Temp\cc843YEb.ltrans0.ltrans.o
                0x080061e8                main
 .text          0x08007d58       0x40 C:/ST/STM32CubeCLT_1.19.0/GNU-tools-for-STM32/bin/../lib/gcc/arm-none-eabi/13.3.1/thumb/v8-m.main+fp/hard/crtbegin.o
 .text          0x08007d98       0x7c C:/ST/STM32CubeCLT_1.19.0/GNU-tools-for-STM32/bin/../lib/gcc/arm-none-eabi/13.3.1/../../../../arm-none-eabi/lib/thumb/v8-m.main+fp/hard/crt0.o
                0x08007d98                _stack_init
                0x08007da0                _mainCRTStartup
                0x08007da0                _start
 .text          0x08007e14     0x44a0 C:\Users\sucut\AppData\Local\Temp\cc843YEb.ltrans0.ltrans.o
                0x080080f0                enumScanCacheCallback.lto_priv.0
                0x0800817e                eraseFirstPageScanCacheCallback.lto_priv.0
                0x080081ce                eraseFirstPageCallback.lto_priv.0
                0x0800894a                otPlatAlarmMilliGetNow
                0x08008958                otPlatAlarmMilliStop
                0x08008978                otPlatAlarmMicroGetNow
                0x08008984                otPlatAlarmMicroStop
                0x08008a52                otPlatAlarmMicroStartAt
                0x08008a84                otPlatAlarmMilliStartAt
                0x08008b1c                Reset_Handler
                0x080090c8                __uart_async_rx_dma_callback.lto_priv.0
                0x080094c8                CMU_HFXOCTuneDeltaGet
                0x080095b4                CORE_ResetSystem
                0x0800966c                _close
                0x08009672                _exit
                0x08009674                _fstat
                0x08009678                _getpid
                0x0800967c                _isatty
                0x08009680                _kill
                0x08009686                _lseek
                0x0800968a                _read
                0x0800968e                _write
                0x08009692                sl_gpio_set_pin_mode
                0x0800978c                sl_gpio_set_pin
                0x080097e0                sl_gpio_clear_pin
                0x08009834                pagesRepack.lto_priv.0
                0x0800984e                thrSoftMinimum.lto_priv.0
                0x08009870                workBegin.lto_priv.0
                0x0800988c                nvm3_cacheScan
                0x080098ce                nvm3_objHdrGetDatLen
                0x080098ec                nvm3_objInit
                0x08009908                nvm3_pageGetState
                0x08009990                getFirstObjAdrInNextGoodPage.lto_priv.0
                0x08009cd4                fifoScan.lto_priv.0
                0x08009d50                getFreeSize.lto_priv.0
                0x08009db6                findObj.lto_priv.0
                0x08009f00                enumScanFifoCallback.lto_priv.0
                0x08009fb0                fifoWriteObj.lto_priv.0
                0x0800a5e4                repackFirstPageScanCacheCallback.lto_priv.0
                0x0800a6a4                repackFirstPageCallback.lto_priv.0
                0x0800a728                erasePage.lto_priv.0
                0x0800a74a                findCurrentEraseCnt.lto_priv.0
                0x0800acfc                EMU_VScaleGet.lto_priv.1.lto_priv.0
                0x0800acfc                EMU_VScaleGet.lto_priv.0.lto_priv.0
                0x0800ad14                CMU_ClockEnable
                0x0800adcc                CMU_ClockFreqGet
                0x0800b528                CMU_HFXOCTuneSet
                0x0800b594                CMU_HFXOCTuneGet
                0x0800b5e0                CMU_HFXOCTuneDeltaSet
                0x0800b5ec                CMU_HFXOCoreBiasCurrentCalibrate
                0x0800b64c                flashWaitStateControl.lto_priv.0
                0x0800b6a4                EMU_DCDCSetPFMXTimeoutMaxCtrl
                0x0800b6f8                LDMA_StartTransfer
                0x0800b788                LDMA_StopTransfer
                0x0800b7b4                LDMA_TransferDone
                0x0800b7e8                PRS_GetFreeChannel
                0x0800b820                PRS_ConnectSignal
                0x0800b8cc                PRS_SourceAsyncSignalSet
                0x0800b8d6                PRS_ConnectConsumer
                0x0800b8ee                SYSTEM_ChipRevisionGet
                0x0800b948                TIMER_Init
                0x0800b9d0                TIMER_Reset
                0x0800ba60                sl_railcb_convert_ddbm_to_power_setting_entry
                0x0800ba64                RAIL_ConvertDbmToRaw
                0x0800bb60                RAIL_ConvertRawToDbm
                0x0800bc34                sl_railcb_radio_sequencer_image_load
                0x0800bc38                sl_iostream_get_default
                0x0800bd74                _sbrk
                0x0800bd76                __wrap__malloc_r
                0x0800bd8c                __wrap__free_r
                0x0800bd98                __wrap__calloc_r
                0x0800bdc2                sli_memory_metadata_init
                0x0800be18                sli_update_free_list_heads
                0x0800be98                __wrap__realloc_r
                0x0800c12a                otPlatTimeGet
                0x0800c168                radioSetRx.lto_priv.0
                0x0800c198                efr32GetSymbolDurationUs.lto_priv.0
                0x0800c1c0                efr32RadioLoadChannelConfig
                0x0800c210                efr32StartEnergyScan.part.0.lto_priv.0
 .text          0x0800c2b4     0x4eec C:\Users\sucut\AppData\Local\Temp\cc843YEb.ltrans1.ltrans.o
                0x0800c368                otPlatAlarmMilliFired
                0x0800c3ec                otPlatAlarmMicroFired
                0x0800d4f8                ot::Ncp::NcpBase::HandleFrameRemovedFromNcpBuffer(void*, void const*, ot::Spinel::Buffer::Priority, ot::Spinel::Buffer*)
                0x0800d54c                ot::Ncp::NcpBase::UpdateChangedProps(ot::Tasklet&)
                0x0800e0e8                ot::Mac::SubMac::HandleCslTimer(ot::Timer&)
                0x0800e27c                sli_set_tx_power_in_rail
                0x0800e318                halInternalSysReset
                0x0800e334                halInternalCrashHandler
                0x0800e514                GetLinkMetricsDataInfoActiveList() [clone .lto_priv.0]
                0x0800e540                void ot::ClearAllBytes<ot::Mac::Key>(ot::Mac::Key&)
                0x0800e540                void ot::ClearAllBytes<LinkMetricsDataInfo>(LinkMetricsDataInfo&)
                0x0800e68e                GetLinkMetricsDataInfoPool() [clone .lto_priv.0]
                0x0800e814                ot::FrameBuilder::AppendLength(unsigned short)
                0x0800e82a                ot::Random::Manager::NonCryptoGetUint32()
                0x0800e858                ot::Tasklet::Post()
                0x0800e878                ot::Ncp::NcpHdlc::HandleFrameAddedToNcpBuffer(void*, void const*, ot::Spinel::Buffer::Priority, ot::Spinel::Buffer*)
                0x0800e88e                ot::Mac::Frame::IsDstPanIdPresent(unsigned short)
                0x0800e8ec                ot::Mac::Frame::IsSrcPanIdPresent(unsigned short)
                0x0800e914                ot::Mac::Frame::CalculateMicSize(unsigned char)
                0x0800e93e                ot::Mac::Frame::CalculateSecurityHeaderSize(unsigned char)
                0x0800e95c                ot::Mac::ExtAddress::CopyAddress(unsigned char*, unsigned char const*, ot::Mac::ExtAddress::CopyByteOrder) [clone .part.0]
                0x0800ea3c                ot::Mac::SubMac::Init()
                0x0800eaaa                ot::Spinel::FrameWritePointer::WriteByte(unsigned char)
                0x0800eb20                ot::Ncp::NcpHdlc::EncodeAndSend(ot::Tasklet&)
                0x0800ed60                ot::Spinel::Buffer::Clear()
                0x0800ed9e                ot::Ncp::ChangedPropsSet::AddLastStatus(unsigned long)
                0x0800f4d4                efr32ScanDwell.constprop.0
                0x0800f50c                utilsSoftSrcMatchExtFindEntry.constprop.0
                0x0800f598                utilsSoftSrcMatchShortFindEntry.constprop.0
                0x0800f60c                CopyMemory.constprop.0
                0x0800f628                CMU_ClockSelectGet.constprop.0
                0x0800f654                EUSART_Disable.constprop.0
                0x0800f694                EUSART_Enable.constprop.0
                0x0800f6dc                bootloader_getInfo.constprop.0
                0x0800f710                sl_memory_heap_alloc_advanced.constprop.0
                0x0800f858                ot::Mac::LinkRaw::InvokeEnergyScanDone(signed char) [clone .constprop.0]
                0x0800f874                se_get_random.constprop.0
                0x0800f93c                sl_memory_pool_free.constprop.0.isra.0
                0x0800f974                sli_cos_swo_itm_8_write.constprop.0.isra.0
                0x0800f9f8                ot::FrameBuilder::AppendBytes(void const*, unsigned short) [clone .isra.0]
                0x0800fa18                ot::FrameBuilder::AppendLittleEndianUint16(unsigned short) [clone .isra.0]
                0x0800fa2e                ot::FrameBuilder::AppendMacAddress(ot::Mac::Address const&) [clone .isra.0]
                0x0800fa62                otPlatUartFlush.isra.0
                0x0800fa9c                NcpSend.lto_priv.0
                0x0800fad4                ot::Mac::Frame::GetFrameControlField() const [clone .isra.0]
                0x0800fb42                ot::Mac::Frame::SkipSequenceIndex() const [clone .isra.0]
                0x0800fb54                ot::Mac::Frame::GetSrcAddr(ot::Mac::Address&) const
                0x0800fbca                ot::Mac::Frame::GetSecurityEnabled() const [clone .isra.0]
                0x0800fbf4                ot::Mac::Frame::GetSecurityLevel(unsigned char&) const
                0x0800fc14                ot::Mac::Frame::GetKeyIdMode(unsigned char&) const
                0x0800fc34                ot::Mac::Frame::GetFrameCounter(unsigned long&) const
                0x0800fc54                ot::Mac::Frame::SetFrameCounter(unsigned long)
                0x0800fc86                ot::Mac::Frame::GetKeyId(unsigned char&) const
                0x0800fcae                ot::Mac::Frame::SetKeyId(unsigned char)
                0x0800fcd0                ot::Mac::Frame::GetFooterLength() const
                0x0800fda0                ot::Mac::Frame::GetPayload() const
                0x0800fdb4                ot::Mac::Frame::GetHeaderLength() const
                0x0800fdc4                ot::Mac::Frame::GetPayloadLength() const
                0x0800fdde                ot::Mac::Frame::FindHeaderIeIndex() const
                0x0800fdf8                ot::Mac::Frame::GetHeaderIe(unsigned char) const [clone .constprop.0]
                0x080101a0                ot::Ncp::NcpHdlc::HandleFrame(void*, otError)
                0x08010b98                ot::Mac::SubMac::HandleTransmitDone(ot::Mac::TxFrame&, ot::Mac::RxFrame*, otError) [clone .constprop.0]
                0x08010d18                ot::TimerMicroIn<ot::Mac::SubMac, &ot::Mac::SubMac::HandleTimer>::HandleTimer(ot::Timer&)
                0x08010dbc                DMADRV_FreeChannel.isra.0
                0x08010df0                EMU_VScaleEM01.constprop.0
                0x08010e58                EMU_VScaleEM01ByClock.constprop.0
                0x08010e68                workEnd.isra.0
                0x08010ee4                nvm3_readData.constprop.0
                0x08010f54                nvm3_writeData.part.0.constprop.0.isra.0
                0x08011094                DMADRV_PeripheralMemory.constprop.0
                0x08011164                DMADRV_LdmaStartTransfer.isra.0
 .text          0x080111a0       0x88 ./simplicity_sdk_2025.6.2/platform/service/legacy_hal/src/faults.o
                0x080111a0                NMI_Handler
                0x080111a8                BusFault_Handler
                0x080111ac                mpu_fault_handler
                0x080111b0                UsageFault_Handler
                0x080111b4                DebugMon_Handler
                0x080111b8                uninitializedIsr
                0x080111bc                fault
 .text          0x08011228        0xc C:/Users/sucut/SimplicityStudio/SDKs/simplicity_sdk//protocol/openthread/libs/libsl_openthread_cm33_gcc.a(sl_openthread.o)
                0x08011228                sl_openthread_init
 .text.sli_rail_d10fffd91ec89ffa4c8cf455bc001cc8
                0x08011234       0x18 C:/Users/sucut/SimplicityStudio/SDKs/simplicity_sdk//platform/radio/rail_lib/autogen/librail_release/librail_efr32xg24_gcc_release.a(rail_singleprotocol.o)
 .text.sli_rail_813dcaad6866f2821b51b623b01c96aa
                0x0801124c       0x18 C:/Users/sucut/SimplicityStudio/SDKs/simplicity_sdk//platform/radio/rail_lib/autogen/librail_release/librail_efr32xg24_gcc_release.a(rail_singleprotocol.o)
 .text.sli_rail_72e9f5c29644f31bae0e43e979faca33
                0x08011264        0xc C:/Users/sucut/SimplicityStudio/SDKs/simplicity_sdk//platform/radio/rail_lib/autogen/librail_release/librail_efr32xg24_gcc_release.a(rail_singleprotocol.o)
 .text.sli_rail_7cf7072465428f3575ed601af5e943f2
                0x08011270       0x3c C:/Users/sucut/SimplicityStudio/SDKs/simplicity_sdk//platform/radio/rail_lib/autogen/librail_release/librail_efr32xg24_gcc_release.a(rail_singleprotocol.o)
 .text.sli_rail_59b4a762440e9f66f18dba84d0d2021d
                0x080112ac        0xc C:/Users/sucut/SimplicityStudio/SDKs/simplicity_sdk//platform/radio/rail_lib/autogen/librail_release/librail_efr32xg24_gcc_release.a(rail_singleprotocol.o)
 .text.sli_rail_1b0296993d1d7b5375773e05f18fcc45
                0x080112b8        0xc C:/Users/sucut/SimplicityStudio/SDKs/simplicity_sdk//platform/radio/rail_lib/autogen/librail_release/librail_efr32xg24_gcc_release.a(rail_singleprotocol.o)
 .text.sli_rail_c55be16c3e769b0a337b8ec2beb2abad
                0x080112c4       0x20 C:/Users/sucut/SimplicityStudio/SDKs/simplicity_sdk//platform/radio/rail_lib/autogen/librail_release/librail_efr32xg24_gcc_release.a(rail_singleprotocol.o)
 .text.sl_rail_init
                0x080112e4       0x6c C:/Users/sucut/SimplicityStudio/SDKs/simplicity_sdk//platform/radio/rail_lib/autogen/librail_release/librail_efr32xg24_gcc_release.a(rail_singleprotocol.o)
                0x080112e4                sl_rail_init
 .text.RAIL_IsInitialized
                0x08011350       0x10 C:/Users/sucut/SimplicityStudio/SDKs/simplicity_sdk//platform/radio/rail_lib/autogen/librail_release/librail_efr32xg24_gcc_release.a(rail_singleprotocol.o)
                0x08011350                RAIL_IsInitialized
 .text.sl_rail_config_sleep
                0x08011360       0x3c C:/Users/sucut/SimplicityStudio/SDKs/simplicity_sdk//platform/radio/rail_lib/autogen/librail_release/librail_efr32xg24_gcc_release.a(rail_singleprotocol.o)
                0x08011360                sl_rail_config_sleep
                0x08011360                RAIL_ConfigSleepAlt
 .text.sl_rail_yield_radio
                0x0801139c       0x14 C:/Users/sucut/SimplicityStudio/SDKs/simplicity_sdk//platform/radio/rail_lib/autogen/librail_release/librail_efr32xg24_gcc_release.a(rail_singleprotocol.o)
                0x0801139c                sl_rail_yield_radio
                0x0801139c                RAIL_YieldRadio
 .text.sl_rail_config_multi_timer
                0x080113b0       0x4c C:/Users/sucut/SimplicityStudio/SDKs/simplicity_sdk//platform/radio/rail_lib/autogen/librail_release/librail_efr32xg24_gcc_release.a(rail_singleprotocol.o)
                0x080113b0                sl_rail_config_multi_timer
 .text.sli_rail_ba62dd308ed15b1ffe7bd5b874af6d40
                0x080113fc       0x1c C:/Users/sucut/SimplicityStudio/SDKs/simplicity_sdk//platform/radio/rail_lib/autogen/librail_release/librail_efr32xg24_gcc_release.a(rail_rf.o)
 .text.sl_rail_core_config_channels_helper
                0x08011418       0x74 C:/Users/sucut/SimplicityStudio/SDKs/simplicity_sdk//platform/radio/rail_lib/autogen/librail_release/librail_efr32xg24_gcc_release.a(rail_rf.o)
 .text.sli_rail_0ca222f7a680788c307a2bad1be33ff3
                0x0801148c       0x4c C:/Users/sucut/SimplicityStudio/SDKs/simplicity_sdk//platform/radio/rail_lib/autogen/librail_release/librail_efr32xg24_gcc_release.a(rail_rf.o)
                0x0801148c                sli_rail_0ca222f7a680788c307a2bad1be33ff3
 .text.sli_rail_ae1c971823300cdc95a697ee27859a7c
                0x080114d8       0x24 C:/Users/sucut/SimplicityStudio/SDKs/simplicity_sdk//platform/radio/rail_lib/autogen/librail_release/librail_efr32xg24_gcc_release.a(rail_rf.o)
                0x080114d8                sli_rail_ae1c971823300cdc95a697ee27859a7c
 .text.sl_rail_config_channels
                0x080114fc       0x2c C:/Users/sucut/SimplicityStudio/SDKs/simplicity_sdk//platform/radio/rail_lib/autogen/librail_release/librail_efr32xg24_gcc_release.a(rail_rf.o)
                0x080114fc                sl_rail_config_channels
 .text.sl_rail_set_state_timing
                0x08011528       0x5c C:/Users/sucut/SimplicityStudio/SDKs/simplicity_sdk//platform/radio/rail_lib/autogen/librail_release/librail_efr32xg24_gcc_release.a(rail_rf.o)
                0x08011528                RAIL_SetStateTiming
                0x08011528                sl_rail_set_state_timing
 .text.sli_rail_a414401b72e85e008bc59287e035ef41
                0x08011584       0xbc C:/Users/sucut/SimplicityStudio/SDKs/simplicity_sdk//platform/radio/rail_lib/autogen/librail_release/librail_efr32xg24_gcc_release.a(rail_rf.o)
                0x08011584                sli_rail_a414401b72e85e008bc59287e035ef41
 .text.sli_rail_eff06dff73e0f32be1552c4011c2dec9
                0x08011640      0x164 C:/Users/sucut/SimplicityStudio/SDKs/simplicity_sdk//platform/radio/rail_lib/autogen/librail_release/librail_efr32xg24_gcc_release.a(rail_rf.o)
                0x08011640                sli_rail_eff06dff73e0f32be1552c4011c2dec9
 .text.sli_rail_f6dbb0a8d6338735e61b94958eb4964b
                0x080117a4       0x7c C:/Users/sucut/SimplicityStudio/SDKs/simplicity_sdk//platform/radio/rail_lib/autogen/librail_release/librail_efr32xg24_gcc_release.a(rail_rf.o)
                0x080117a4                sli_rail_f6dbb0a8d6338735e61b94958eb4964b
 .text.sl_rail_prepare_channel
                0x08011820       0x30 C:/Users/sucut/SimplicityStudio/SDKs/simplicity_sdk//platform/radio/rail_lib/autogen/librail_release/librail_efr32xg24_gcc_release.a(rail_rf.o)
                0x08011820                RAIL_PrepareChannel