15:47:12 **** Incremental Build of configuration GNU ARM v12.2.1 - Default for project zwave_ncp_zniffer2 ****
make -j20 all 
make[1]: Nothing to be done for 'main-build'.
"E:\Application\SiliconLabs\SimplicityStudio\v5\developer\adapter_packs\commander\commander.exe" postbuild "E:\CODE\Silicon_Labs\Z_Wave\ZWave_NCP_Zniffer_Solution\zwave_ncp_zniffer2/zwave_ncp_zniffer2.slpb" --parameter build_dir:"E:\CODE\Silicon_Labs\Z_Wave\ZWave_NCP_Zniffer_Solution\zwave_ncp_zniffer2\GNU ARM v12.2.1 - Default" && "E:\Application\SiliconLabs\SimplicityStudio\v5\developer\adapter_packs\commander\commander.exe" postbuild "E:\CODE\Silicon_Labs\Z_Wave\ZWave_NCP_Zniffer_Solution\zwave_ncp_zniffer2//ZWave_NCP_Zniffer_Solution2.slpb"
Parsing file E:\CODE\Silicon_Labs\Z_Wave\ZWave_NCP_Zniffer_Solution\zwave_ncp_zniffer2/zwave_ncp_zniffer2.slpb...
Running task util usage...
Ram usage       :    65532 /    65532 B (100.00 %)

  .bootloader_reset_section:        4 B            (  0.01 %)

  .bss          :    35896 B            ( 54.78 %)

  .data         :      764 B            (  1.17 %)

  .memory_manager_heap:    27556 B            ( 42.05 %)

  .stack        :     1024 B            (  1.56 %)

  text_application_ram:      288 B            (  0.44 %)



Flash usage     :   210676 /   491520 B ( 42.86 %)
Running task GBL3 create...
Running task copy...
Running task copy...
Running task copy...
DONE
Parsing file E:\CODE\Silicon_Labs\Z_Wave\ZWave_NCP_Zniffer_Solution\zwave_ncp_zniffer2//ZWave_NCP_Zniffer_Solution2.slpb...
Running task convert...
Running task convert...
Running task copy...
Running task copy...
Running task copy...
Running task copy...
Running task copy...
DONE
 

15:47:14 Build Finished. 0 errors, 0 warnings. (took 1s.508ms)

