Archive member included to satisfy reference by file (symbol)

e:/application/siliconlabs/simplicitystudio/v5/developer/toolchains/gnu_arm/12.2.rel1_2023.7/bin/../lib/gcc/arm-none-eabi/12.2.1/thumb/v8-m.main+fp/hard\libgcc.a(_aeabi_ldivmod.o)
                              ./simplicity_sdk_2025.6.2/platform/emlib/src/em_eusart.o (__aeabi_ldivmod)
e:/application/siliconlabs/simplicitystudio/v5/developer/toolchains/gnu_arm/12.2.rel1_2023.7/bin/../lib/gcc/arm-none-eabi/12.2.1/thumb/v8-m.main+fp/hard\libgcc.a(_aeabi_uldivmod.o)
                              ./simplicity_sdk_2025.6.2/platform/emlib/src/em_eusart.o (__aeabi_uldivmod)
e:/application/siliconlabs/simplicitystudio/v5/developer/toolchains/gnu_arm/12.2.rel1_2023.7/bin/../lib/gcc/arm-none-eabi/12.2.1/thumb/v8-m.main+fp/hard\libgcc.a(_udivmoddi4.o)
                              e:/application/siliconlabs/simplicitystudio/v5/developer/toolchains/gnu_arm/12.2.rel1_2023.7/bin/../lib/gcc/arm-none-eabi/12.2.1/thumb/v8-m.main+fp/hard\libgcc.a(_aeabi_ldivmod.o) (__udivmoddi4)
e:/application/siliconlabs/simplicitystudio/v5/developer/toolchains/gnu_arm/12.2.rel1_2023.7/bin/../lib/gcc/arm-none-eabi/12.2.1/thumb/v8-m.main+fp/hard\libgcc.a(_dvmd_tls.o)
                              e:/application/siliconlabs/simplicitystudio/v5/developer/toolchains/gnu_arm/12.2.rel1_2023.7/bin/../lib/gcc/arm-none-eabi/12.2.1/thumb/v8-m.main+fp/hard\libgcc.a(_aeabi_ldivmod.o) (__aeabi_ldiv0)
e:/application/siliconlabs/simplicitystudio/v5/developer/toolchains/gnu_arm/12.2.rel1_2023.7/bin/../lib/gcc/arm-none-eabi/12.2.1/thumb/v8-m.main+fp/hard\libc_nano.a(libc_a-exit.o)
                              e:/application/siliconlabs/simplicitystudio/v5/developer/toolchains/gnu_arm/12.2.rel1_2023.7/bin/../lib/gcc/arm-none-eabi/12.2.1/thumb/v8-m.main+fp/hard/crt0.o (exit)
e:/application/siliconlabs/simplicitystudio/v5/developer/toolchains/gnu_arm/12.2.rel1_2023.7/bin/../lib/gcc/arm-none-eabi/12.2.1/thumb/v8-m.main+fp/hard\libc_nano.a(libc_a-findfp.o)
                              e:/application/siliconlabs/simplicitystudio/v5/developer/toolchains/gnu_arm/12.2.rel1_2023.7/bin/../lib/gcc/arm-none-eabi/12.2.1/thumb/v8-m.main+fp/hard\libc_nano.a(libc_a-exit.o) (__stdio_exit_handler)
e:/application/siliconlabs/simplicitystudio/v5/developer/toolchains/gnu_arm/12.2.rel1_2023.7/bin/../lib/gcc/arm-none-eabi/12.2.1/thumb/v8-m.main+fp/hard\libc_nano.a(libc_a-fwalk.o)
                              e:/application/siliconlabs/simplicitystudio/v5/developer/toolchains/gnu_arm/12.2.rel1_2023.7/bin/../lib/gcc/arm-none-eabi/12.2.1/thumb/v8-m.main+fp/hard\libc_nano.a(libc_a-findfp.o) (_fwalk_sglue)
e:/application/siliconlabs/simplicitystudio/v5/developer/toolchains/gnu_arm/12.2.rel1_2023.7/bin/../lib/gcc/arm-none-eabi/12.2.1/thumb/v8-m.main+fp/hard\libc_nano.a(libc_a-stdio.o)
                              e:/application/siliconlabs/simplicitystudio/v5/developer/toolchains/gnu_arm/12.2.rel1_2023.7/bin/../lib/gcc/arm-none-eabi/12.2.1/thumb/v8-m.main+fp/hard\libc_nano.a(libc_a-findfp.o) (__sread)
e:/application/siliconlabs/simplicitystudio/v5/developer/toolchains/gnu_arm/12.2.rel1_2023.7/bin/../lib/gcc/arm-none-eabi/12.2.1/thumb/v8-m.main+fp/hard\libc_nano.a(libc_a-memcmp.o)
                              ./simplicity_sdk_2025.6.2/platform/bootloader/parser/gbl/btl_gbl_parser.o (memcmp)
e:/application/siliconlabs/simplicitystudio/v5/developer/toolchains/gnu_arm/12.2.rel1_2023.7/bin/../lib/gcc/arm-none-eabi/12.2.1/thumb/v8-m.main+fp/hard\libc_nano.a(libc_a-memmove.o)
                              ./simplicity_sdk_2025.6.2/platform/security/sl_component/sl_psa_driver/src/sli_se_driver_cipher.o (memmove)
e:/application/siliconlabs/simplicitystudio/v5/developer/toolchains/gnu_arm/12.2.rel1_2023.7/bin/../lib/gcc/arm-none-eabi/12.2.1/thumb/v8-m.main+fp/hard\libc_nano.a(libc_a-memset.o)
                              e:/application/siliconlabs/simplicitystudio/v5/developer/toolchains/gnu_arm/12.2.rel1_2023.7/bin/../lib/gcc/arm-none-eabi/12.2.1/thumb/v8-m.main+fp/hard/crt0.o (memset)
e:/application/siliconlabs/simplicitystudio/v5/developer/toolchains/gnu_arm/12.2.rel1_2023.7/bin/../lib/gcc/arm-none-eabi/12.2.1/thumb/v8-m.main+fp/hard\libc_nano.a(libc_a-closer.o)
                              e:/application/siliconlabs/simplicitystudio/v5/developer/toolchains/gnu_arm/12.2.rel1_2023.7/bin/../lib/gcc/arm-none-eabi/12.2.1/thumb/v8-m.main+fp/hard\libc_nano.a(libc_a-stdio.o) (_close_r)
e:/application/siliconlabs/simplicitystudio/v5/developer/toolchains/gnu_arm/12.2.rel1_2023.7/bin/../lib/gcc/arm-none-eabi/12.2.1/thumb/v8-m.main+fp/hard\libc_nano.a(libc_a-reent.o)
                              e:/application/siliconlabs/simplicitystudio/v5/developer/toolchains/gnu_arm/12.2.rel1_2023.7/bin/../lib/gcc/arm-none-eabi/12.2.1/thumb/v8-m.main+fp/hard\libc_nano.a(libc_a-closer.o) (errno)
[...]
Memory Configuration

Name             Origin             Length             Attributes
FLASH            0x08000000         0x00006000         xr
RAM              0x20000004         0x0003fffc         xrw
BOOTLOADER_RESET_REGION 0x20000000         0x00000004         xrw
*default*        0x00000000         0xffffffff

Linker script and memory map

LOAD e:/application/siliconlabs/simplicitystudio/v5/developer/toolchains/gnu_arm/12.2.rel1_2023.7/bin/../lib/gcc/arm-none-eabi/12.2.1/thumb/v8-m.main+fp/hard/crti.o
LOAD e:/application/siliconlabs/simplicitystudio/v5/developer/toolchains/gnu_arm/12.2.rel1_2023.7/bin/../lib/gcc/arm-none-eabi/12.2.1/thumb/v8-m.main+fp/hard/crtbegin.o
LOAD e:/application/siliconlabs/simplicitystudio/v5/developer/toolchains/gnu_arm/12.2.rel1_2023.7/bin/../lib/gcc/arm-none-eabi/12.2.1/thumb/v8-m.main+fp/hard/crt0.o
START GROUP
LOAD ./simplicity_sdk_2025.6.2/platform/Device/SiliconLabs/EFR32MG24/Source/startup_efr32mg24.o
LOAD ./simplicity_sdk_2025.6.2/platform/Device/SiliconLabs/EFR32MG24/Source/system_efr32mg24.o
LOAD ./simplicity_sdk_2025.6.2/platform/bootloader/communication/bgapi-uart-dfu/btl_comm_bgapi.o
LOAD ./simplicity_sdk_2025.6.2/platform/bootloader/communication/bgapi-uart-dfu/btl_comm_bgapi_common.o
LOAD ./simplicity_sdk_2025.6.2/platform/bootloader/core/btl_bootload.o
LOAD ./simplicity_sdk_2025.6.2/platform/bootloader/core/btl_core.o
LOAD ./simplicity_sdk_2025.6.2/platform/bootloader/core/btl_main.o
LOAD ./simplicity_sdk_2025.6.2/platform/bootloader/core/btl_parse.o
LOAD ./simplicity_sdk_2025.6.2/platform/bootloader/core/btl_reset.o
LOAD ./simplicity_sdk_2025.6.2/platform/bootloader/core/flash/btl_internal_flash.o
LOAD ./simplicity_sdk_2025.6.2/platform/bootloader/debug/btl_debug.o
LOAD ./simplicity_sdk_2025.6.2/platform/bootloader/debug/btl_debug_swo.o
LOAD ./simplicity_sdk_2025.6.2/platform/bootloader/driver/btl_driver_delay.o
LOAD ./simplicity_sdk_2025.6.2/platform/bootloader/driver/btl_driver_uart.o
LOAD ./simplicity_sdk_2025.6.2/platform/bootloader/driver/btl_driver_util.o
LOAD ./simplicity_sdk_2025.6.2/platform/bootloader/gpio/gpio-activation/btl_gpio_activation_s2.o
LOAD ./simplicity_sdk_2025.6.2/platform/bootloader/parser/gbl/btl_gbl_custom_tags.o
LOAD ./simplicity_sdk_2025.6.2/platform/bootloader/parser/gbl/btl_gbl_format.o
LOAD ./simplicity_sdk_2025.6.2/platform/bootloader/parser/gbl/btl_gbl_parser.o
LOAD ./simplicity_sdk_2025.6.2/platform/bootloader/security/btl_crc16.o
LOAD ./simplicity_sdk_2025.6.2/platform/bootloader/security/btl_crc32.o
LOAD ./simplicity_sdk_2025.6.2/platform/bootloader/security/btl_security_aes.o
LOAD ./simplicity_sdk_2025.6.2/platform/bootloader/security/btl_security_ecdsa.o
LOAD ./simplicity_sdk_2025.6.2/platform/bootloader/security/btl_security_sha256.o
LOAD ./simplicity_sdk_2025.6.2/platform/bootloader/security/btl_security_tokens.o
LOAD ./simplicity_sdk_2025.6.2/platform/bootloader/security/ecc/ecc.o
LOAD ./simplicity_sdk_2025.6.2/platform/bootloader/security/sha/btl_sha256.o
LOAD ./simplicity_sdk_2025.6.2/platform/bootloader/security/sha/crypto_sha.o
LOAD ./simplicity_sdk_2025.6.2/platform/bootloader/security/sha/cryptoacc_sha.o
LOAD ./simplicity_sdk_2025.6.2/platform/bootloader/security/sha/se_sha.o
LOAD ./simplicity_sdk_2025.6.2/platform/common/src/sl_assert.o
LOAD ./simplicity_sdk_2025.6.2/platform/common/src/sl_core_cortexm.o
LOAD ./simplicity_sdk_2025.6.2/platform/common/src/sl_syscalls.o
LOAD ./simplicity_sdk_2025.6.2/platform/emlib/src/em_acmp.o
LOAD ./simplicity_sdk_2025.6.2/platform/emlib/src/em_burtc.o
LOAD ./simplicity_sdk_2025.6.2/platform/emlib/src/em_cmu.o
LOAD ./simplicity_sdk_2025.6.2/platform/emlib/src/em_dbg.o
LOAD ./simplicity_sdk_2025.6.2/platform/emlib/src/em_emu.o
LOAD ./simplicity_sdk_2025.6.2/platform/emlib/src/em_eusart.o
LOAD ./simplicity_sdk_2025.6.2/platform/emlib/src/em_gpcrc.o
LOAD ./simplicity_sdk_2025.6.2/platform/emlib/src/em_gpio.o
LOAD ./simplicity_sdk_2025.6.2/platform/emlib/src/em_i2c.o
LOAD ./simplicity_sdk_2025.6.2/platform/emlib/src/em_iadc.o
LOAD ./simplicity_sdk_2025.6.2/platform/emlib/src/em_ldma.o
LOAD ./simplicity_sdk_2025.6.2/platform/emlib/src/em_letimer.o
LOAD ./simplicity_sdk_2025.6.2/platform/emlib/src/em_msc.o
LOAD ./simplicity_sdk_2025.6.2/platform/emlib/src/em_opamp.o
LOAD ./simplicity_sdk_2025.6.2/platform/emlib/src/em_pcnt.o
LOAD ./simplicity_sdk_2025.6.2/platform/emlib/src/em_prs.o
LOAD ./simplicity_sdk_2025.6.2/platform/emlib/src/em_rmu.o
LOAD ./simplicity_sdk_2025.6.2/platform/emlib/src/em_system.o
LOAD ./simplicity_sdk_2025.6.2/platform/emlib/src/em_timer.o
LOAD ./simplicity_sdk_2025.6.2/platform/emlib/src/em_usart.o
LOAD ./simplicity_sdk_2025.6.2/platform/emlib/src/em_vdac.o
LOAD ./simplicity_sdk_2025.6.2/platform/emlib/src/em_wdog.o
LOAD ./simplicity_sdk_2025.6.2/platform/security/sl_component/se_manager/src/sl_se_manager.o
LOAD ./simplicity_sdk_2025.6.2/platform/security/sl_component/se_manager/src/sl_se_manager_attestation.o
LOAD ./simplicity_sdk_2025.6.2/platform/security/sl_component/se_manager/src/sl_se_manager_cipher.o
LOAD ./simplicity_sdk_2025.6.2/platform/security/sl_component/se_manager/src/sl_se_manager_entropy.o
LOAD ./simplicity_sdk_2025.6.2/platform/security/sl_component/se_manager/src/sl_se_manager_hash.o
LOAD ./simplicity_sdk_2025.6.2/platform/security/sl_component/se_manager/src/sl_se_manager_key_derivation.o
LOAD ./simplicity_sdk_2025.6.2/platform/security/sl_component/se_manager/src/sl_se_manager_key_handling.o
LOAD ./simplicity_sdk_2025.6.2/platform/security/sl_component/se_manager/src/sl_se_manager_signature.o
LOAD ./simplicity_sdk_2025.6.2/platform/security/sl_component/se_manager/src/sl_se_manager_util.o
LOAD ./simplicity_sdk_2025.6.2/platform/security/sl_component/se_manager/src/sli_se_manager_mailbox.o
LOAD ./simplicity_sdk_2025.6.2/platform/security/sl_component/sl_mbedtls_support/src/se_aes.o
LOAD ./simplicity_sdk_2025.6.2/platform/security/sl_component/sl_mbedtls_support/src/sl_mbedtls.o
LOAD ./simplicity_sdk_2025.6.2/platform/security/sl_component/sl_psa_driver/src/sli_psa_driver_common.o
LOAD ./simplicity_sdk_2025.6.2/platform/security/sl_component/sl_psa_driver/src/sli_psa_driver_init.o
LOAD ./simplicity_sdk_2025.6.2/platform/security/sl_component/sl_psa_driver/src/sli_se_driver_aead.o
LOAD ./simplicity_sdk_2025.6.2/platform/security/sl_component/sl_psa_driver/src/sli_se_driver_builtin_keys.o
LOAD ./simplicity_sdk_2025.6.2/platform/security/sl_component/sl_psa_driver/src/sli_se_driver_cipher.o
LOAD ./simplicity_sdk_2025.6.2/platform/security/sl_component/sl_psa_driver/src/sli_se_driver_key_derivation.o
LOAD ./simplicity_sdk_2025.6.2/platform/security/sl_component/sl_psa_driver/src/sli_se_driver_key_management.o
LOAD ./simplicity_sdk_2025.6.2/platform/security/sl_component/sl_psa_driver/src/sli_se_driver_mac.o
LOAD ./simplicity_sdk_2025.6.2/platform/security/sl_component/sl_psa_driver/src/sli_se_driver_signature.o
LOAD ./simplicity_sdk_2025.6.2/platform/security/sl_component/sl_psa_driver/src/sli_se_opaque_driver_aead.o
LOAD ./simplicity_sdk_2025.6.2/platform/security/sl_component/sl_psa_driver/src/sli_se_opaque_driver_cipher.o
LOAD ./simplicity_sdk_2025.6.2/platform/security/sl_component/sl_psa_driver/src/sli_se_opaque_driver_mac.o
LOAD ./simplicity_sdk_2025.6.2/platform/security/sl_component/sl_psa_driver/src/sli_se_opaque_key_derivation.o
LOAD ./simplicity_sdk_2025.6.2/platform/security/sl_component/sl_psa_driver/src/sli_se_transparent_driver_aead.o
LOAD ./simplicity_sdk_2025.6.2/platform/security/sl_component/sl_psa_driver/src/sli_se_transparent_driver_cipher.o
LOAD ./simplicity_sdk_2025.6.2/platform/security/sl_component/sl_psa_driver/src/sli_se_transparent_driver_hash.o
LOAD ./simplicity_sdk_2025.6.2/platform/security/sl_component/sl_psa_driver/src/sli_se_transparent_driver_mac.o
LOAD ./simplicity_sdk_2025.6.2/platform/security/sl_component/sl_psa_driver/src/sli_se_transparent_key_derivation.o
LOAD ./simplicity_sdk_2025.6.2/platform/security/sl_component/sl_psa_driver/src/sli_se_version_dependencies.o
LOAD ./simplicity_sdk_2025.6.2/platform/service/memory_manager/src/sl_memory_manager.o
LOAD ./simplicity_sdk_2025.6.2/platform/service/memory_manager/src/sl_memory_manager_dynamic_reservation.o
LOAD ./simplicity_sdk_2025.6.2/platform/service/memory_manager/src/sl_memory_manager_pool.o
LOAD ./simplicity_sdk_2025.6.2/platform/service/memory_manager/src/sl_memory_manager_pool_common.o
LOAD ./simplicity_sdk_2025.6.2/platform/service/memory_manager/src/sl_memory_manager_region.o
LOAD ./simplicity_sdk_2025.6.2/platform/service/memory_manager/src/sl_memory_manager_retarget.o
LOAD ./simplicity_sdk_2025.6.2/platform/service/memory_manager/src/sli_memory_manager_common.o
LOAD ./simplicity_sdk_2025.6.2/platform/service/udelay/src/sl_udelay.o
LOAD ./simplicity_sdk_2025.6.2/platform/service/udelay/src/sl_udelay_armv6m_gcc.o
LOAD ./simplicity_sdk_2025.6.2/util/third_party/mbedtls/library/aes.o
LOAD ./simplicity_sdk_2025.6.2/util/third_party/mbedtls/library/constant_time.o
LOAD ./simplicity_sdk_2025.6.2/util/third_party/mbedtls/library/platform.o
LOAD ./simplicity_sdk_2025.6.2/util/third_party/mbedtls/library/platform_util.o
LOAD ./simplicity_sdk_2025.6.2/util/third_party/mbedtls/library/psa_crypto_client.o
LOAD ./simplicity_sdk_2025.6.2/util/third_party/mbedtls/library/psa_util.o
LOAD ./simplicity_sdk_2025.6.2/util/third_party/mbedtls/library/threading.o
LOAD ./simplicity_sdk_2025.6.2/util/third_party/trusted-firmware-m/lib/fih/src/fih.o
LOAD ./simplicity_sdk_2025.6.2/util/third_party/trusted-firmware-m/platform/ext/target/siliconlabs/hse/sli_se.o
LOAD e:/application/siliconlabs/simplicitystudio/v5/developer/toolchains/gnu_arm/12.2.rel1_2023.7/bin/../lib/gcc/arm-none-eabi/12.2.1/thumb/v8-m.main+fp/hard\libgcc.a
LOAD e:/application/siliconlabs/simplicitystudio/v5/developer/toolchains/gnu_arm/12.2.rel1_2023.7/bin/../lib/gcc/arm-none-eabi/12.2.1/thumb/v8-m.main+fp/hard\libc_nano.a
LOAD e:/application/siliconlabs/simplicitystudio/v5/developer/toolchains/gnu_arm/12.2.rel1_2023.7/bin/../lib/gcc/arm-none-eabi/12.2.1/thumb/v8-m.main+fp/hard\libm.a
LOAD e:/application/siliconlabs/simplicitystudio/v5/developer/toolchains/gnu_arm/12.2.rel1_2023.7/bin/../lib/gcc/arm-none-eabi/12.2.1/thumb/v8-m.main+fp/hard\libnosys.a
END GROUP
START GROUP
LOAD e:/application/siliconlabs/simplicitystudio/v5/developer/toolchains/gnu_arm/12.2.rel1_2023.7/bin/../lib/gcc/arm-none-eabi/12.2.1/thumb/v8-m.main+fp/hard\libgcc.a
LOAD e:/application/siliconlabs/simplicitystudio/v5/developer/toolchains/gnu_arm/12.2.rel1_2023.7/bin/../lib/gcc/arm-none-eabi/12.2.1/thumb/v8-m.main+fp/hard\libc_nano.a
LOAD e:/application/siliconlabs/simplicitystudio/v5/developer/toolchains/gnu_arm/12.2.rel1_2023.7/bin/../lib/gcc/arm-none-eabi/12.2.1/thumb/v8-m.main+fp/hard\libnosys.a
END GROUP
START GROUP
LOAD e:/application/siliconlabs/simplicitystudio/v5/developer/toolchains/gnu_arm/12.2.rel1_2023.7/bin/../lib/gcc/arm-none-eabi/12.2.1/thumb/v8-m.main+fp/hard\libgcc.a
LOAD e:/application/siliconlabs/simplicitystudio/v5/developer/toolchains/gnu_arm/12.2.rel1_2023.7/bin/../lib/gcc/arm-none-eabi/12.2.1/thumb/v8-m.main+fp/hard\libg_nano.a
LOAD e:/application/siliconlabs/simplicitystudio/v5/developer/toolchains/gnu_arm/12.2.rel1_2023.7/bin/../lib/gcc/arm-none-eabi/12.2.1/thumb/v8-m.main+fp/hard\libc_nano.a
END GROUP
START GROUP
LOAD e:/application/siliconlabs/simplicitystudio/v5/developer/toolchains/gnu_arm/12.2.rel1_2023.7/bin/../lib/gcc/arm-none-eabi/12.2.1/thumb/v8-m.main+fp/hard\libgcc.a
LOAD e:/application/siliconlabs/simplicitystudio/v5/developer/toolchains/gnu_arm/12.2.rel1_2023.7/bin/../lib/gcc/arm-none-eabi/12.2.1/thumb/v8-m.main+fp/hard\libc_nano.a
END GROUP
LOAD e:/application/siliconlabs/simplicitystudio/v5/developer/toolchains/gnu_arm/12.2.rel1_2023.7/bin/../lib/gcc/arm-none-eabi/12.2.1/thumb/v8-m.main+fp/hard/crtend.o
LOAD e:/application/siliconlabs/simplicitystudio/v5/developer/toolchains/gnu_arm/12.2.rel1_2023.7/bin/../lib/gcc/arm-none-eabi/12.2.1/thumb/v8-m.main+fp/hard/crtn.o

.vectors        0x08000000      0x170
                0x08000000                linker_vectors_begin = .
 *(.vectors)
 .vectors       0x08000000      0x170 ./simplicity_sdk_2025.6.2/platform/Device/SiliconLabs/EFR32MG24/Source/startup_efr32mg24.o
                0x08000000                __Vectors
                0x08000170                linker_vectors_end = .
                0x08000170                __Vectors_End = .
                0x08000170                __Vectors_Size = (__Vectors_End - __Vectors)

.bootloader_reset_section
                0x20000000        0x4
                0x20000000                __ResetReasonStart__ = .
                0x20000004                . = (. + 0x4)
 *fill*         0x20000000        0x4 
                0x20000004                . = ALIGN (0x4)
                0x20000004                __ResetReasonEnd__ = .

.stack          0x20000008     0x1000
                0x20000008                . = ALIGN (0x8)
                0x20000008                __StackLimit = .
 *(.stack*)
 .stack         0x20000008     0x1000 ./simplicity_sdk_2025.6.2/platform/service/memory_manager/src/sl_memory_manager_region.o
                0x20001008                . = ALIGN (0x4)
                0x20001008                __StackTop = .
                0x20001008                PROVIDE (__stack = __StackTop)

.stackseal      0x20001008        0x8
                0x20001008                __StackSeal = .
                0x20001010                . = (. + 0x8)
 *fill*         0x20001008        0x8 
                0x20001010                . = ALIGN (0x8)

.bss            0x20001010      0x2a4
                0x20001010                . = ALIGN (0x4)
                0x20001010                __bss_start__ = .
 *(SORT_BY_ALIGNMENT(.bss*))
 .bss.object.0  0x20001010       0x18 e:/application/siliconlabs/simplicitystudio/v5/developer/toolchains/gnu_arm/12.2.rel1_2023.7/bin/../lib/gcc/arm-none-eabi/12.2.1/thumb/v8-m.main+fp/hard/crtbegin.o
 .bss.ticksPerMillisecond
                0x20001028        0x4 ./simplicity_sdk_2025.6.2/platform/bootloader/driver/btl_driver_delay.o
 .bss.rxHead    0x2000102c        0x4 ./simplicity_sdk_2025.6.2/platform/bootloader/driver/btl_driver_uart.o
 .bss.delayTarget
                0x20001030        0x2 ./simplicity_sdk_2025.6.2/platform/bootloader/driver/btl_driver_delay.o
 .bss.completed.1
                0x20001032        0x1 e:/application/siliconlabs/simplicitystudio/v5/developer/toolchains/gnu_arm/12.2.rel1_2023.7/bin/../lib/gcc/arm-none-eabi/12.2.1/thumb/v8-m.main+fp/hard/crtbegin.o
 .bss.expectOverflow
                0x20001033        0x1 ./simplicity_sdk_2025.6.2/platform/bootloader/driver/btl_driver_delay.o
 .bss.txBuffer  0x20001034       0x80 ./simplicity_sdk_2025.6.2/platform/bootloader/driver/btl_driver_uart.o
 .bss.rxBuffer  0x200010b4      0x200 ./simplicity_sdk_2025.6.2/platform/bootloader/driver/btl_driver_uart.o
 *(COMMON)
                0x200012b4                . = ALIGN (0x4)
                0x200012b4                __bss_end__ = .

.noinit
 *(.noinit*)

text_application_ram
                0x200012b4        0x0 load address 0x08000170
                0x200012b4                . = ALIGN (0x4)
                0x200012b4                __vma_ramfuncs_start__ = .
                0x200012b4                __text_application_ram_start__ = .
 *(text_application_ram)
                0x200012b4                . = ALIGN (0x4)
                0x200012b4                __vma_ramfuncs_end__ = .
                0x200012b4                __text_application_ram_end__ = .
                0x08000170                __lma_ramfuncs_start__ = LOADADDR (text_application_ram)
                0x08000170                __lma_ramfuncs_end__ = (LOADADDR (text_application_ram) + SIZEOF (text_application_ram))

.rodata         0x08000170        0x0
                0x08000170                __rodata_end__ = .

.text           0x08000170     0x2668
                0x08000170                linker_code_begin = .
 *(SORT_BY_ALIGNMENT(.text*))
 .text.Reset_Handler
                0x08000170       0x38 ./simplicity_sdk_2025.6.2/platform/Device/SiliconLabs/EFR32MG24/Source/startup_efr32mg24.o
                0x08000170                Reset_Handler
 .text.deregister_tm_clones
                0x080001a8       0x1c e:/application/siliconlabs/simplicitystudio/v5/developer/toolchains/gnu_arm/12.2.rel1_2023.7/bin/../lib/gcc/arm-none-eabi/12.2.1/thumb/v8-m.main+fp/hard/crtbegin.o
 .text.register_tm_clones
                0x080001c4       0x28 e:/application/siliconlabs/simplicitystudio/v5/developer/toolchains/gnu_arm/12.2.rel1_2023.7/bin/../lib/gcc/arm-none-eabi/12.2.1/thumb/v8-m.main+fp/hard/crtbegin.o
 .text.__do_global_dtors_aux
                0x080001ec       0x28 e:/application/siliconlabs/simplicitystudio/v5/developer/toolchains/gnu_arm/12.2.rel1_2023.7/bin/../lib/gcc/arm-none-eabi/12.2.1/thumb/v8-m.main+fp/hard/crtbegin.o
 .text.frame_dummy
                0x08000214       0x24 e:/application/siliconlabs/simplicitystudio/v5/developer/toolchains/gnu_arm/12.2.rel1_2023.7/bin/../lib/gcc/arm-none-eabi/12.2.1/thumb/v8-m.main+fp/hard/crtbegin.o
 .text.Copy_Table
                0x08000238       0x28 ./simplicity_sdk_2025.6.2/platform/Device/SiliconLabs/EFR32MG24/Source/startup_efr32mg24.o
                0x08000238                Copy_Table
 .text.Zero_Table
                0x08000260       0x24 ./simplicity_sdk_2025.6.2/platform/Device/SiliconLabs/EFR32MG24/Source/startup_efr32mg24.o
                0x08000260                Zero_Table
 .text.SystemInit
                0x08000284       0x1c ./simplicity_sdk_2025.6.2/platform/Device/SiliconLabs/EFR32MG24/Source/system_efr32mg24.o
                0x08000284                SystemInit
 .text.communication_main
                0x080002a0       0x64 ./simplicity_sdk_2025.6.2/platform/bootloader/communication/bgapi-uart-dfu/btl_comm_bgapi.o
                0x080002a0                communication_main
 .text.bootloader_bgapi_communication_start
                0x08000304       0x5c ./simplicity_sdk_2025.6.2/platform/bootloader/communication/bgapi-uart-dfu/btl_comm_bgapi_common.o
                0x08000304                bootloader_bgapi_communication_start
 .text.bootloader_bgapi_communication_main
                0x08000360      0x180 ./simplicity_sdk_2025.6.2/platform/bootloader/communication/bgapi-uart-dfu/btl_comm_bgapi_common.o
                0x08000360                bootloader_bgapi_communication_main
 .text.bootload_bootloaderCallback
                0x080004e0       0x48 ./simplicity_sdk_2025.6.2/platform/bootloader/core/btl_bootload.o
                0x080004e0                bootload_bootloaderCallback
 .text.bootload_checkApplicationPropertiesMagic
                0x08000528       0x4c ./simplicity_sdk_2025.6.2/platform/bootloader/core/btl_bootload.o
                0x08000528                bootload_checkApplicationPropertiesMagic
 .text.bootload_verifyApplication
                0x08000574       0xe4 ./simplicity_sdk_2025.6.2/platform/bootloader/core/btl_bootload.o
                0x08000574                bootload_verifyApplication
 .text.bootload_commitBootloaderUpgrade
                0x08000658       0x94 ./simplicity_sdk_2025.6.2/platform/bootloader/core/btl_bootload.o
                0x08000658                bootload_commitBootloaderUpgrade
 .text.bootload_commitSeUpgrade
                0x080006ec       0x6c ./simplicity_sdk_2025.6.2/platform/bootloader/core/btl_bootload.o
                0x080006ec                bootload_commitSeUpgrade
 .text.bootload_getSeVersion
                0x08000758       0x50 ./simplicity_sdk_2025.6.2/platform/bootloader/core/btl_bootload.o
                0x08000758                bootload_getSeVersion
 .text.bootload_getUpgradeLocation
                0x080007a8        0x8 ./simplicity_sdk_2025.6.2/platform/bootloader/core/btl_bootload.o
                0x080007a8                bootload_getUpgradeLocation
 .text.btl_getPeripheralList
                0x080007b0       0x1c ./simplicity_sdk_2025.6.2/platform/bootloader/core/btl_main.o
 .text.startup.main
                0x080007cc       0xb4 ./simplicity_sdk_2025.6.2/platform/bootloader/core/btl_main.o
                0x080007cc                main
 .text.SystemInit2
                0x08000880       0x94 ./simplicity_sdk_2025.6.2/platform/bootloader/core/btl_main.o
                0x08000880                SystemInit2
 .text.reset_invalidateResetReason
                0x08000914       0x10 ./simplicity_sdk_2025.6.2/platform/bootloader/core/btl_reset.o
                0x08000914                reset_invalidateResetReason
 .text.reset_resetCounterEnabled
                0x08000924       0x1c ./simplicity_sdk_2025.6.2/platform/bootloader/core/btl_reset.o
                0x08000924                reset_resetCounterEnabled
 .text.reset_setResetReason
                0x08000940       0x18 ./simplicity_sdk_2025.6.2/platform/bootloader/core/btl_reset.o
                0x08000940                reset_setResetReason
 .text.reset_resetWithReason
                0x08000958       0x28 ./simplicity_sdk_2025.6.2/platform/bootloader/core/btl_reset.o
                0x08000958                reset_resetWithReason
 .text.reset_classifyReset
                0x08000980       0x2c ./simplicity_sdk_2025.6.2/platform/bootloader/core/btl_reset.o
                0x08000980                reset_classifyReset
 .text.reset_getResetReason
                0x080009ac        0xc ./simplicity_sdk_2025.6.2/platform/bootloader/core/btl_reset.o
                0x080009ac                reset_getResetReason
 .text.flash_erasePage
                0x080009b8       0x1c ./simplicity_sdk_2025.6.2/platform/bootloader/core/flash/btl_internal_flash.o
                0x080009b8                flash_erasePage
 .text.flash_writeBuffer_dma
                0x080009d4       0x50 ./simplicity_sdk_2025.6.2/platform/bootloader/core/flash/btl_internal_flash.o
                0x080009d4                flash_writeBuffer_dma
 .text.delay_init
                0x08000a24       0x4c ./simplicity_sdk_2025.6.2/platform/bootloader/driver/btl_driver_delay.o
                0x08000a24                delay_init
 .text.delay_milliseconds
                0x08000a70       0x4c ./simplicity_sdk_2025.6.2/platform/bootloader/driver/btl_driver_delay.o
                0x08000a70                delay_milliseconds
 .text.delay_expired
                0x08000abc       0x34 ./simplicity_sdk_2025.6.2/platform/bootloader/driver/btl_driver_delay.o
                0x08000abc                delay_expired
 .text.uart_init
                0x08000af0      0x154 ./simplicity_sdk_2025.6.2/platform/bootloader/driver/btl_driver_uart.o
                0x08000af0                uart_init
 .text.uart_isTxIdle
                0x08000c44       0x2c ./simplicity_sdk_2025.6.2/platform/bootloader/driver/btl_driver_uart.o
                0x08000c44                uart_isTxIdle
 .text.uart_sendBuffer
                0x08000c70       0x70 ./simplicity_sdk_2025.6.2/platform/bootloader/driver/btl_driver_uart.o
                0x08000c70                uart_sendBuffer
 .text.uart_getRxAvailableBytes
                0x08000ce0       0x48 ./simplicity_sdk_2025.6.2/platform/bootloader/driver/btl_driver_uart.o
                0x08000ce0                uart_getRxAvailableBytes
 .text.uart_receiveBuffer
                0x08000d28       0xa4 ./simplicity_sdk_2025.6.2/platform/bootloader/driver/btl_driver_uart.o
                0x08000d28                uart_receiveBuffer
 .text.util_getClockFreq
                0x08000dcc       0x94 ./simplicity_sdk_2025.6.2/platform/bootloader/driver/btl_driver_util.o
                0x08000dcc                util_getClockFreq
 .text.gpio_enterBootloader
                0x08000e60       0x44 ./simplicity_sdk_2025.6.2/platform/bootloader/gpio/gpio-activation/btl_gpio_activation_s2.o
                0x08000e60                gpio_enterBootloader
 .text.gbl_getTagParsingInfoFromTagId
                0x08000ea4       0x24 ./simplicity_sdk_2025.6.2/platform/bootloader/parser/gbl/btl_gbl_format.o
                0x08000ea4                gbl_getTagParsingInfoFromTagId
 .text.gbl_parseHeader
                0x08000ec8       0x7c ./simplicity_sdk_2025.6.2/platform/bootloader/parser/gbl/btl_gbl_parser.o
 .text.gbl_writeProgData
                0x08000f44       0xa8 ./simplicity_sdk_2025.6.2/platform/bootloader/parser/gbl/btl_gbl_parser.o
                0x08000f44                gbl_writeProgData
 .text.parser_init
                0x08000fec       0x74 ./simplicity_sdk_2025.6.2/platform/bootloader/parser/gbl/btl_gbl_parser.o
                0x08000fec                parser_init
 .text.parser_parse
                0x08001060      0x640 ./simplicity_sdk_2025.6.2/platform/bootloader/parser/gbl/btl_gbl_parser.o
                0x08001060                parser_parse
 .text.btl_crc32Stream
                0x080016a0       0x30 ./simplicity_sdk_2025.6.2/platform/bootloader/security/btl_crc32.o
                0x080016a0                btl_crc32Stream
 .text.btl_initAesCcm
                0x080016d0       0x58 ./simplicity_sdk_2025.6.2/platform/bootloader/security/btl_security_aes.o
                0x080016d0                btl_initAesCcm
 .text.btl_verifyEcdsaP256r1
                0x08001728      0x100 ./simplicity_sdk_2025.6.2/platform/bootloader/security/btl_security_ecdsa.o
                0x08001728                btl_verifyEcdsaP256r1
 .text.btl_initSha256
                0x08001828       0x20 ./simplicity_sdk_2025.6.2/platform/bootloader/security/btl_security_sha256.o
                0x08001828                btl_initSha256
 .text.btl_getSignedBootloaderKeyXPtr
                0x08001848       0x3c ./simplicity_sdk_2025.6.2/platform/bootloader/security/btl_security_tokens.o
                0x08001848                btl_getSignedBootloaderKeyXPtr
 .text.btl_getSignedBootloaderKeyYPtr
                0x08001884       0x3c ./simplicity_sdk_2025.6.2/platform/bootloader/security/btl_security_tokens.o
                0x08001884                btl_getSignedBootloaderKeyYPtr
 .text.btl_getImageFileEncryptionKeyPtr
                0x080018c0        0x8 ./simplicity_sdk_2025.6.2/platform/bootloader/security/btl_security_tokens.o
                0x080018c0                btl_getImageFileEncryptionKeyPtr
 .text.sha_x_update
                0x080018c8       0xbc ./simplicity_sdk_2025.6.2/platform/bootloader/security/sha/btl_sha256.o
                0x080018c8                sha_x_update
 .text.sha_x_finish.part.0
                0x08001984       0x98 ./simplicity_sdk_2025.6.2/platform/bootloader/security/sha/btl_sha256.o
 .text.sha_x_process
                0x08001a1c       0xac ./simplicity_sdk_2025.6.2/platform/bootloader/security/sha/se_sha.o
                0x08001a1c                sha_x_process
 .text.CMU_ClockEnable
                0x08001ac8       0x34 ./simplicity_sdk_2025.6.2/platform/emlib/src/em_cmu.o
                0x08001ac8                CMU_ClockEnable
 .text.GPIO_PinModeSet
                0x08001afc       0x80 ./simplicity_sdk_2025.6.2/platform/emlib/src/em_gpio.o
                0x08001afc                GPIO_PinModeSet
 .text.mscStatusWait
                0x08001b7c       0x54 ./simplicity_sdk_2025.6.2/platform/emlib/src/em_msc.o
                0x08001b7c                mscStatusWait
 .text.MSC_ErasePage
                0x08001bd0       0x50 ./simplicity_sdk_2025.6.2/platform/emlib/src/em_msc.o
                0x08001bd0                MSC_ErasePage
 .text.MSC_WriteWordDma
                0x08001c20       0xe4 ./simplicity_sdk_2025.6.2/platform/emlib/src/em_msc.o
                0x08001c20                MSC_WriteWordDma
 .text.SYSTEM_ChipRevisionGet
                0x08001d04       0x24 ./simplicity_sdk_2025.6.2/platform/emlib/src/em_system.o
                0x08001d04                SYSTEM_ChipRevisionGet
 .text.sl_se_read_pubkey
                0x08001d28       0x70 ./simplicity_sdk_2025.6.2/platform/security/sl_component/se_manager/src/sl_se_manager_util.o
                0x08001d28                sl_se_read_pubkey
 .text.mbedtls_aes_crypt_ecb
                0x08001d98       0xc8 ./simplicity_sdk_2025.6.2/platform/security/sl_component/sl_mbedtls_support/src/se_aes.o
                0x08001d98                mbedtls_aes_crypt_ecb
 .text.mbedtls_aes_crypt_ctr
                0x08001e60      0x180 ./simplicity_sdk_2025.6.2/platform/security/sl_component/sl_mbedtls_support/src/se_aes.o
                0x08001e60                mbedtls_aes_crypt_ctr
 .text.Default_Handler
                0x08001fe0        0x2 ./simplicity_sdk_2025.6.2/platform/Device/SiliconLabs/EFR32MG24/Source/startup_efr32mg24.o
                0x08001fe0                ULFRCO_IRQHandler
                0x08001fe0                AHB2AHB1_IRQHandler
                0x08001fe0                SW2_IRQHandler
                0x08001fe0                TIMER2_IRQHandler
                0x08001fe0                DebugMon_Handler
                0x08001fe0                USART0_TX_IRQHandler
                0x08001fe0                IADC_IRQHandler
                0x08001fe0                EUSART0_TX_IRQHandler
                0x08001fe0                I2C0_IRQHandler
                0x08001fe0                LFXO_IRQHandler
                0x08001fe0                SMU_SECURE_IRQHandler
                0x08001fe0                SysTick_Handler
                0x08001fe0                SYSRTC_SEQ_IRQHandler
                0x08001fe0                EMUEFP_IRQHandler
                0x08001fe0                PendSV_Handler
                0x08001fe0                NMI_Handler
                0x08001fe0                SYNTH_IRQHandler
                0x08001fe0                HOSTMAILBOX_IRQHandler
                0x08001fe0                HFXO0_IRQHandler
                0x08001fe0                I2C1_IRQHandler
                0x08001fe0                WDOG0_IRQHandler
                0x08001fe0                TIMER3_IRQHandler
                0x08001fe0                SYSCFG_IRQHandler
                0x08001fe0                RFECA1_IRQHandler
                0x08001fe0                EMUDG_IRQHandler
                0x08001fe0                MSC_IRQHandler
                0x08001fe0                DPLL0_IRQHandler
                0x08001fe0                UsageFault_Handler
                0x08001fe0                WDOG1_IRQHandler
                0x08001fe0                M33CTI1_IRQHandler
                0x08001fe0                TIMER4_IRQHandler
                0x08001fe0                GPIO_EVEN_IRQHandler
                0x08001fe0                VDAC0_IRQHandler
                0x08001fe0                LDMA_IRQHandler
                0x08001fe0                SEMBTX_IRQHandler
                0x08001fe0                SW0_IRQHandler
                0x08001fe0                TIMER0_IRQHandler
                0x08001fe0                MVP_IRQHandler
                0x08001fe0                LETIMER0_IRQHandler
                0x08001fe0                EUSART1_RX_IRQHandler
                0x08001fe0                TIMER1_IRQHandler
                0x08001fe0                HFRCO0_IRQHandler
                0x08001fe0                SecureFault_Handler
                0x08001fe0                BUFC_IRQHandler
                0x08001fe0                DCDC_IRQHandler
                0x08001fe0                MODEM_IRQHandler
                0x08001fe0                Default_Handler
                0x08001fe0                RAC_SEQ_IRQHandler
                0x08001fe0                FRC_PRI_IRQHandler
                0x08001fe0                EMU_IRQHandler
                0x08001fe0                SW3_IRQHandler
                0x08001fe0                KERNEL0_IRQHandler
                0x08001fe0                FRC_IRQHandler
                0x08001fe0                PCNT0_IRQHandler
                0x08001fe0                KERNEL1_IRQHandler
                0x08001fe0                AGC_IRQHandler
                0x08001fe0                EUSART1_TX_IRQHandler
                0x08001fe0                KEYSCAN_IRQHandler
                0x08001fe0                HFRCOEM23_IRQHandler
                0x08001fe0                BURTC_IRQHandler
                0x08001fe0                SEMBRX_IRQHandler
                0x08001fe0                RFECA0_IRQHandler
                0x08001fe0                LFRCO_IRQHandler
                0x08001fe0                VDAC1_IRQHandler
                0x08001fe0                ACMP0_IRQHandler
                0x08001fe0                USART0_RX_IRQHandler
                0x08001fe0                MemManage_Handler
                0x08001fe0                AHB2AHB0_IRQHandler
                0x08001fe0                SVC_Handler
                0x08001fe0                SMU_S_PRIVILEGED_IRQHandler
                0x08001fe0                SW1_IRQHandler
                0x08001fe0                CMU_IRQHandler
                0x08001fe0                EUSART0_RX_IRQHandler
                0x08001fe0                RAC_RSM_IRQHandler
                0x08001fe0                SETAMPERHOST_IRQHandler
                0x08001fe0                GPIO_ODD_IRQHandler
                0x08001fe0                AES_IRQHandler
                0x08001fe0                M33CTI0_IRQHandler
                0x08001fe0                ICACHE0_IRQHandler
                0x08001fe0                SMU_NS_PRIVILEGED_IRQHandler
                0x08001fe0                FPUEXH_IRQHandler
                0x08001fe0                PROTIMER_IRQHandler
                0x08001fe0                ACMP1_IRQHandler
                0x08001fe0                BusFault_Handler
                0x08001fe0                MPAHBRAM_IRQHandler
                0x08001fe0                SYSRTC_APP_IRQHandler
 .text.communication_init
                0x08001fe2        0x4 ./simplicity_sdk_2025.6.2/platform/bootloader/communication/bgapi-uart-dfu/btl_comm_bgapi.o
                0x08001fe2                communication_init
 .text.communication_start
                0x08001fe6        0x4 ./simplicity_sdk_2025.6.2/platform/bootloader/communication/bgapi-uart-dfu/btl_comm_bgapi.o
                0x08001fe6                communication_start
 .text.communication_shutdown
                0x08001fea        0x2 ./simplicity_sdk_2025.6.2/platform/bootloader/communication/bgapi-uart-dfu/btl_comm_bgapi.o
                0x08001fea                communication_shutdown
 .text.sendPacket
                0x08001fec        0xc ./simplicity_sdk_2025.6.2/platform/bootloader/communication/bgapi-uart-dfu/btl_comm_bgapi_common.o
 .text.bootloader_bgapi_communication_init
                0x08001ff8        0x4 ./simplicity_sdk_2025.6.2/platform/bootloader/communication/bgapi-uart-dfu/btl_comm_bgapi_common.o
                0x08001ff8                bootloader_bgapi_communication_init
 .text.flashData
                0x08001ffc       0x44 ./simplicity_sdk_2025.6.2/platform/bootloader/core/btl_bootload.o
 .text.bootload_applicationCallback
                0x08002040       0x22 ./simplicity_sdk_2025.6.2/platform/bootloader/core/btl_bootload.o
                0x08002040                bootload_applicationCallback
 .text.bootload_checkApplicationPropertiesVersion
                0x08002062        0xe ./simplicity_sdk_2025.6.2/platform/bootloader/core/btl_bootload.o
                0x08002062                bootload_checkApplicationPropertiesVersion
 .text.getSignatureX
                0x08002070       0x26 ./simplicity_sdk_2025.6.2/platform/bootloader/core/btl_bootload.o
 .text.bootload_getBootloaderVersion
                0x08002096        0xa ./simplicity_sdk_2025.6.2/platform/bootloader/core/btl_bootload.o
                0x08002096                bootload_getBootloaderVersion
 .text.bootload_checkSeUpgradeVersion
                0x080020a0       0x20 ./simplicity_sdk_2025.6.2/platform/bootloader/core/btl_bootload.o
                0x080020a0                bootload_checkSeUpgradeVersion
 .text.btl_init
                0x080020c0        0x4 ./simplicity_sdk_2025.6.2/platform/bootloader/core/btl_core.o
                0x080020c0                btl_init
 .text.btl_deinit
                0x080020c4        0x4 ./simplicity_sdk_2025.6.2/platform/bootloader/core/btl_core.o
                0x080020c4                btl_deinit
 .text.bootToApp
                0x080020c8       0x14 ./simplicity_sdk_2025.6.2/platform/bootloader/core/btl_main.o
 .text.HardFault_Handler
                0x080020dc        0x8 ./simplicity_sdk_2025.6.2/platform/bootloader/core/btl_main.o
                0x080020dc                HardFault_Handler
 .text.core_initParser
                0x080020e4       0x30 ./simplicity_sdk_2025.6.2/platform/bootloader/core/btl_parse.o
                0x080020e4                core_initParser
 .text.core_parseBuffer
                0x08002114       0x30 ./simplicity_sdk_2025.6.2/platform/bootloader/core/btl_parse.o
                0x08002114                core_parseBuffer
 .text.core_parseImageInfo
                0x08002144       0x76 ./simplicity_sdk_2025.6.2/platform/bootloader/core/btl_parse.o
                0x08002144                core_parseImageInfo
 .text.core_parserContextSize
                0x080021ba        0x6 ./simplicity_sdk_2025.6.2/platform/bootloader/core/btl_parse.o
                0x080021ba                core_parserContextSize
 .text.gbl_storeData
                0x080021c0       0x42 ./simplicity_sdk_2025.6.2/platform/bootloader/parser/gbl/btl_gbl_parser.o
 .text.gbl_getData
                0x08002202      0x102 ./simplicity_sdk_2025.6.2/platform/bootloader/parser/gbl/btl_gbl_parser.o
 .text.btl_processAesCtrData
                0x08002304       0x22 ./simplicity_sdk_2025.6.2/platform/bootloader/security/btl_security_aes.o
                0x08002304                btl_processAesCtrData
 .text.btl_updateSha256
                0x08002326        0x4 ./simplicity_sdk_2025.6.2/platform/bootloader/security/btl_security_sha256.o
                0x08002326                btl_updateSha256
 .text.btl_finalizeSha256
                0x0800232a        0x6 ./simplicity_sdk_2025.6.2/platform/bootloader/security/btl_security_sha256.o
                0x0800232a                btl_finalizeSha256
 .text.btl_sha256_init
                0x08002330        0x8 ./simplicity_sdk_2025.6.2/platform/bootloader/security/sha/btl_sha256.o
                0x08002330                btl_sha256_init
 .text.btl_sha256_starts_ret
                0x08002338        0xa ./simplicity_sdk_2025.6.2/platform/bootloader/security/sha/btl_sha256.o
                0x08002338                btl_sha256_starts_ret
 .text.btl_sha256_update_ret
                0x08002342       0x1a ./simplicity_sdk_2025.6.2/platform/bootloader/security/sha/btl_sha256.o
                0x08002342                btl_sha256_update_ret
 .text.btl_sha256_finish_ret
                0x0800235c        0xe ./simplicity_sdk_2025.6.2/platform/bootloader/security/sha/btl_sha256.o
                0x0800235c                btl_sha256_finish_ret
 .text.BUS_RegMaskedWrite
                0x0800236a       0x1e ./simplicity_sdk_2025.6.2/platform/emlib/src/em_gpio.o
 .text.TIMER_SyncWait
                0x08002388        0xe ./simplicity_sdk_2025.6.2/platform/emlib/src/em_timer.o
                0x08002388                TIMER_SyncWait
 .text.TIMER_Init
                0x08002396       0x82 ./simplicity_sdk_2025.6.2/platform/emlib/src/em_timer.o
                0x08002396                TIMER_Init
 .text.sli_se_mailbox_command_add_input
                0x08002418       0x14 ./simplicity_sdk_2025.6.2/platform/security/sl_component/se_manager/src/sli_se_manager_mailbox.o
                0x08002418                sli_se_mailbox_command_add_input
 .text.mbedtls_aes_init
                0x0800242c        0x8 ./simplicity_sdk_2025.6.2/platform/security/sl_component/sl_mbedtls_support/src/se_aes.o
                0x0800242c                mbedtls_aes_init
 .text.mbedtls_aes_setkey_enc
                0x08002434       0x36 ./simplicity_sdk_2025.6.2/platform/security/sl_component/sl_mbedtls_support/src/se_aes.o
                0x08002434                mbedtls_aes_setkey_enc
 .text.memcmp   0x0800246a       0x20 e:/application/siliconlabs/simplicitystudio/v5/developer/toolchains/gnu_arm/12.2.rel1_2023.7/bin/../lib/gcc/arm-none-eabi/12.2.1/thumb/v8-m.main+fp/hard\libc_nano.a(libc_a-memcmp.o)
                0x0800246a                memcmp
 .text.memset   0x0800248a       0x10 e:/application/siliconlabs/simplicitystudio/v5/developer/toolchains/gnu_arm/12.2.rel1_2023.7/bin/../lib/gcc/arm-none-eabi/12.2.1/thumb/v8-m.main+fp/hard\libc_nano.a(libc_a-memset.o)
                0x0800248a                memset
 .text.memcpy   0x0800249a       0x1a e:/application/siliconlabs/simplicitystudio/v5/developer/toolchains/gnu_arm/12.2.rel1_2023.7/bin/../lib/gcc/arm-none-eabi/12.2.1/thumb/v8-m.main+fp/hard\libc_nano.a(libc_a-memcpy-stub.o)
                0x0800249a                memcpy
 *(SORT_BY_ALIGNMENT(text_*))
 text_se_manager_timecritical18160
                0x080024b4       0x14 ./simplicity_sdk_2025.6.2/platform/security/sl_component/se_manager/src/sl_se_manager.o
                0x080024b4                sli_se_lock_acquire
 text_se_manager_timecritical19171
                0x080024c8       0x10 ./simplicity_sdk_2025.6.2/platform/security/sl_component/se_manager/src/sl_se_manager.o
                0x080024c8                sli_se_lock_release
 text_se_manager_timecritical20184
                0x080024d8       0x44 ./simplicity_sdk_2025.6.2/platform/security/sl_component/se_manager/src/sl_se_manager.o
                0x080024d8                sli_se_execute_and_wait
 text_se_manager_timecritical15522
                0x0800251c       0x12 ./simplicity_sdk_2025.6.2/platform/bootloader/core/btl_bootload.o
 text_core_timecritical2307
                0x0800252e        0xa ./simplicity_sdk_2025.6.2/platform/common/src/sl_core_cortexm.o
                0x0800252e                CORE_ExitCritical
 text_core_timecritical4331
                0x08002538        0x8 ./simplicity_sdk_2025.6.2/platform/common/src/sl_core_cortexm.o
                0x08002538                CORE_EnterCritical
 text_se_manager_timecritical17149
                0x08002540       0x5c ./simplicity_sdk_2025.6.2/platform/security/sl_component/se_manager/src/sl_se_manager.o
                0x08002540                sli_se_to_sl_status
 text_se_manager_timecritical13483
                0x0800259c       0x12 ./simplicity_sdk_2025.6.2/platform/security/sl_component/se_manager/src/sli_se_manager_mailbox.o
                0x0800259c                sli_se_mailbox_command_add_parameter
 text_se_manager_timecritical14500
                0x080025ae       0x3a ./simplicity_sdk_2025.6.2/platform/security/sl_component/se_manager/src/sli_se_manager_mailbox.o
                0x080025ae                sli_se_mailbox_execute_command
 text_se_manager_timecritical18224
                0x080025e8       0x14 ./simplicity_sdk_2025.6.2/platform/security/sl_component/se_manager/src/sli_se_manager_mailbox.o
                0x080025e8                sli_se_mailbox_command_add_output
                0x08002600                . = ALIGN (0x20)
 *fill*         0x080025fc        0x4 
                0x08002600                linker_code_end = .
 *(.init)
 .init          0x08002600        0x4 e:/application/siliconlabs/simplicitystudio/v5/developer/toolchains/gnu_arm/12.2.rel1_2023.7/bin/../lib/gcc/arm-none-eabi/12.2.1/thumb/v8-m.main+fp/hard/crti.o
                0x08002600                _init
 .init          0x08002604        0x8 e:/application/siliconlabs/simplicitystudio/v5/developer/toolchains/gnu_arm/12.2.rel1_2023.7/bin/../lib/gcc/arm-none-eabi/12.2.1/thumb/v8-m.main+fp/hard/crtn.o
 *(.fini)
 .fini          0x0800260c        0x4 e:/application/siliconlabs/simplicitystudio/v5/developer/toolchains/gnu_arm/12.2.rel1_2023.7/bin/../lib/gcc/arm-none-eabi/12.2.1/thumb/v8-m.main+fp/hard/crti.o
                0x0800260c                _fini
 .fini          0x08002610        0x8 e:/application/siliconlabs/simplicitystudio/v5/developer/toolchains/gnu_arm/12.2.rel1_2023.7/bin/../lib/gcc/arm-none-eabi/12.2.1/thumb/v8-m.main+fp/hard/crtn.o
 *crtbegin.o(.ctors)
 *crtbegin?.o(.ctors)
 *(EXCLUDE_FILE(*crtend.o *crtend?.o) .ctors)
 *(SORT_BY_NAME(.ctors.*))
 *(.ctors)
 *crtbegin.o(.dtors)
 *crtbegin?.o(.dtors)
 *(EXCLUDE_FILE(*crtend.o *crtend?.o) .dtors)
 *(SORT_BY_NAME(.dtors.*))
 *(.dtors)
 *(.rodata*)
 .rodata        0x08002618       0x10 ./simplicity_sdk_2025.6.2/platform/bootloader/communication/bgapi-uart-dfu/btl_comm_bgapi.o
 .rodata.bootload_checkApplicationPropertiesMagic.str1.1
                0x08002628       0x11 ./simplicity_sdk_2025.6.2/platform/bootloader/core/btl_bootload.o
 *fill*         0x08002639        0x3 
 .rodata.sl_app_properties
                0x0800263c       0x50 ./simplicity_sdk_2025.6.2/platform/bootloader/core/btl_main.o
                0x0800263c                sl_app_properties
 .rodata.mainStageTable
                0x0800268c       0x48 ./simplicity_sdk_2025.6.2/platform/bootloader/core/btl_main.o
                0x0800268c                mainStageTable
 .rodata        0x080026d4       0x11 ./simplicity_sdk_2025.6.2/platform/bootloader/driver/btl_driver_util.o
 *fill*         0x080026e5        0x3 
 .rodata.gblTagParsingInfoStructs
                0x080026e8       0x90 ./simplicity_sdk_2025.6.2/platform/bootloader/parser/gbl/btl_gbl_format.o
                0x080026e8                gblTagParsingInfoStructs
 .rodata.shax_padding
                0x08002778       0x40 ./simplicity_sdk_2025.6.2/platform/bootloader/security/sha/btl_sha256.o
 .rodata.init_state_sha256
                0x080027b8       0x20 ./simplicity_sdk_2025.6.2/platform/bootloader/security/sha/btl_sha256.o
 *(.eh_frame*)
 .eh_frame      0x080027d8        0x0 e:/application/siliconlabs/simplicitystudio/v5/developer/toolchains/gnu_arm/12.2.rel1_2023.7/bin/../lib/gcc/arm-none-eabi/12.2.1/thumb/v8-m.main+fp/hard/crtbegin.o

.glue_7         0x080027d8        0x0
 .glue_7        0x080027d8        0x0 linker stubs

.glue_7t        0x080027d8        0x0
 .glue_7t       0x080027d8        0x0 linker stubs

.vfp11_veneer   0x080027d8        0x0
 .vfp11_veneer  0x080027d8        0x0 linker stubs

.v4_bx          0x080027d8        0x0
 .v4_bx         0x080027d8        0x0 linker stubs

.iplt           0x080027d8        0x0
 .iplt          0x080027d8        0x0 e:/application/siliconlabs/simplicitystudio/v5/developer/toolchains/gnu_arm/12.2.rel1_2023.7/bin/../lib/gcc/arm-none-eabi/12.2.1/thumb/v8-m.main+fp/hard/crtbegin.o

.gnu.sgstubs    0x080027e0        0x0
                0x080027e0                . = ALIGN (0x20)
                0x080027e0                linker_sg_begin = .
 *(.gnu.sgstubs*)
                0x080027e0                . = ALIGN (0x20)
                0x080027e0                linker_sg_end = (linker_sg_begin + SIZEOF (.gnu.sgstubs))

.ARM.extab
 *(.ARM.extab* .gnu.linkonce.armextab.*)
                0x080027e0                __exidx_start = .

.ARM.exidx
 *(.ARM.exidx* .gnu.linkonce.armexidx.*)
                0x080027e0                __exidx_end = .

.copy.table     0x080027d8        0xc
                0x080027d8                . = ALIGN (0x4)
                0x080027d8                __copy_table_start__ = .
                0x080027d8        0x4 LONG 0x80027e4 __etext
                0x080027dc        0x4 LONG 0x200012b4 __data_start__
                0x080027e0        0x4 LONG 0x18 ((__data_end__ - __data_start__) / 0x4)
                0x080027e4                __copy_table_end__ = .

.rel.dyn        0x080027e4        0x0
 .rel.iplt      0x080027e4        0x0 e:/application/siliconlabs/simplicitystudio/v5/developer/toolchains/gnu_arm/12.2.rel1_2023.7/bin/../lib/gcc/arm-none-eabi/12.2.1/thumb/v8-m.main+fp/hard/crtbegin.o

.zero.table     0x080027e4        0x0
                0x080027e4                . = ALIGN (0x4)
                0x080027e4                __zero_table_start__ = .
                0x080027e4                __zero_table_end__ = .
                0x080027e4                __etext = .

.data           0x200012b4       0x60 load address 0x080027e4
                0x200012b4                . = ALIGN (0x4)
                0x200012b4                __data_start__ = .
 *(vtable)
 *(SORT_BY_ALIGNMENT(.data*))
 .data.ldmaRxDesc
                0x200012b4       0x40 ./simplicity_sdk_2025.6.2/platform/bootloader/driver/btl_driver_uart.o
 .data.ldmaTxDesc
                0x200012f4       0x10 ./simplicity_sdk_2025.6.2/platform/bootloader/driver/btl_driver_uart.o
 .data.sl_uart_init_inst
                0x20001304        0x8 ./simplicity_sdk_2025.6.2/platform/bootloader/driver/btl_driver_uart.o
                0x20001304                sl_uart_init_inst
                0x2000130c                . = ALIGN (0x4)
                0x2000130c                . = ALIGN (0x4)
                0x2000130c                PROVIDE (__preinit_array_start = .)
 *(.preinit_array)
                0x2000130c                PROVIDE (__preinit_array_end = .)
                0x2000130c                . = ALIGN (0x4)
                0x2000130c                PROVIDE (__init_array_start = .)
 *(SORT_BY_NAME(.init_array.*))
 *(.init_array)
 .init_array    0x2000130c        0x4 e:/application/siliconlabs/simplicitystudio/v5/developer/toolchains/gnu_arm/12.2.rel1_2023.7/bin/../lib/gcc/arm-none-eabi/12.2.1/thumb/v8-m.main+fp/hard/crtbegin.o
                0x20001310                PROVIDE (__init_array_end = .)
                0x20001310                . = ALIGN (0x4)
                [!provide]                PROVIDE (__fini_array_start = .)
 *(SORT_BY_NAME(.fini_array.*))
 *(.fini_array)
 .fini_array    0x20001310        0x4 e:/application/siliconlabs/simplicitystudio/v5/developer/toolchains/gnu_arm/12.2.rel1_2023.7/bin/../lib/gcc/arm-none-eabi/12.2.1/thumb/v8-m.main+fp/hard/crtbegin.o
                [!provide]                PROVIDE (__fini_array_end = .)
                0x20001314                . = ALIGN (0x4)
                0x20001314                __data_end__ = .
                0x20040000                heap_limit = (ORIGIN (RAM) + LENGTH (RAM))
                0x0003ece8                heap_size = (heap_limit - __HeapBase)

.tm_clone_table
                0x20001314        0x0 load address 0x08002844
 .tm_clone_table
                0x20001314        0x0 e:/application/siliconlabs/simplicitystudio/v5/developer/toolchains/gnu_arm/12.2.rel1_2023.7/bin/../lib/gcc/arm-none-eabi/12.2.1/thumb/v8-m.main+fp/hard/crtbegin.o
 .tm_clone_table
                0x20001314        0x0 e:/application/siliconlabs/simplicitystudio/v5/developer/toolchains/gnu_arm/12.2.rel1_2023.7/bin/../lib/gcc/arm-none-eabi/12.2.1/thumb/v8-m.main+fp/hard/crtend.o

.igot.plt       0x20001314        0x0 load address 0x08002844
 .igot.plt      0x20001314        0x0 e:/application/siliconlabs/simplicitystudio/v5/developer/toolchains/gnu_arm/12.2.rel1_2023.7/bin/../lib/gcc/arm-none-eabi/12.2.1/thumb/v8-m.main+fp/hard/crtbegin.o

.memory_manager_heap
                0x20001314    0x3ecec load address 0x08002844
                0x20001318                . = ALIGN (0x8)
 *fill*         0x20001314        0x4 
                0x20001318                __HeapBase = .
                0x20040000                . = (. + heap_size)
 *fill*         0x20001318    0x3ece8 
                0x20040000                __end__ = .
                0x20040000                _end = __end__
 *(.memory_manager_heap*)
                0x20040000                __HeapLimit = (ORIGIN (RAM) + LENGTH (RAM))
                0x0003ece8                __heap_size = (__HeapLimit - __HeapBase)
                0x20040000                __ram_end__ = 0x20040000
                0x0817e000                __main_flash_end__ = 0x817e000

.internal_storage
 *(.internal_storage*)

.nvm
 *(.simee*)
                0x200012b4                __ramfuncs_start__ = __vma_ramfuncs_start__
                0x200012b4                __ramfuncs_end__ = __vma_ramfuncs_end__
                0x0817e000                linker_nvm_end = __main_flash_end__
                0x0817e000                linker_nvm_begin = (linker_nvm_end - SIZEOF (.nvm))
                0x0817e000                linker_storage_end = __main_flash_end__
                0x0817e000                linker_storage_begin = (linker_storage_end - SIZEOF (.internal_storage))
                0x08002844                __rom_end__ = (__etext + SIZEOF (.data))
                0x00000020                _app_rollback_protection_size = 0x20
                0x00000001                ASSERT (((((ORIGIN (FLASH) + LENGTH (FLASH)) - 0x40) - _app_rollback_protection_size) >= (__etext + SIZEOF (.data))), FLASH memory overflowed !)
OUTPUT(bootloader-uart-bgapi.axf elf32-littlearm)
LOAD linker stubs

.ARM.attributes
                0x00000000       0x36
 .ARM.attributes
                0x00000000       0x26 e:/application/siliconlabs/simplicitystudio/v5/developer/toolchains/gnu_arm/12.2.rel1_2023.7/bin/../lib/gcc/arm-none-eabi/12.2.1/thumb/v8-m.main+fp/hard/crti.o
 .ARM.attributes
                0x00000026       0x38 e:/application/siliconlabs/simplicitystudio/v5/developer/toolchains/gnu_arm/12.2.rel1_2023.7/bin/../lib/gcc/arm-none-eabi/12.2.1/thumb/v8-m.main+fp/hard/crtbegin.o
 .ARM.attributes
                0x0000005e       0x3a ./simplicity_sdk_2025.6.2/platform/Device/SiliconLabs/EFR32MG24/Source/startup_efr32mg24.o
 .ARM.attributes
                0x00000098       0x3a ./simplicity_sdk_2025.6.2/platform/Device/SiliconLabs/EFR32MG24/Source/system_efr32mg24.o
 .ARM.attributes
                0x000000d2       0x3a ./simplicity_sdk_2025.6.2/platform/bootloader/communication/bgapi-uart-dfu/btl_comm_bgapi.o
 .ARM.attributes
                0x0000010c       0x3a ./simplicity_sdk_2025.6.2/platform/bootloader/communication/bgapi-uart-dfu/btl_comm_bgapi_common.o
 .ARM.attributes
                0x00000146       0x3a ./simplicity_sdk_2025.6.2/platform/bootloader/core/btl_bootload.o
 .ARM.attributes
                0x00000180       0x3a ./simplicity_sdk_2025.6.2/platform/bootloader/core/btl_core.o
 .ARM.attributes
                0x000001ba       0x3a ./simplicity_sdk_2025.6.2/platform/bootloader/core/btl_main.o
 .ARM.attributes
                0x000001f4       0x3a ./simplicity_sdk_2025.6.2/platform/bootloader/core/btl_parse.o
 .ARM.attributes
                0x0000022e       0x3a ./simplicity_sdk_2025.6.2/platform/bootloader/core/btl_reset.o
 .ARM.attributes
                0x00000268       0x3a ./simplicity_sdk_2025.6.2/platform/bootloader/core/flash/btl_internal_flash.o
 .ARM.attributes
                0x000002a2       0x3a ./simplicity_sdk_2025.6.2/platform/bootloader/driver/btl_driver_delay.o
 .ARM.attributes
                0x000002dc       0x3a ./simplicity_sdk_2025.6.2/platform/bootloader/driver/btl_driver_uart.o
 .ARM.attributes
                0x00000316       0x3a ./simplicity_sdk_2025.6.2/platform/bootloader/driver/btl_driver_util.o
 .ARM.attributes
                0x00000350       0x3a ./simplicity_sdk_2025.6.2/platform/bootloader/gpio/gpio-activation/btl_gpio_activation_s2.o
 .ARM.attributes
                0x0000038a       0x3a ./simplicity_sdk_2025.6.2/platform/bootloader/parser/gbl/btl_gbl_format.o
 .ARM.attributes
                0x000003c4       0x3a ./simplicity_sdk_2025.6.2/platform/bootloader/parser/gbl/btl_gbl_parser.o
 .ARM.attributes
                0x000003fe       0x3a ./simplicity_sdk_2025.6.2/platform/bootloader/security/btl_crc32.o
 .ARM.attributes
                0x00000438       0x3a ./simplicity_sdk_2025.6.2/platform/bootloader/security/btl_security_aes.o
 .ARM.attributes
                0x00000472       0x3a ./simplicity_sdk_2025.6.2/platform/bootloader/security/btl_security_ecdsa.o
 .ARM.attributes
                0x000004ac       0x3a ./simplicity_sdk_2025.6.2/platform/bootloader/security/btl_security_sha256.o
 .ARM.attributes
                0x000004e6       0x3a ./simplicity_sdk_2025.6.2/platform/bootloader/security/btl_security_tokens.o
 .ARM.attributes
                0x00000520       0x3a ./simplicity_sdk_2025.6.2/platform/bootloader/security/sha/btl_sha256.o
 .ARM.attributes
                0x0000055a       0x3a ./simplicity_sdk_2025.6.2/platform/bootloader/security/sha/se_sha.o
 .ARM.attributes
                0x00000594       0x3a ./simplicity_sdk_2025.6.2/platform/common/src/sl_core_cortexm.o
 .ARM.attributes
                0x000005ce       0x3a ./simplicity_sdk_2025.6.2/platform/emlib/src/em_cmu.o
 .ARM.attributes
                0x00000608       0x3a ./simplicity_sdk_2025.6.2/platform/emlib/src/em_gpio.o
 .ARM.attributes
                0x00000642       0x3a ./simplicity_sdk_2025.6.2/platform/emlib/src/em_msc.o
 .ARM.attributes
                0x0000067c       0x3a ./simplicity_sdk_2025.6.2/platform/emlib/src/em_system.o
 .ARM.attributes
                0x000006b6       0x3a ./simplicity_sdk_2025.6.2/platform/emlib/src/em_timer.o
 .ARM.attributes
                0x000006f0       0x3a ./simplicity_sdk_2025.6.2/platform/security/sl_component/se_manager/src/sl_se_manager.o
 .ARM.attributes
                0x0000072a       0x3a ./simplicity_sdk_2025.6.2/platform/security/sl_component/se_manager/src/sl_se_manager_util.o
 .ARM.attributes
                0x00000764       0x3a ./simplicity_sdk_2025.6.2/platform/security/sl_component/se_manager/src/sli_se_manager_mailbox.o
 .ARM.attributes
                0x0000079e       0x3a ./simplicity_sdk_2025.6.2/platform/security/sl_component/sl_mbedtls_support/src/se_aes.o
 .ARM.attributes
                0x000007d8       0x3a ./simplicity_sdk_2025.6.2/platform/service/memory_manager/src/sl_memory_manager_region.o
 .ARM.attributes
                0x00000812       0x38 e:/application/siliconlabs/simplicitystudio/v5/developer/toolchains/gnu_arm/12.2.rel1_2023.7/bin/../lib/gcc/arm-none-eabi/12.2.1/thumb/v8-m.main+fp/hard\libc_nano.a(libc_a-memcmp.o)
 .ARM.attributes
                0x0000084a       0x38 e:/application/siliconlabs/simplicitystudio/v5/developer/toolchains/gnu_arm/12.2.rel1_2023.7/bin/../lib/gcc/arm-none-eabi/12.2.1/thumb/v8-m.main+fp/hard\libc_nano.a(libc_a-memset.o)
 .ARM.attributes
                0x00000882       0x38 e:/application/siliconlabs/simplicitystudio/v5/developer/toolchains/gnu_arm/12.2.rel1_2023.7/bin/../lib/gcc/arm-none-eabi/12.2.1/thumb/v8-m.main+fp/hard\libc_nano.a(libc_a-memcpy-stub.o)
 .ARM.attributes
                0x000008ba       0x38 e:/application/siliconlabs/simplicitystudio/v5/developer/toolchains/gnu_arm/12.2.rel1_2023.7/bin/../lib/gcc/arm-none-eabi/12.2.1/thumb/v8-m.main+fp/hard/crtend.o
 .ARM.attributes
                0x000008f2       0x26 e:/application/siliconlabs/simplicitystudio/v5/developer/toolchains/gnu_arm/12.2.rel1_2023.7/bin/../lib/gcc/arm-none-eabi/12.2.1/thumb/v8-m.main+fp/hard/crtn.o

.comment        0x00000000       0x45
 .comment       0x00000000       0x45 ./simplicity_sdk_2025.6.2/platform/Device/SiliconLabs/EFR32MG24/Source/startup_efr32mg24.o
                                 0x46 (size before relaxing)
 .comment       0x00000045       0x46 ./simplicity_sdk_2025.6.2/platform/Device/SiliconLabs/EFR32MG24/Source/system_efr32mg24.o
 .comment       0x00000045       0x46 ./simplicity_sdk_2025.6.2/platform/bootloader/communication/bgapi-uart-dfu/btl_comm_bgapi.o
 .comment       0x00000045       0x46 ./simplicity_sdk_2025.6.2/platform/bootloader/communication/bgapi-uart-dfu/btl_comm_bgapi_common.o
 .comment       0x00000045       0x46 ./simplicity_sdk_2025.6.2/platform/bootloader/core/btl_bootload.o
 .comment       0x00000045       0x46 ./simplicity_sdk_2025.6.2/platform/bootloader/core/btl_core.o
 .comment       0x00000045       0x46 ./simplicity_sdk_2025.6.2/platform/bootloader/core/btl_main.o
 .comment       0x00000045       0x46 ./simplicity_sdk_2025.6.2/platform/bootloader/core/btl_parse.o
 .comment       0x00000045       0x46 ./simplicity_sdk_2025.6.2/platform/bootloader/core/btl_reset.o
 .comment       0x00000045       0x46 ./simplicity_sdk_2025.6.2/platform/bootloader/core/flash/btl_internal_flash.o
 .comment       0x00000045       0x46 ./simplicity_sdk_2025.6.2/platform/bootloader/driver/btl_driver_delay.o
 .comment       0x00000045       0x46 ./simplicity_sdk_2025.6.2/platform/bootloader/driver/btl_driver_uart.o
 .comment       0x00000045       0x46 ./simplicity_sdk_2025.6.2/platform/bootloader/driver/btl_driver_util.o
 .comment       0x00000045       0x46 ./simplicity_sdk_2025.6.2/platform/bootloader/gpio/gpio-activation/btl_gpio_activation_s2.o
 .comment       0x00000045       0x46 ./simplicity_sdk_2025.6.2/platform/bootloader/parser/gbl/btl_gbl_format.o
 .comment       0x00000045       0x46 ./simplicity_sdk_2025.6.2/platform/bootloader/parser/gbl/btl_gbl_parser.o
 .comment       0x00000045       0x46 ./simplicity_sdk_2025.6.2/platform/bootloader/security/btl_crc32.o
 .comment       0x00000045       0x46 ./simplicity_sdk_2025.6.2/platform/bootloader/security/btl_security_aes.o
 .comment       0x00000045       0x46 ./simplicity_sdk_2025.6.2/platform/bootloader/security/btl_security_ecdsa.o
 .comment       0x00000045       0x46 ./simplicity_sdk_2025.6.2/platform/bootloader/security/btl_security_sha256.o
 .comment       0x00000045       0x46 ./simplicity_sdk_2025.6.2/platform/bootloader/security/btl_security_tokens.o
 .comment       0x00000045       0x46 ./simplicity_sdk_2025.6.2/platform/bootloader/security/sha/btl_sha256.o
 .comment       0x00000045       0x46 ./simplicity_sdk_2025.6.2/platform/bootloader/security/sha/se_sha.o
 .comment       0x00000045       0x46 ./simplicity_sdk_2025.6.2/platform/common/src/sl_core_cortexm.o
 .comment       0x00000045       0x46 ./simplicity_sdk_2025.6.2/platform/emlib/src/em_cmu.o
 .comment       0x00000045       0x46 ./simplicity_sdk_2025.6.2/platform/emlib/src/em_gpio.o
 .comment       0x00000045       0x46 ./simplicity_sdk_2025.6.2/platform/emlib/src/em_msc.o
 .comment       0x00000045       0x46 ./simplicity_sdk_2025.6.2/platform/emlib/src/em_system.o
 .comment       0x00000045       0x46 ./simplicity_sdk_2025.6.2/platform/emlib/src/em_timer.o
 .comment       0x00000045       0x46 ./simplicity_sdk_2025.6.2/platform/security/sl_component/se_manager/src/sl_se_manager.o
 .comment       0x00000045       0x46 ./simplicity_sdk_2025.6.2/platform/security/sl_component/se_manager/src/sl_se_manager_util.o
 .comment       0x00000045       0x46 ./simplicity_sdk_2025.6.2/platform/security/sl_component/se_manager/src/sli_se_manager_mailbox.o
 .comment       0x00000045       0x46 ./simplicity_sdk_2025.6.2/platform/security/sl_component/sl_mbedtls_support/src/se_aes.o
 .comment       0x00000045       0x46 ./simplicity_sdk_2025.6.2/platform/service/memory_manager/src/sl_memory_manager_region.o

.debug_info     0x00000000    0x3c146
 .debug_info    0x00000000      0xb44 ./simplicity_sdk_2025.6.2/platform/Device/SiliconLabs/EFR32MG24/Source/startup_efr32mg24.o
 .debug_info    0x00000b44     0x1966 ./simplicity_sdk_2025.6.2/platform/Device/SiliconLabs/EFR32MG24/Source/system_efr32mg24.o
 .debug_info    0x000024aa      0xad1 ./simplicity_sdk_2025.6.2/platform/bootloader/communication/bgapi-uart-dfu/btl_comm_bgapi.o
 .debug_info    0x00002f7b      0xd35 ./simplicity_sdk_2025.6.2/platform/bootloader/communication/bgapi-uart-dfu/btl_comm_bgapi_common.o
 .debug_info    0x00003cb0     0x30cf ./simplicity_sdk_2025.6.2/platform/bootloader/core/btl_bootload.o
 .debug_info    0x00006d7f       0xf4 ./simplicity_sdk_2025.6.2/platform/bootloader/core/btl_core.o
 .debug_info    0x00006e73     0x2f90 ./simplicity_sdk_2025.6.2/platform/bootloader/core/btl_main.o
 .debug_info    0x00009e03      0xbf8 ./simplicity_sdk_2025.6.2/platform/bootloader/core/btl_parse.o
 .debug_info    0x0000a9fb      0x767 ./simplicity_sdk_2025.6.2/platform/bootloader/core/btl_reset.o
 .debug_info    0x0000b162     0x128d ./simplicity_sdk_2025.6.2/platform/bootloader/core/flash/btl_internal_flash.o
 .debug_info    0x0000c3ef     0x1942 ./simplicity_sdk_2025.6.2/platform/bootloader/driver/btl_driver_delay.o
 .debug_info    0x0000dd31     0x4589 ./simplicity_sdk_2025.6.2/platform/bootloader/driver/btl_driver_uart.o
 .debug_info    0x000122ba     0x2d8e ./simplicity_sdk_2025.6.2/platform/bootloader/driver/btl_driver_util.o
 .debug_info    0x00015048     0x25e5 ./simplicity_sdk_2025.6.2/platform/bootloader/gpio/gpio-activation/btl_gpio_activation_s2.o
 .debug_info    0x0001762d      0x25e ./simplicity_sdk_2025.6.2/platform/bootloader/parser/gbl/btl_gbl_format.o
 .debug_info    0x0001788b     0x25a4 ./simplicity_sdk_2025.6.2/platform/bootloader/parser/gbl/btl_gbl_parser.o
 .debug_info    0x00019e2f     0x120a ./simplicity_sdk_2025.6.2/platform/bootloader/security/btl_crc32.o
 .debug_info    0x0001b039     0x14b5 ./simplicity_sdk_2025.6.2/platform/bootloader/security/btl_security_aes.o
 .debug_info    0x0001c4ee     0x1275 ./simplicity_sdk_2025.6.2/platform/bootloader/security/btl_security_ecdsa.o
 .debug_info    0x0001d763     0x119a ./simplicity_sdk_2025.6.2/platform/bootloader/security/btl_security_sha256.o
 .debug_info    0x0001e8fd     0x1140 ./simplicity_sdk_2025.6.2/platform/bootloader/security/btl_security_tokens.o
 .debug_info    0x0001fa3d      0x8ef ./simplicity_sdk_2025.6.2/platform/bootloader/security/sha/btl_sha256.o
 .debug_info    0x0002032c     0x1215 ./simplicity_sdk_2025.6.2/platform/bootloader/security/sha/se_sha.o
 .debug_info    0x00021541      0x9d3 ./simplicity_sdk_2025.6.2/platform/common/src/sl_core_cortexm.o
 .debug_info    0x00021f14     0x9fed ./simplicity_sdk_2025.6.2/platform/emlib/src/em_cmu.o
 .debug_info    0x0002bf01     0x2784 ./simplicity_sdk_2025.6.2/platform/emlib/src/em_gpio.o
 .debug_info    0x0002e685     0x3507 ./simplicity_sdk_2025.6.2/platform/emlib/src/em_msc.o
 .debug_info    0x00031b8c     0x1e86 ./simplicity_sdk_2025.6.2/platform/emlib/src/em_system.o
 .debug_info    0x00033a12     0x2d99 ./simplicity_sdk_2025.6.2/platform/emlib/src/em_timer.o
 .debug_info    0x000367ab     0x14f7 ./simplicity_sdk_2025.6.2/platform/security/sl_component/se_manager/src/sl_se_manager.o
 .debug_info    0x00037ca2     0x33c2 ./simplicity_sdk_2025.6.2/platform/security/sl_component/se_manager/src/sl_se_manager_util.o
 .debug_info    0x0003b064      0x408 ./simplicity_sdk_2025.6.2/platform/security/sl_component/se_manager/src/sli_se_manager_mailbox.o
 .debug_info    0x0003b46c      0xb1e ./simplicity_sdk_2025.6.2/platform/security/sl_component/sl_mbedtls_support/src/se_aes.o
 .debug_info    0x0003bf8a      0x1bc ./simplicity_sdk_2025.6.2/platform/service/memory_manager/src/sl_memory_manager_region.o

.debug_abbrev   0x00000000     0x587b
 .debug_abbrev  0x00000000      0x281 ./simplicity_sdk_2025.6.2/platform/Device/SiliconLabs/EFR32MG24/Source/startup_efr32mg24.o
 .debug_abbrev  0x00000281      0x268 ./simplicity_sdk_2025.6.2/platform/Device/SiliconLabs/EFR32MG24/Source/system_efr32mg24.o
 .debug_abbrev  0x000004e9      0x299 ./simplicity_sdk_2025.6.2/platform/bootloader/communication/bgapi-uart-dfu/btl_comm_bgapi.o
 .debug_abbrev  0x00000782      0x2fe ./simplicity_sdk_2025.6.2/platform/bootloader/communication/bgapi-uart-dfu/btl_comm_bgapi_common.o
 .debug_abbrev  0x00000a80      0x4d3 ./simplicity_sdk_2025.6.2/platform/bootloader/core/btl_bootload.o
 .debug_abbrev  0x00000f53       0x8f ./simplicity_sdk_2025.6.2/platform/bootloader/core/btl_core.o
 .debug_abbrev  0x00000fe2      0x449 ./simplicity_sdk_2025.6.2/platform/bootloader/core/btl_main.o
 .debug_abbrev  0x0000142b      0x235 ./simplicity_sdk_2025.6.2/platform/bootloader/core/btl_parse.o
 .debug_abbrev  0x00001660      0x210 ./simplicity_sdk_2025.6.2/platform/bootloader/core/btl_reset.o
 .debug_abbrev  0x00001870      0x1c4 ./simplicity_sdk_2025.6.2/platform/bootloader/core/flash/btl_internal_flash.o
 .debug_abbrev  0x00001a34      0x21e ./simplicity_sdk_2025.6.2/platform/bootloader/driver/btl_driver_delay.o
 .debug_abbrev  0x00001c52      0x3d8 ./simplicity_sdk_2025.6.2/platform/bootloader/driver/btl_driver_uart.o
 .debug_abbrev  0x0000202a      0x15c ./simplicity_sdk_2025.6.2/platform/bootloader/driver/btl_driver_util.o
 .debug_abbrev  0x00002186      0x213 ./simplicity_sdk_2025.6.2/platform/bootloader/gpio/gpio-activation/btl_gpio_activation_s2.o
 .debug_abbrev  0x00002399      0x10a ./simplicity_sdk_2025.6.2/platform/bootloader/parser/gbl/btl_gbl_format.o
 .debug_abbrev  0x000024a3      0x495 ./simplicity_sdk_2025.6.2/platform/bootloader/parser/gbl/btl_gbl_parser.o
 .debug_abbrev  0x00002938       0xd2 ./simplicity_sdk_2025.6.2/platform/bootloader/security/btl_crc32.o
 .debug_abbrev  0x00002a0a      0x241 ./simplicity_sdk_2025.6.2/platform/bootloader/security/btl_security_aes.o
 .debug_abbrev  0x00002c4b      0x1b0 ./simplicity_sdk_2025.6.2/platform/bootloader/security/btl_security_ecdsa.o
 .debug_abbrev  0x00002dfb      0x1fb ./simplicity_sdk_2025.6.2/platform/bootloader/security/btl_security_sha256.o
 .debug_abbrev  0x00002ff6      0x1bb ./simplicity_sdk_2025.6.2/platform/bootloader/security/btl_security_tokens.o
 .debug_abbrev  0x000031b1      0x29e ./simplicity_sdk_2025.6.2/platform/bootloader/security/sha/btl_sha256.o
 .debug_abbrev  0x0000344f      0x1d3 ./simplicity_sdk_2025.6.2/platform/bootloader/security/sha/se_sha.o
 .debug_abbrev  0x00003622      0x27b ./simplicity_sdk_2025.6.2/platform/common/src/sl_core_cortexm.o
 .debug_abbrev  0x0000389d      0x58b ./simplicity_sdk_2025.6.2/platform/emlib/src/em_cmu.o
 .debug_abbrev  0x00003e28      0x37a ./simplicity_sdk_2025.6.2/platform/emlib/src/em_gpio.o
 .debug_abbrev  0x000041a2      0x383 ./simplicity_sdk_2025.6.2/platform/emlib/src/em_msc.o
 .debug_abbrev  0x00004525      0x2aa ./simplicity_sdk_2025.6.2/platform/emlib/src/em_system.o
 .debug_abbrev  0x000047cf      0x367 ./simplicity_sdk_2025.6.2/platform/emlib/src/em_timer.o
 .debug_abbrev  0x00004b36      0x39e ./simplicity_sdk_2025.6.2/platform/security/sl_component/se_manager/src/sl_se_manager.o
 .debug_abbrev  0x00004ed4      0x3a2 ./simplicity_sdk_2025.6.2/platform/security/sl_component/se_manager/src/sl_se_manager_util.o
 .debug_abbrev  0x00005276      0x1db ./simplicity_sdk_2025.6.2/platform/security/sl_component/se_manager/src/sli_se_manager_mailbox.o
 .debug_abbrev  0x00005451      0x326 ./simplicity_sdk_2025.6.2/platform/security/sl_component/sl_mbedtls_support/src/se_aes.o
 .debug_abbrev  0x00005777      0x104 ./simplicity_sdk_2025.6.2/platform/service/memory_manager/src/sl_memory_manager_region.o

.debug_loc      0x00000000     0xd40b
 .debug_loc     0x00000000       0x20 ./simplicity_sdk_2025.6.2/platform/Device/SiliconLabs/EFR32MG24/Source/startup_efr32mg24.o
 .debug_loc     0x00000020      0x327 ./simplicity_sdk_2025.6.2/platform/Device/SiliconLabs/EFR32MG24/Source/system_efr32mg24.o
 .debug_loc     0x00000347       0x5c ./simplicity_sdk_2025.6.2/platform/bootloader/communication/bgapi-uart-dfu/btl_comm_bgapi.o
 .debug_loc     0x000003a3      0x249 ./simplicity_sdk_2025.6.2/platform/bootloader/communication/bgapi-uart-dfu/btl_comm_bgapi_common.o
 .debug_loc     0x000005ec      0xd35 ./simplicity_sdk_2025.6.2/platform/bootloader/core/btl_bootload.o
 .debug_loc     0x00001321      0x14b ./simplicity_sdk_2025.6.2/platform/bootloader/core/btl_main.o
 .debug_loc     0x0000146c      0x28f ./simplicity_sdk_2025.6.2/platform/bootloader/core/btl_parse.o
 .debug_loc     0x000016fb       0xca ./simplicity_sdk_2025.6.2/platform/bootloader/core/btl_reset.o
 .debug_loc     0x000017c5      0x2bd ./simplicity_sdk_2025.6.2/platform/bootloader/core/flash/btl_internal_flash.o
 .debug_loc     0x00001a82      0x1e9 ./simplicity_sdk_2025.6.2/platform/bootloader/driver/btl_driver_delay.o
 .debug_loc     0x00001c6b      0x68c ./simplicity_sdk_2025.6.2/platform/bootloader/driver/btl_driver_uart.o
 .debug_loc     0x000022f7       0xea ./simplicity_sdk_2025.6.2/platform/bootloader/driver/btl_driver_util.o
 .debug_loc     0x000023e1       0x80 ./simplicity_sdk_2025.6.2/platform/bootloader/gpio/gpio-activation/btl_gpio_activation_s2.o
 .debug_loc     0x00002461       0x65 ./simplicity_sdk_2025.6.2/platform/bootloader/parser/gbl/btl_gbl_format.o
 .debug_loc     0x000024c6     0x11f6 ./simplicity_sdk_2025.6.2/platform/bootloader/parser/gbl/btl_gbl_parser.o
 .debug_loc     0x000036bc       0xba ./simplicity_sdk_2025.6.2/platform/bootloader/security/btl_crc32.o
 .debug_loc     0x00003776      0x510 ./simplicity_sdk_2025.6.2/platform/bootloader/security/btl_security_aes.o
 .debug_loc     0x00003c86      0x163 ./simplicity_sdk_2025.6.2/platform/bootloader/security/btl_security_ecdsa.o
 .debug_loc     0x00003de9      0x288 ./simplicity_sdk_2025.6.2/platform/bootloader/security/btl_security_sha256.o
 .debug_loc     0x00004071       0x9c ./simplicity_sdk_2025.6.2/platform/bootloader/security/btl_security_tokens.o
 .debug_loc     0x0000410d      0x8d0 ./simplicity_sdk_2025.6.2/platform/bootloader/security/sha/btl_sha256.o
 .debug_loc     0x000049dd      0x102 ./simplicity_sdk_2025.6.2/platform/bootloader/security/sha/se_sha.o
 .debug_loc     0x00004adf      0x141 ./simplicity_sdk_2025.6.2/platform/common/src/sl_core_cortexm.o
 .debug_loc     0x00004c20     0x4196 ./simplicity_sdk_2025.6.2/platform/emlib/src/em_cmu.o
 .debug_loc     0x00008db6      0x7db ./simplicity_sdk_2025.6.2/platform/emlib/src/em_gpio.o
 .debug_loc     0x00009591      0xa2a ./simplicity_sdk_2025.6.2/platform/emlib/src/em_msc.o
 .debug_loc     0x00009fbb      0x160 ./simplicity_sdk_2025.6.2/platform/emlib/src/em_system.o
 .debug_loc     0x0000a11b      0x530 ./simplicity_sdk_2025.6.2/platform/emlib/src/em_timer.o
 .debug_loc     0x0000a64b      0x47b ./simplicity_sdk_2025.6.2/platform/security/sl_component/se_manager/src/sl_se_manager.o
 .debug_loc     0x0000aac6     0x2183 ./simplicity_sdk_2025.6.2/platform/security/sl_component/se_manager/src/sl_se_manager_util.o
 .debug_loc     0x0000cc49       0xc8 ./simplicity_sdk_2025.6.2/platform/security/sl_component/se_manager/src/sli_se_manager_mailbox.o
 .debug_loc     0x0000cd11      0x694 ./simplicity_sdk_2025.6.2/platform/security/sl_component/sl_mbedtls_support/src/se_aes.o
 .debug_loc     0x0000d3a5       0x66 ./simplicity_sdk_2025.6.2/platform/service/memory_manager/src/sl_memory_manager_region.o

.debug_aranges  0x00000000      0xc70
 .debug_aranges
                0x00000000       0x38 ./simplicity_sdk_2025.6.2/platform/Device/SiliconLabs/EFR32MG24/Source/startup_efr32mg24.o
 .debug_aranges
                0x00000038       0x90 ./simplicity_sdk_2025.6.2/platform/Device/SiliconLabs/EFR32MG24/Source/system_efr32mg24.o
 .debug_aranges
                0x000000c8       0x38 ./simplicity_sdk_2025.6.2/platform/bootloader/communication/bgapi-uart-dfu/btl_comm_bgapi.o
 .debug_aranges
                0x00000100       0x38 ./simplicity_sdk_2025.6.2/platform/bootloader/communication/bgapi-uart-dfu/btl_comm_bgapi_common.o
 .debug_aranges
                0x00000138       0xe8 ./simplicity_sdk_2025.6.2/platform/bootloader/core/btl_bootload.o
 .debug_aranges
                0x00000220       0x28 ./simplicity_sdk_2025.6.2/platform/bootloader/core/btl_core.o
 .debug_aranges
                0x00000248       0x40 ./simplicity_sdk_2025.6.2/platform/bootloader/core/btl_main.o
 .debug_aranges
                0x00000288       0x38 ./simplicity_sdk_2025.6.2/platform/bootloader/core/btl_parse.o
 .debug_aranges
                0x000002c0       0x68 ./simplicity_sdk_2025.6.2/platform/bootloader/core/btl_reset.o
 .debug_aranges
                0x00000328       0x30 ./simplicity_sdk_2025.6.2/platform/bootloader/core/flash/btl_internal_flash.o
 .debug_aranges
                0x00000358       0x38 ./simplicity_sdk_2025.6.2/platform/bootloader/driver/btl_driver_delay.o
 .debug_aranges
                0x00000390       0x68 ./simplicity_sdk_2025.6.2/platform/bootloader/driver/btl_driver_uart.o
 .debug_aranges
                0x000003f8       0x28 ./simplicity_sdk_2025.6.2/platform/bootloader/driver/btl_driver_util.o
 .debug_aranges
                0x00000420       0x20 ./simplicity_sdk_2025.6.2/platform/bootloader/gpio/gpio-activation/btl_gpio_activation_s2.o
 .debug_aranges
                0x00000440       0x20 ./simplicity_sdk_2025.6.2/platform/bootloader/parser/gbl/btl_gbl_format.o
 .debug_aranges
                0x00000460       0x50 ./simplicity_sdk_2025.6.2/platform/bootloader/parser/gbl/btl_gbl_parser.o
 .debug_aranges
                0x000004b0       0x20 ./simplicity_sdk_2025.6.2/platform/bootloader/security/btl_crc32.o
 .debug_aranges
                0x000004d0       0x40 ./simplicity_sdk_2025.6.2/platform/bootloader/security/btl_security_aes.o
 .debug_aranges
                0x00000510       0x20 ./simplicity_sdk_2025.6.2/platform/bootloader/security/btl_security_ecdsa.o
 .debug_aranges
                0x00000530       0x38 ./simplicity_sdk_2025.6.2/platform/bootloader/security/btl_security_sha256.o
 .debug_aranges
                0x00000568       0x30 ./simplicity_sdk_2025.6.2/platform/bootloader/security/btl_security_tokens.o
 .debug_aranges
                0x00000598       0x50 ./simplicity_sdk_2025.6.2/platform/bootloader/security/sha/btl_sha256.o
 .debug_aranges
                0x000005e8       0x20 ./simplicity_sdk_2025.6.2/platform/bootloader/security/sha/se_sha.o
 .debug_aranges
                0x00000608       0xa0 ./simplicity_sdk_2025.6.2/platform/common/src/sl_core_cortexm.o
 .debug_aranges
                0x000006a8      0x208 ./simplicity_sdk_2025.6.2/platform/emlib/src/em_cmu.o
 .debug_aranges
                0x000008b0       0x50 ./simplicity_sdk_2025.6.2/platform/emlib/src/em_gpio.o
 .debug_aranges
                0x00000900       0x80 ./simplicity_sdk_2025.6.2/platform/emlib/src/em_msc.o
 .debug_aranges
                0x00000980       0x78 ./simplicity_sdk_2025.6.2/platform/emlib/src/em_system.o
 .debug_aranges
                0x000009f8       0x48 ./simplicity_sdk_2025.6.2/platform/emlib/src/em_timer.o
 .debug_aranges
                0x00000a40       0x60 ./simplicity_sdk_2025.6.2/platform/security/sl_component/se_manager/src/sl_se_manager.o
 .debug_aranges
                0x00000aa0      0x120 ./simplicity_sdk_2025.6.2/platform/security/sl_component/se_manager/src/sl_se_manager_util.o
 .debug_aranges
                0x00000bc0       0x38 ./simplicity_sdk_2025.6.2/platform/security/sl_component/se_manager/src/sli_se_manager_mailbox.o
 .debug_aranges
                0x00000bf8       0x48 ./simplicity_sdk_2025.6.2/platform/security/sl_component/sl_mbedtls_support/src/se_aes.o
 .debug_aranges
                0x00000c40       0x30 ./simplicity_sdk_2025.6.2/platform/service/memory_manager/src/sl_memory_manager_region.o

.debug_ranges   0x00000000     0x12a0
 .debug_ranges  0x00000000       0x40 ./simplicity_sdk_2025.6.2/platform/Device/SiliconLabs/EFR32MG24/Source/startup_efr32mg24.o
 .debug_ranges  0x00000040       0x80 ./simplicity_sdk_2025.6.2/platform/Device/SiliconLabs/EFR32MG24/Source/system_efr32mg24.o
 .debug_ranges  0x000000c0       0x28 ./simplicity_sdk_2025.6.2/platform/bootloader/communication/bgapi-uart-dfu/btl_comm_bgapi.o
 .debug_ranges  0x000000e8       0x28 ./simplicity_sdk_2025.6.2/platform/bootloader/communication/bgapi-uart-dfu/btl_comm_bgapi_common.o
 .debug_ranges  0x00000110      0x120 ./simplicity_sdk_2025.6.2/platform/bootloader/core/btl_bootload.o
 .debug_ranges  0x00000230       0x18 ./simplicity_sdk_2025.6.2/platform/bootloader/core/btl_core.o
 .debug_ranges  0x00000248       0x48 ./simplicity_sdk_2025.6.2/platform/bootloader/core/btl_main.o
 .debug_ranges  0x00000290       0x28 ./simplicity_sdk_2025.6.2/platform/bootloader/core/btl_parse.o
 .debug_ranges  0x000002b8       0x58 ./simplicity_sdk_2025.6.2/platform/bootloader/core/btl_reset.o
 .debug_ranges  0x00000310       0x20 ./simplicity_sdk_2025.6.2/platform/bootloader/core/flash/btl_internal_flash.o
 .debug_ranges  0x00000330       0x28 ./simplicity_sdk_2025.6.2/platform/bootloader/driver/btl_driver_delay.o
 .debug_ranges  0x00000358       0xa0 ./simplicity_sdk_2025.6.2/platform/bootloader/driver/btl_driver_uart.o
 .debug_ranges  0x000003f8       0x18 ./simplicity_sdk_2025.6.2/platform/bootloader/driver/btl_driver_util.o
 .debug_ranges  0x00000410       0x28 ./simplicity_sdk_2025.6.2/platform/bootloader/gpio/gpio-activation/btl_gpio_activation_s2.o
 .debug_ranges  0x00000438       0x28 ./simplicity_sdk_2025.6.2/platform/bootloader/parser/gbl/btl_gbl_format.o
 .debug_ranges  0x00000460      0x150 ./simplicity_sdk_2025.6.2/platform/bootloader/parser/gbl/btl_gbl_parser.o
 .debug_ranges  0x000005b0       0x10 ./simplicity_sdk_2025.6.2/platform/bootloader/security/btl_crc32.o
 .debug_ranges  0x000005c0       0x30 ./simplicity_sdk_2025.6.2/platform/bootloader/security/btl_security_aes.o
 .debug_ranges  0x000005f0       0x28 ./simplicity_sdk_2025.6.2/platform/bootloader/security/btl_security_ecdsa.o
 .debug_ranges  0x00000618       0x40 ./simplicity_sdk_2025.6.2/platform/bootloader/security/btl_security_sha256.o
 .debug_ranges  0x00000658       0x20 ./simplicity_sdk_2025.6.2/platform/bootloader/security/btl_security_tokens.o
 .debug_ranges  0x00000678       0xc8 ./simplicity_sdk_2025.6.2/platform/bootloader/security/sha/btl_sha256.o
 .debug_ranges  0x00000740       0x10 ./simplicity_sdk_2025.6.2/platform/bootloader/security/sha/se_sha.o
 .debug_ranges  0x00000750       0x90 ./simplicity_sdk_2025.6.2/platform/common/src/sl_core_cortexm.o
 .debug_ranges  0x000007e0      0x410 ./simplicity_sdk_2025.6.2/platform/emlib/src/em_cmu.o
 .debug_ranges  0x00000bf0      0x120 ./simplicity_sdk_2025.6.2/platform/emlib/src/em_gpio.o
 .debug_ranges  0x00000d10      0x110 ./simplicity_sdk_2025.6.2/platform/emlib/src/em_msc.o
 .debug_ranges  0x00000e20       0x80 ./simplicity_sdk_2025.6.2/platform/emlib/src/em_system.o
 .debug_ranges  0x00000ea0       0x88 ./simplicity_sdk_2025.6.2/platform/emlib/src/em_timer.o
 .debug_ranges  0x00000f28       0xa0 ./simplicity_sdk_2025.6.2/platform/security/sl_component/se_manager/src/sl_se_manager.o
 .debug_ranges  0x00000fc8      0x190 ./simplicity_sdk_2025.6.2/platform/security/sl_component/se_manager/src/sl_se_manager_util.o
 .debug_ranges  0x00001158       0x58 ./simplicity_sdk_2025.6.2/platform/security/sl_component/se_manager/src/sli_se_manager_mailbox.o
 .debug_ranges  0x000011b0       0xd0 ./simplicity_sdk_2025.6.2/platform/security/sl_component/sl_mbedtls_support/src/se_aes.o
 .debug_ranges  0x00001280       0x20 ./simplicity_sdk_2025.6.2/platform/service/memory_manager/src/sl_memory_manager_region.o

.debug_line     0x00000000    0x10007
 .debug_line    0x00000000      0x484 ./simplicity_sdk_2025.6.2/platform/Device/SiliconLabs/EFR32MG24/Source/startup_efr32mg24.o
 .debug_line    0x00000484      0x5c8 ./simplicity_sdk_2025.6.2/platform/Device/SiliconLabs/EFR32MG24/Source/system_efr32mg24.o
 .debug_line    0x00000a4c      0x60b ./simplicity_sdk_2025.6.2/platform/bootloader/communication/bgapi-uart-dfu/btl_comm_bgapi.o
 .debug_line    0x00001057      0x70f ./simplicity_sdk_2025.6.2/platform/bootloader/communication/bgapi-uart-dfu/btl_comm_bgapi_common.o
 .debug_line    0x00001766      0xca7 ./simplicity_sdk_2025.6.2/platform/bootloader/core/btl_bootload.o
 .debug_line    0x0000240d      0x1b5 ./simplicity_sdk_2025.6.2/platform/bootloader/core/btl_core.o
 .debug_line    0x000025c2      0x9fe ./simplicity_sdk_2025.6.2/platform/bootloader/core/btl_main.o
 .debug_line    0x00002fc0      0x663 ./simplicity_sdk_2025.6.2/platform/bootloader/core/btl_parse.o
 .debug_line    0x00003623      0x45d ./simplicity_sdk_2025.6.2/platform/bootloader/core/btl_reset.o
 .debug_line    0x00003a80      0x3e4 ./simplicity_sdk_2025.6.2/platform/bootloader/core/flash/btl_internal_flash.o
 .debug_line    0x00003e64      0x3fe ./simplicity_sdk_2025.6.2/platform/bootloader/driver/btl_driver_delay.o
 .debug_line    0x00004262      0xa36 ./simplicity_sdk_2025.6.2/platform/bootloader/driver/btl_driver_uart.o
 .debug_line    0x00004c98      0x37c ./simplicity_sdk_2025.6.2/platform/bootloader/driver/btl_driver_util.o
 .debug_line    0x00005014      0x32c ./simplicity_sdk_2025.6.2/platform/bootloader/gpio/gpio-activation/btl_gpio_activation_s2.o
 .debug_line    0x00005340      0x281 ./simplicity_sdk_2025.6.2/platform/bootloader/parser/gbl/btl_gbl_format.o
 .debug_line    0x000055c1     0x1032 ./simplicity_sdk_2025.6.2/platform/bootloader/parser/gbl/btl_gbl_parser.o
 .debug_line    0x000065f3      0x30c ./simplicity_sdk_2025.6.2/platform/bootloader/security/btl_crc32.o
 .debug_line    0x000068ff      0x58e ./simplicity_sdk_2025.6.2/platform/bootloader/security/btl_security_aes.o
 .debug_line    0x00006e8d      0x44e ./simplicity_sdk_2025.6.2/platform/bootloader/security/btl_security_ecdsa.o
 .debug_line    0x000072db      0x3ca ./simplicity_sdk_2025.6.2/platform/bootloader/security/btl_security_sha256.o
 .debug_line    0x000076a5      0x456 ./simplicity_sdk_2025.6.2/platform/bootloader/security/btl_security_tokens.o
 .debug_line    0x00007afb      0x554 ./simplicity_sdk_2025.6.2/platform/bootloader/security/sha/btl_sha256.o
 .debug_line    0x0000804f      0x41e ./simplicity_sdk_2025.6.2/platform/bootloader/security/sha/se_sha.o
 .debug_line    0x0000846d      0x615 ./simplicity_sdk_2025.6.2/platform/common/src/sl_core_cortexm.o
 .debug_line    0x00008a82     0x2d57 ./simplicity_sdk_2025.6.2/platform/emlib/src/em_cmu.o
 .debug_line    0x0000b7d9      0x642 ./simplicity_sdk_2025.6.2/platform/emlib/src/em_gpio.o
 .debug_line    0x0000be1b      0xa22 ./simplicity_sdk_2025.6.2/platform/emlib/src/em_msc.o
 .debug_line    0x0000c83d      0x4c6 ./simplicity_sdk_2025.6.2/platform/emlib/src/em_system.o
 .debug_line    0x0000cd03      0x832 ./simplicity_sdk_2025.6.2/platform/emlib/src/em_timer.o
 .debug_line    0x0000d535      0x6fe ./simplicity_sdk_2025.6.2/platform/security/sl_component/se_manager/src/sl_se_manager.o
 .debug_line    0x0000dc33     0x130c ./simplicity_sdk_2025.6.2/platform/security/sl_component/se_manager/src/sl_se_manager_util.o
 .debug_line    0x0000ef3f      0x4d2 ./simplicity_sdk_2025.6.2/platform/security/sl_component/se_manager/src/sli_se_manager_mailbox.o
 .debug_line    0x0000f411      0x8d4 ./simplicity_sdk_2025.6.2/platform/security/sl_component/sl_mbedtls_support/src/se_aes.o
 .debug_line    0x0000fce5      0x322 ./simplicity_sdk_2025.6.2/platform/service/memory_manager/src/sl_memory_manager_region.o

.debug_str      0x00000000     0xc70c
 .debug_str     0x00000000      0x70d ./simplicity_sdk_2025.6.2/platform/Device/SiliconLabs/EFR32MG24/Source/startup_efr32mg24.o
                                0x86b (size before relaxing)
 .debug_str     0x0000070d      0xcc0 ./simplicity_sdk_2025.6.2/platform/Device/SiliconLabs/EFR32MG24/Source/system_efr32mg24.o
                                0xfa2 (size before relaxing)
 .debug_str     0x000013cd      0x75f ./simplicity_sdk_2025.6.2/platform/bootloader/communication/bgapi-uart-dfu/btl_comm_bgapi.o
                                0xadb (size before relaxing)
 .debug_str     0x00001b2c      0x31b ./simplicity_sdk_2025.6.2/platform/bootloader/communication/bgapi-uart-dfu/btl_comm_bgapi_common.o
                                0xb94 (size before relaxing)
 .debug_str     0x00001e47      0x9c9 ./simplicity_sdk_2025.6.2/platform/bootloader/core/btl_bootload.o
                               0x1c30 (size before relaxing)
 .debug_str     0x00002810       0x73 ./simplicity_sdk_2025.6.2/platform/bootloader/core/btl_core.o
                                0x23f (size before relaxing)
 .debug_str     0x00002883      0x49d ./simplicity_sdk_2025.6.2/platform/bootloader/core/btl_main.o
                               0x1e70 (size before relaxing)
 .debug_str     0x00002d20       0x80 ./simplicity_sdk_2025.6.2/platform/bootloader/core/btl_parse.o
                                0xaa8 (size before relaxing)
 .debug_str     0x00002da0      0x140 ./simplicity_sdk_2025.6.2/platform/bootloader/core/btl_reset.o
                                0x4bb (size before relaxing)
 .debug_str     0x00002ee0      0x584 ./simplicity_sdk_2025.6.2/platform/bootloader/core/flash/btl_internal_flash.o
                               0x11d9 (size before relaxing)
 .debug_str     0x00003464      0x55d ./simplicity_sdk_2025.6.2/platform/bootloader/driver/btl_driver_delay.o
                               0x122e (size before relaxing)
 .debug_str     0x000039c1     0x21ea ./simplicity_sdk_2025.6.2/platform/bootloader/driver/btl_driver_uart.o
                               0x348f (size before relaxing)
 .debug_str     0x00005bab       0x97 ./simplicity_sdk_2025.6.2/platform/bootloader/driver/btl_driver_util.o
                               0x1da1 (size before relaxing)
 .debug_str     0x00005c42       0x9b ./simplicity_sdk_2025.6.2/platform/bootloader/gpio/gpio-activation/btl_gpio_activation_s2.o
                               0x1b86 (size before relaxing)
 .debug_str     0x00005cdd       0xe0 ./simplicity_sdk_2025.6.2/platform/bootloader/parser/gbl/btl_gbl_format.o
                                0x4c6 (size before relaxing)
 .debug_str     0x00005dbd      0x371 ./simplicity_sdk_2025.6.2/platform/bootloader/parser/gbl/btl_gbl_parser.o
                               0x1108 (size before relaxing)
 .debug_str     0x0000612e      0x1ec ./simplicity_sdk_2025.6.2/platform/bootloader/security/btl_crc32.o
                                0xe97 (size before relaxing)
 .debug_str     0x0000631a      0x148 ./simplicity_sdk_2025.6.2/platform/bootloader/security/btl_security_aes.o
                                0xef7 (size before relaxing)
 .debug_str     0x00006462       0xd8 ./simplicity_sdk_2025.6.2/platform/bootloader/security/btl_security_ecdsa.o
                                0xeb4 (size before relaxing)
 .debug_str     0x0000653a       0xe7 ./simplicity_sdk_2025.6.2/platform/bootloader/security/btl_security_sha256.o
                                0xdbf (size before relaxing)
 .debug_str     0x00006621      0x16e ./simplicity_sdk_2025.6.2/platform/bootloader/security/btl_security_tokens.o
                                0xe95 (size before relaxing)
 .debug_str     0x0000678f      0x142 ./simplicity_sdk_2025.6.2/platform/bootloader/security/sha/btl_sha256.o
                                0x3ec (size before relaxing)
 .debug_str     0x000068d1       0x8a ./simplicity_sdk_2025.6.2/platform/bootloader/security/sha/se_sha.o
                                0xe9a (size before relaxing)
 .debug_str     0x0000695b      0x25b ./simplicity_sdk_2025.6.2/platform/common/src/sl_core_cortexm.o
                                0x548 (size before relaxing)
 .debug_str     0x00006bb6     0x4072 ./simplicity_sdk_2025.6.2/platform/emlib/src/em_cmu.o
                               0x682a (size before relaxing)
 .debug_str     0x0000ac28      0x144 ./simplicity_sdk_2025.6.2/platform/emlib/src/em_gpio.o
                               0x1820 (size before relaxing)
 .debug_str     0x0000ad6c      0x50d ./simplicity_sdk_2025.6.2/platform/emlib/src/em_msc.o
                               0x1d10 (size before relaxing)
 .debug_str     0x0000b279      0x2e5 ./simplicity_sdk_2025.6.2/platform/emlib/src/em_system.o
                               0x15ec (size before relaxing)
 .debug_str     0x0000b55e      0x5b7 ./simplicity_sdk_2025.6.2/platform/emlib/src/em_timer.o
                               0x3370 (size before relaxing)
 .debug_str     0x0000bb15      0x16a ./simplicity_sdk_2025.6.2/platform/security/sl_component/se_manager/src/sl_se_manager.o
                                0xf3b (size before relaxing)
 .debug_str     0x0000bc7f      0x817 ./simplicity_sdk_2025.6.2/platform/security/sl_component/se_manager/src/sl_se_manager_util.o
                               0x1b71 (size before relaxing)
 .debug_str     0x0000c496       0x89 ./simplicity_sdk_2025.6.2/platform/security/sl_component/se_manager/src/sli_se_manager_mailbox.o
                                0x3e0 (size before relaxing)
 .debug_str     0x0000c51f       0xfb ./simplicity_sdk_2025.6.2/platform/security/sl_component/sl_mbedtls_support/src/se_aes.o
                                0x5c8 (size before relaxing)
 .debug_str     0x0000c61a       0xf2 ./simplicity_sdk_2025.6.2/platform/service/memory_manager/src/sl_memory_manager_region.o
                                0x2c8 (size before relaxing)

.debug_frame    0x00000000     0x1e18
 .debug_frame   0x00000000       0x58 ./simplicity_sdk_2025.6.2/platform/Device/SiliconLabs/EFR32MG24/Source/startup_efr32mg24.o
 .debug_frame   0x00000058      0x108 ./simplicity_sdk_2025.6.2/platform/Device/SiliconLabs/EFR32MG24/Source/system_efr32mg24.o
 .debug_frame   0x00000160       0x60 ./simplicity_sdk_2025.6.2/platform/bootloader/communication/bgapi-uart-dfu/btl_comm_bgapi.o
 .debug_frame   0x000001c0       0x70 ./simplicity_sdk_2025.6.2/platform/bootloader/communication/bgapi-uart-dfu/btl_comm_bgapi_common.o
 .debug_frame   0x00000230      0x290 ./simplicity_sdk_2025.6.2/platform/bootloader/core/btl_bootload.o
 .debug_frame   0x000004c0       0x30 ./simplicity_sdk_2025.6.2/platform/bootloader/core/btl_core.o
 .debug_frame   0x000004f0       0x78 ./simplicity_sdk_2025.6.2/platform/bootloader/core/btl_main.o
 .debug_frame   0x00000568       0x88 ./simplicity_sdk_2025.6.2/platform/bootloader/core/btl_parse.o
 .debug_frame   0x000005f0       0xd0 ./simplicity_sdk_2025.6.2/platform/bootloader/core/btl_reset.o
 .debug_frame   0x000006c0       0x60 ./simplicity_sdk_2025.6.2/platform/bootloader/core/flash/btl_internal_flash.o
 .debug_frame   0x00000720       0x74 ./simplicity_sdk_2025.6.2/platform/bootloader/driver/btl_driver_delay.o
 .debug_frame   0x00000794      0x104 ./simplicity_sdk_2025.6.2/platform/bootloader/driver/btl_driver_uart.o
 .debug_frame   0x00000898       0x44 ./simplicity_sdk_2025.6.2/platform/bootloader/driver/btl_driver_util.o
 .debug_frame   0x000008dc       0x28 ./simplicity_sdk_2025.6.2/platform/bootloader/gpio/gpio-activation/btl_gpio_activation_s2.o
 .debug_frame   0x00000904       0x2c ./simplicity_sdk_2025.6.2/platform/bootloader/parser/gbl/btl_gbl_format.o
 .debug_frame   0x00000930       0xfc ./simplicity_sdk_2025.6.2/platform/bootloader/parser/gbl/btl_gbl_parser.o
 .debug_frame   0x00000a2c       0x2c ./simplicity_sdk_2025.6.2/platform/bootloader/security/btl_crc32.o
 .debug_frame   0x00000a58       0x88 ./simplicity_sdk_2025.6.2/platform/bootloader/security/btl_security_aes.o
 .debug_frame   0x00000ae0       0x3c ./simplicity_sdk_2025.6.2/platform/bootloader/security/btl_security_ecdsa.o
 .debug_frame   0x00000b1c       0x64 ./simplicity_sdk_2025.6.2/platform/bootloader/security/btl_security_sha256.o
 .debug_frame   0x00000b80       0x58 ./simplicity_sdk_2025.6.2/platform/bootloader/security/btl_security_tokens.o